Microchip MPLAB XC8 Compiler V1.42 ()

Linker command line:

-W-3 --edf=D:\Program Files (x86)\Microchip\xc8\v1.42\dat\en_msgs.txt -cs \
  -h+dist/default/production\SD_IO.X.production.sym \
  --cmf=dist/default/production\SD_IO.X.production.cmf -z -Q18F4620 \
  -oC:\Users\Admin\AppData\Local\Temp\stag.2 \
  -Mdist/default/production/SD_IO.X.production.map -E1 -ver=XC8 \
  -ASTACK=0AEh-0b7fh -pstack=STACK -ACODE=00h-0FFFFh -ACONST=00h-0FFFFh \
  -ASMALLCONST=01000h-010FFhx240 -AMEDIUMCONST=01000h-0FFFFh \
  -ACOMRAM=01h-07Fh -AABS1=00h-0F7Fh -ABIGRAM=01h-0F7Fh \
  -ARAM=080h-0FFh,0100h-01FFhx14,0F00h-0F7Fh -ABANK0=080h-0FFh \
  -ABANK1=0100h-01FFh -ABANK2=0200h-02FFh -ABANK3=0300h-03FFh \
  -ABANK4=0400h-04FFh -ABANK5=0500h-05FFh -ABANK6=0600h-06FFh \
  -ABANK7=0700h-07FFh -ABANK8=0800h-08FFh -ABANK9=0900h-09FFh \
  -ABANK10=0A00h-0AFFh -ABANK11=0B00h-0BFFh -ABANK12=0C00h-0CFFh \
  -ABANK13=0D00h-0DFFh -ABANK14=0E00h-0EFFh -ABANK15=0F00h-0F7Fh \
  -ASFR=0F80h-0FFFh -preset_vec=00h,intcode,intcodelo,powerup,init \
  -pramtop=01000h -psmallconst=SMALLCONST -pmediumconst=MEDIUMCONST \
  -pconst=CONST -AFARRAM=00h-00h -ACONFIG=0300000h-030000Dh -pconfig=CONFIG \
  -AIDLOC=0200000h-0200007h -pidloc=IDLOC -AEEDATA=0F00000h-0F003FFh \
  -peeprom_data=EEDATA \
  -prdata=COMRAM,nvrram=COMRAM,nvbit=COMRAM,rbss=COMRAM,rbit=COMRAM \
  -pfarbss=FARRAM,fardata=FARRAM,nvFARRAM=FARRAM \
  -pintsave_regs=BIGRAM,bigbss=BIGRAM,bigdata=BIGRAM -pbss=RAM \
  -pidata=CODE,irdata=CODE,ibigdata=CODE,ifardata=CODE -prparam=COMRAM \
  C:\Users\Admin\AppData\Local\Temp\stag.obj \
  dist/default/production\SD_IO.X.production.obj 

Object code version is 3.11

Machine type is 18F4620

Call graph: (short form)




                Name                               Link     Load   Length Selector   Space Scale
C:\Users\Admin\AppData\Local\Temp\stag.obj
                init                                  0        0        4        0       0
                idloc                            200000   200000        8   200000       0
                config                           300000   300000        E   300000       0
dist/default/production\SD_IO.X.production.obj
                smallconst                         1000     1000       F2      800       0
                text34                             2DB0     2DB0       24      879       0
                text33                             2E3A     2E3A        8      879       0
                text32                             2E30     2E30        A      879       0
                text31                             2702     2702       90      879       0
                text30                             281C     281C       8A      879       0
                text29                             2792     2792       8A      879       0
                text28                             2A24     2A24       6C      879       0
                text27                             2D64     2D64       28      879       0
                text26                             2DF0     2DF0       18      879       0
                text25                             20E8     20E8      104      879       0
                text24                             2C8C     2C8C       3A      879       0
                text23                             29A6     29A6       7E      879       0
                text22                             2D34     2D34       30      879       0
                text21                             2598     2598       BC      879       0
                text20                             24BA     24BA       DE      879       0
                text19                             28A6     28A6       82      879       0
                text18                             2A90     2A90       6A      879       0
                text17                             2928     2928       7E      879       0
                text16                             2E1C     2E1C       14      879       0
                text15                             2BBC     2BBC       4C      879       0
                text14                             2654     2654       AE      879       0
                text13                             23D4     23D4       E6      879       0
                text12                             22E0     22E0       F4      879       0
                text11                             21EC     21EC       F4      879       0
                text10                             2B60     2B60       5C      879       0
                text9                              2D8C     2D8C       24      879       0
                text8                              2CC6     2CC6       38      879       0
                text7                              10F2     10F2      810      879       0
                text6                              2DD4     2DD4       1C      879       0
                text5                              2C4C     2C4C       40      879       0
                text4                              2C08     2C08       44      879       0
                text3                              2AFA     2AFA       66      879       0
                text2                              2E08     2E08       14      879       0
                text1                              1EE8     1EE8      200      879       0
                text0                              1902     1902      5E6      879       0
                cstackCOMRAM                          1        1       6D        1       1
                bssBIGRAM                           B80      B80      400      B80       1
                bssBANK0                             80       80       2E       80       1
                bssCOMRAM                            6E       6E       12        1       1
                cinit                              2CFE     2CFE       36      879       0

TOTAL           Name                               Link     Load   Length     Space
        CLASS   STACK          

        CLASS   CODE           
                init                                  0        0        4         0
                text34                             2DB0     2DB0       24         0
                text33                             2E3A     2E3A        8         0
                text32                             2E30     2E30        A         0
                text31                             2702     2702       90         0
                text30                             281C     281C       8A         0
                text29                             2792     2792       8A         0
                text28                             2A24     2A24       6C         0
                text27                             2D64     2D64       28         0
                text26                             2DF0     2DF0       18         0
                text25                             20E8     20E8      104         0
                text24                             2C8C     2C8C       3A         0
                text23                             29A6     29A6       7E         0
                text22                             2D34     2D34       30         0
                text21                             2598     2598       BC         0
                text20                             24BA     24BA       DE         0
                text19                             28A6     28A6       82         0
                text18                             2A90     2A90       6A         0
                text17                             2928     2928       7E         0
                text16                             2E1C     2E1C       14         0
                text15                             2BBC     2BBC       4C         0
                text14                             2654     2654       AE         0
                text13                             23D4     23D4       E6         0
                text12                             22E0     22E0       F4         0
                text11                             21EC     21EC       F4         0
                text10                             2B60     2B60       5C         0
                text9                              2D8C     2D8C       24         0
                text8                              2CC6     2CC6       38         0
                text7                              10F2     10F2      810         0
                text6                              2DD4     2DD4       1C         0
                text5                              2C4C     2C4C       40         0
                text4                              2C08     2C08       44         0
                text3                              2AFA     2AFA       66         0
                text2                              2E08     2E08       14         0
                text1                              1EE8     1EE8      200         0
                text0                              1902     1902      5E6         0
                cinit                              2CFE     2CFE       36         0

        CLASS   CONST          

        CLASS   SMALLCONST     
                smallconst                         1000     1000       F2         0

        CLASS   MEDIUMCONST    

        CLASS   COMRAM         
                cstackCOMRAM                          1        1       6D         1
                bssCOMRAM                            6E       6E       12         1

        CLASS   ABS1           

        CLASS   BIGRAM         
                bssBIGRAM                           B80      B80      400         1

        CLASS   RAM            

        CLASS   BANK0          
                bssBANK0                             80       80       2E         1

        CLASS   BANK1          

        CLASS   BANK2          

        CLASS   BANK3          

        CLASS   BANK4          

        CLASS   BANK5          

        CLASS   BANK6          

        CLASS   BANK7          

        CLASS   BANK8          

        CLASS   BANK9          

        CLASS   BANK10         

        CLASS   BANK11         

        CLASS   BANK12         

        CLASS   BANK13         

        CLASS   BANK14         

        CLASS   BANK15         

        CLASS   SFR            

        CLASS   FARRAM         

        CLASS   CONFIG         
                config                           300000   300000        E         0

        CLASS   IDLOC          
                idloc                            200000   200000        8         0

        CLASS   EEDATA         



SEGMENTS        Name                           Load    Length   Top    Selector   Space  Class

                reset_vec                      000000  000004  000004         0       0  CODE    
                cstackCOMRAM                   000001  00007F  000080         1       1  COMRAM  
                bssBANK0                       000080  00002E  0000AE        80       1  BANK0   
                bssBIGRAM                      000B80  000400  000F80       B80       1  BIGRAM  
                smallconst                     001000  0000F2  0010F2       800       0  SMALLCON
                text7                          0010F2  001D50  002E42       879       0  CODE    
                idloc                          200000  000008  200008    200000       0  IDLOC   
                config                         300000  00000E  30000E    300000       0  CONFIG  


UNUSED ADDRESS RANGES

        Name                Unused          Largest block    Delta
        BANK0            0000AE-0000FF               52
        BANK1            000100-0001FF              100
        BANK10           000A00-000AFF              100
        BANK11           000B00-000B7F               80
        BANK2            000200-0002FF              100
        BANK3            000300-0003FF              100
        BANK4            000400-0004FF              100
        BANK5            000500-0005FF              100
        BANK6            000600-0006FF              100
        BANK7            000700-0007FF              100
        BANK8            000800-0008FF              100
        BANK9            000900-0009FF              100
        BIGRAM           0000AE-000B7F              AD2
        CODE             000004-000FFF              FFC
                         002E42-00FFFF             D1BE
        CONST            000004-000FFF              FFC
                         002E42-00FFFF             D1BE
        EEDATA           F00000-F003FF              400
        MEDIUMCONST      002E42-00FFFF             D1BE
        RAM              0000AE-000B7F              100
        SFR              000F80-000FFF               80
        SMALLCONST       002E42-00FFFF              100
        STACK            0000AE-000B7F              AD2

                                  Symbol Table

?___ftdiv                     cstackCOMRAM 00000C
?___ftmul                     cstackCOMRAM 000012
?___ftpack                    cstackCOMRAM 000001
?___fttol                     cstackCOMRAM 000021
?___lldiv                     cstackCOMRAM 000001
?___llmod                     cstackCOMRAM 00000E
?___lltoft                    cstackCOMRAM 000009
?___lwtoft                    cstackCOMRAM 000009
?_printf                      cstackCOMRAM 000019
SD_ACMD@arg                   cstackCOMRAM 00000D
SD_ACMD@cmd                   cstackCOMRAM 000011
SD_Command@arg                cstackCOMRAM 000004
SD_Command@cmd                cstackCOMRAM 00000A
SD_Command@n                  cstackCOMRAM 00000C
SD_Command@ptr                cstackCOMRAM 000008
SD_Command@response           cstackCOMRAM 00000B
SD_EraseBlocks@firstBlock     cstackCOMRAM 00000D
SD_EraseBlocks@lastBlock      cstackCOMRAM 000011
SD_MBR_Receive@bufReceive     cstackCOMRAM 000004
SD_MBR_Receive@i              cstackCOMRAM 000007
SD_MBR_Start@response         cstackCOMRAM 000012
SD_MBR_Start@startBlock       cstackCOMRAM 00000D
SD_MBW_Send@arrWrite          cstackCOMRAM 00000D
SD_MBW_Send@i                 cstackCOMRAM 000011
SD_MBW_Send@response          cstackCOMRAM 000010
SD_MBW_Send@status            cstackCOMRAM 00000F
SD_MBW_Start@numBlocks        cstackCOMRAM 000016
SD_MBW_Start@startBlock       cstackCOMRAM 000012
SD_SendDummyBytes@n           cstackCOMRAM 000005
SD_SendDummyBytes@numBytes    cstackCOMRAM 000004
SD_SingleBlockRead@block      cstackCOMRAM 00000D
SD_SingleBlockRead@buf        cstackCOMRAM 000011
SD_SingleBlockRead@i          cstackCOMRAM 000014
SD_SingleBlockRead@response   cstackCOMRAM 000016
SD_SingleBlockWrite@arr       cstackCOMRAM 000011
SD_SingleBlockWrite@block     cstackCOMRAM 00000D
SD_SingleBlockWrite@i         cstackCOMRAM 000015
SD_SingleBlockWrite@response  cstackCOMRAM 000014
_ACMD22                       smallconst   001031
_ACMD23                       smallconst   001030
_ACMD41                       smallconst   00102F
_ADCON0                       (abs)        000FC2
_ADCON1                       (abs)        000FC1
_ADCON2                       (abs)        000FC0
_CMCONbits                    (abs)        000FB4
_CMD0                         smallconst   001044
_CMD0CRC                      smallconst   001043
_CMD1                         smallconst   001042
_CMD10                        smallconst   00103E
_CMD12                        smallconst   00103D
_CMD13                        smallconst   00103C
_CMD16                        smallconst   00103B
_CMD17                        smallconst   00103A
_CMD18                        smallconst   001039
_CMD24                        smallconst   001038
_CMD25                        smallconst   001037
_CMD32                        smallconst   001036
_CMD33                        smallconst   001035
_CMD38                        smallconst   001034
_CMD55                        smallconst   001033
_CMD58                        smallconst   001032
_CMD8                         smallconst   001041
_CMD8CRC                      smallconst   001040
_CMD9                         smallconst   00103F
_CVRCON                       (abs)        000FB5
_INT1IE                       (abs)        007F83
_INTCONbits                   (abs)        000FF2
_LATA                         (abs)        000F89
_LATB                         (abs)        000F8A
_LATC                         (abs)        000F8B
_LATD                         (abs)        000F8C
_LATDbits                     (abs)        000F8C
_LATE                         (abs)        000F8D
_LATEbits                     (abs)        000F8D
_LCD_HORZ_LIMIT               smallconst   00104A
_LCD_LEFT                     smallconst   001045
_LCD_RIGHT                    smallconst   001046
_LCD_SIZE_HORZ                smallconst   001048
_LCD_SIZE_VERT                smallconst   001047
_LCD_VERT_LIMIT               smallconst   001049
_LCDinterruptState            bssCOMRAM    00007F
_OSCCON                       (abs)        000FD3
_OSCCONbits                   (abs)        000FD3
_OSCTUNE                      (abs)        000F9B
_OSCTUNEbits                  (abs)        000F9B
_PEIE                         (abs)        007F96
_R1_IDLE_STATE                smallconst   00102D
_R1_ILLEGAL_COMMAND           smallconst   00102C
_R1_READY_STATE               smallconst   00102E
_SDCard                       bssBANK0     000080
_SD_ACMD                      text24       002C8C
_SD_Command                   text31       002702
_SD_EraseBlocks               text30       00281C
_SD_MBR_Receive               text29       002792
_SD_MBR_Start                 text28       002A24
_SD_MBR_Stop                  text27       002D64
_SD_MBW_Send                  text25       0020E8
_SD_MBW_Start                 text23       0029A6
_SD_MBW_Stop                  text22       002D34
_SD_SendDummyBytes            text26       002DF0
_SD_SingleBlockRead           text21       002598
_SD_SingleBlockWrite          text20       0024BA
_SSPBUF                       (abs)        000FC9
_SSPCON1                      (abs)        000FC6
_SSPCON1bits                  (abs)        000FC6
_SSPIF                        (abs)        007CF3
_SSPSTAT                      (abs)        000FC7
_SSPSTATbits                  (abs)        000FC7
_START_BLOCK                  smallconst   00102B
_START_BLOCK_TOKEN            smallconst   00102A
_STOP_TRAN                    smallconst   001029
_TRISA                        (abs)        000F92
_TRISB                        (abs)        000F93
_TRISC                        (abs)        000F94
_TRISCbits                    (abs)        000F94
_TRISD                        (abs)        000F95
_TRISE                        (abs)        000F96
_TRISEbits                    (abs)        000F96
__CFG_BOREN$SBORDIS           (abs)        000000
__CFG_BORV$3                  (abs)        000000
__CFG_CCP2MX$PORTC            (abs)        000000
__CFG_CP0$OFF                 (abs)        000000
__CFG_CP1$OFF                 (abs)        000000
__CFG_CP2$OFF                 (abs)        000000
__CFG_CP3$OFF                 (abs)        000000
__CFG_CPB$OFF                 (abs)        000000
__CFG_CPD$ON                  (abs)        000000
__CFG_EBTR0$OFF               (abs)        000000
__CFG_EBTR1$OFF               (abs)        000000
__CFG_EBTR2$OFF               (abs)        000000
__CFG_EBTR3$OFF               (abs)        000000
__CFG_EBTRB$OFF               (abs)        000000
__CFG_FCMEN$OFF               (abs)        000000
__CFG_IESO$OFF                (abs)        000000
__CFG_LPT1OSC$OFF             (abs)        000000
__CFG_LVP$OFF                 (abs)        000000
__CFG_MCLRE$ON                (abs)        000000
__CFG_OSC$HSPLL               (abs)        000000
__CFG_PBADEN$ON               (abs)        000000
__CFG_PWRT$OFF                (abs)        000000
__CFG_STVREN$ON               (abs)        000000
__CFG_WDT$OFF                 (abs)        000000
__CFG_WDTPS$32768             (abs)        000000
__CFG_WRT0$OFF                (abs)        000000
__CFG_WRT1$OFF                (abs)        000000
__CFG_WRT2$OFF                (abs)        000000
__CFG_WRT3$OFF                (abs)        000000
__CFG_WRTB$OFF                (abs)        000000
__CFG_WRTC$OFF                (abs)        000000
__CFG_WRTD$OFF                (abs)        000000
__CFG_XINST$OFF               (abs)        000000
__HRAM                        (abs)        000000
__Habs1                       abs1         000000
__Hbank0                      bank0        000000
__Hbank1                      bank1        000000
__Hbank10                     bank10       000000
__Hbank11                     bank11       000000
__Hbank12                     bank12       000000
__Hbank13                     bank13       000000
__Hbank14                     bank14       000000
__Hbank15                     bank15       000000
__Hbank2                      bank2        000000
__Hbank3                      bank3        000000
__Hbank4                      bank4        000000
__Hbank5                      bank5        000000
__Hbank6                      bank6        000000
__Hbank7                      bank7        000000
__Hbank8                      bank8        000000
__Hbank9                      bank9        000000
__Hbigbss                     bigbss       000000
__Hbigdata                    bigdata      000000
__Hbigram                     bigram       000000
__Hbss                        bss          000000
__HbssBANK0                   bssBANK0     000000
__HbssBIGRAM                  bssBIGRAM    000000
__HbssCOMRAM                  bssCOMRAM    000000
__Hcinit                      cinit        000000
__Hclrtext                    clrtext      000000
__Hcomram                     comram       000000
__Hconfig                     config       30000E
__Hconst                      const        000000
__HcstackCOMRAM               cstackCOMRAM 000000
__Hdata                       data         000000
__Heeprom_data                eeprom_data  000000
__Hfarbss                     farbss       000000
__Hfardata                    fardata      000000
__Hibigdata                   ibigdata     000000
__Hidata                      idata        000000
__Hidloc                      idloc        200008
__Hifardata                   ifardata     000000
__Hinit                       init         000004
__Hintcode                    intcode      000000
__Hintcode_body               intcode_body 000000
__Hintcodelo                  intcodelo    000000
__Hintentry                   intentry     000000
__Hintret                     intret       000000
__Hintsave_regs               intsave_regs 000000
__Hirdata                     irdata       000000
__Hmediumconst                mediumconst  000000
__HnvFARRAM                   nvFARRAM     000000
__Hnvbit                      nvbit        000000
__Hnvrram                     nvrram       000000
__Hparam                      rparam       000000
__Hpowerup                    powerup      000000
__Hram                        ram          000000
__Hramtop                     ramtop       001000
__Hrbit                       rbit         000000
__Hrbss                       rbss         000000
__Hrdata                      rdata        000000
__Hreset_vec                  reset_vec    000000
__Hrparam                     rparam       000000
__Hsfr                        sfr          000000
__Hsmallconst                 smallconst   0010F2
__Hspace_0                    (abs)        30000E
__Hspace_1                    (abs)        000F80
__Hspace_2                    (abs)        000000
__Hstack                      stack        000000
__Hstruct                     struct       000000
__Htemp                       temp         000000
__Htext                       text         000000
__Htext0                      text0        000000
__Htext1                      text1        000000
__Htext10                     text10       000000
__Htext11                     text11       000000
__Htext12                     text12       000000
__Htext13                     text13       000000
__Htext14                     text14       000000
__Htext15                     text15       000000
__Htext16                     text16       000000
__Htext17                     text17       000000
__Htext18                     text18       000000
__Htext19                     text19       000000
__Htext2                      text2        000000
__Htext20                     text20       000000
__Htext21                     text21       000000
__Htext22                     text22       000000
__Htext23                     text23       000000
__Htext24                     text24       000000
__Htext25                     text25       000000
__Htext26                     text26       000000
__Htext27                     text27       000000
__Htext28                     text28       000000
__Htext29                     text29       000000
__Htext3                      text3        000000
__Htext30                     text30       000000
__Htext31                     text31       000000
__Htext32                     text32       000000
__Htext33                     text33       000000
__Htext34                     text34       000000
__Htext4                      text4        000000
__Htext5                      text5        000000
__Htext6                      text6        000000
__Htext7                      text7        000000
__Htext8                      text8        000000
__Htext9                      text9        000000
__LRAM                        (abs)        000001
__Labs1                       abs1         000000
__Lbank0                      bank0        000000
__Lbank1                      bank1        000000
__Lbank10                     bank10       000000
__Lbank11                     bank11       000000
__Lbank12                     bank12       000000
__Lbank13                     bank13       000000
__Lbank14                     bank14       000000
__Lbank15                     bank15       000000
__Lbank2                      bank2        000000
__Lbank3                      bank3        000000
__Lbank4                      bank4        000000
__Lbank5                      bank5        000000
__Lbank6                      bank6        000000
__Lbank7                      bank7        000000
__Lbank8                      bank8        000000
__Lbank9                      bank9        000000
__Lbigbss                     bigbss       000000
__Lbigdata                    bigdata      000000
__Lbigram                     bigram       000000
__Lbss                        bss          000000
__LbssBANK0                   bssBANK0     000000
__LbssBIGRAM                  bssBIGRAM    000000
__LbssCOMRAM                  bssCOMRAM    000000
__Lcinit                      cinit        000000
__Lclrtext                    clrtext      000000
__Lcomram                     comram       000000
__Lconfig                     config       300000
__Lconst                      const        000000
__LcstackCOMRAM               cstackCOMRAM 000000
__Ldata                       data         000000
__Leeprom_data                eeprom_data  000000
__Lfarbss                     farbss       000000
__Lfardata                    fardata      000000
__Libigdata                   ibigdata     000000
__Lidata                      idata        000000
__Lidloc                      idloc        200000
__Lifardata                   ifardata     000000
__Linit                       init         000000
__Lintcode                    intcode      000000
__Lintcode_body               intcode_body 000000
__Lintcodelo                  intcodelo    000000
__Lintentry                   intentry     000000
__Lintret                     intret       000000
__Lintsave_regs               intsave_regs 000000
__Lirdata                     irdata       000000
__Lmediumconst                mediumconst  000000
__LnvFARRAM                   nvFARRAM     000000
__Lnvbit                      nvbit        000000
__Lnvrram                     nvrram       000000
__Lparam                      rparam       000000
__Lpowerup                    powerup      000000
__Lram                        ram          000000
__Lramtop                     ramtop       001000
__Lrbit                       rbit         000000
__Lrbss                       rbss         000000
__Lrdata                      rdata        000000
__Lreset_vec                  reset_vec    000000
__Lrparam                     rparam       000000
__Lsfr                        sfr          000000
__Lsmallconst                 smallconst   001000
__Lspace_0                    (abs)        000000
__Lspace_1                    (abs)        000000
__Lspace_2                    (abs)        000000
__Lstack                      stack        000000
__Lstruct                     struct       000000
__Ltemp                       temp         000000
__Ltext                       text         000000
__Ltext0                      text0        000000
__Ltext1                      text1        000000
__Ltext10                     text10       000000
__Ltext11                     text11       000000
__Ltext12                     text12       000000
__Ltext13                     text13       000000
__Ltext14                     text14       000000
__Ltext15                     text15       000000
__Ltext16                     text16       000000
__Ltext17                     text17       000000
__Ltext18                     text18       000000
__Ltext19                     text19       000000
__Ltext2                      text2        000000
__Ltext20                     text20       000000
__Ltext21                     text21       000000
__Ltext22                     text22       000000
__Ltext23                     text23       000000
__Ltext24                     text24       000000
__Ltext25                     text25       000000
__Ltext26                     text26       000000
__Ltext27                     text27       000000
__Ltext28                     text28       000000
__Ltext29                     text29       000000
__Ltext3                      text3        000000
__Ltext30                     text30       000000
__Ltext31                     text31       000000
__Ltext32                     text32       000000
__Ltext33                     text33       000000
__Ltext34                     text34       000000
__Ltext4                      text4        000000
__Ltext5                      text5        000000
__Ltext6                      text6        000000
__Ltext7                      text7        000000
__Ltext8                      text8        000000
__Ltext9                      text9        000000
__S0                          (abs)        30000E
__S1                          (abs)        000F80
__S2                          (abs)        000000
___ftdiv                      text13       0023D4
___ftdiv@cntr                 cstackCOMRAM 000015
___ftdiv@exp                  cstackCOMRAM 000019
___ftdiv@f1                   cstackCOMRAM 00000C
___ftdiv@f2                   cstackCOMRAM 00000F
___ftdiv@f3                   cstackCOMRAM 000016
___ftdiv@sign                 cstackCOMRAM 00001A
___ftmul                      text12       0022E0
___ftmul@cntr                 cstackCOMRAM 00001F
___ftmul@exp                  cstackCOMRAM 00001B
___ftmul@f1                   cstackCOMRAM 000012
___ftmul@f2                   cstackCOMRAM 000015
___ftmul@f3_as_product        cstackCOMRAM 00001C
___ftmul@sign                 cstackCOMRAM 000020
___ftpack                     text14       002654
___ftpack@arg                 cstackCOMRAM 000001
___ftpack@exp                 cstackCOMRAM 000004
___ftpack@sign                cstackCOMRAM 000005
___fttol                      text11       0021EC
___fttol@exp1                 cstackCOMRAM 00002F
___fttol@f1                   cstackCOMRAM 000021
___fttol@lval                 cstackCOMRAM 00002B
___fttol@sign1                cstackCOMRAM 00002A
___inthi_sp                   stack        000000
___intlo_sp                   stack        000000
___lldiv                      text19       0028A6
___lldiv@counter              cstackCOMRAM 00000D
___lldiv@dividend             cstackCOMRAM 000001
___lldiv@divisor              cstackCOMRAM 000005
___lldiv@quotient             cstackCOMRAM 000009
___llmod                      text3        002AFA
___llmod@counter              cstackCOMRAM 000016
___llmod@dividend             cstackCOMRAM 00000E
___llmod@divisor              cstackCOMRAM 000012
___lltoft                     text10       002B60
___lltoft@c                   cstackCOMRAM 000009
___lltoft@exp                 cstackCOMRAM 000011
___lwtoft                     text9        002D8C
___lwtoft@c                   cstackCOMRAM 000009
___param_bank                 (abs)        000000
___rparam_used                (abs)        000001
___sp                         stack        000000
__accesstop                   (abs)        000080
__activetblptr                (abs)        000002
__end_of_ACMD22               smallconst   001032
__end_of_ACMD23               smallconst   001031
__end_of_ACMD41               smallconst   001030
__end_of_CMD0                 smallconst   001045
__end_of_CMD0CRC              smallconst   001044
__end_of_CMD1                 smallconst   001043
__end_of_CMD10                smallconst   00103F
__end_of_CMD12                smallconst   00103E
__end_of_CMD13                smallconst   00103D
__end_of_CMD16                smallconst   00103C
__end_of_CMD17                smallconst   00103B
__end_of_CMD18                smallconst   00103A
__end_of_CMD24                smallconst   001039
__end_of_CMD25                smallconst   001038
__end_of_CMD32                smallconst   001037
__end_of_CMD33                smallconst   001036
__end_of_CMD38                smallconst   001035
__end_of_CMD55                smallconst   001034
__end_of_CMD58                smallconst   001033
__end_of_CMD8                 smallconst   001042
__end_of_CMD8CRC              smallconst   001041
__end_of_CMD9                 smallconst   001040
__end_of_LCD_HORZ_LIMIT       smallconst   00104B
__end_of_LCD_LEFT             smallconst   001046
__end_of_LCD_RIGHT            smallconst   001047
__end_of_LCD_SIZE_HORZ        smallconst   001049
__end_of_LCD_SIZE_VERT        smallconst   001048
__end_of_LCD_VERT_LIMIT       smallconst   00104A
__end_of_R1_IDLE_STATE        smallconst   00102E
__end_of_R1_ILLEGAL_COMMAND   smallconst   00102D
__end_of_R1_READY_STATE       smallconst   00102F
__end_of_SD_ACMD              text24       002CC6
__end_of_SD_Command           text31       002792
__end_of_SD_EraseBlocks       text30       0028A6
__end_of_SD_MBR_Receive       text29       00281C
__end_of_SD_MBR_Start         text28       002A90
__end_of_SD_MBR_Stop          text27       002D8C
__end_of_SD_MBW_Send          text25       0021EC
__end_of_SD_MBW_Start         text23       002A24
__end_of_SD_MBW_Stop          text22       002D64
__end_of_SD_SendDummyBytes    text26       002E08
__end_of_SD_SingleBlockRead   text21       002654
__end_of_SD_SingleBlockWrite  text20       002598
__end_of_START_BLOCK          smallconst   00102C
__end_of_START_BLOCK_TOKEN    smallconst   00102B
__end_of_STOP_TRAN            smallconst   00102A
__end_of___ftdiv              text13       0024BA
__end_of___ftmul              text12       0023D4
__end_of___ftpack             text14       002702
__end_of___fttol              text11       0022E0
__end_of___lldiv              text19       002928
__end_of___llmod              text3        002B60
__end_of___lltoft             text10       002BBC
__end_of___lwtoft             text9        002DB0
__end_of__initialization      cinit        002D2A
__end_of_average              text18       002AFA
__end_of_dpowers              smallconst   001029
__end_of_initLCD              text15       002C08
__end_of_initSD               text7        001902
__end_of_lcdInst              text16       002E30
__end_of_lcdNibble            text17       0029A6
__end_of_lcd_set_cursor       text5        002C8C
__end_of_lcd_shift_cursor     text6        002DF0
__end_of_machineConfig        text4        002C4C
__end_of_main                 text0        001EE8
__end_of_printf               text1        0020E8
__end_of_putch                text2        002E1C
__end_of_spiInit              text8        002CFE
__end_of_spiReceive           text33       002E42
__end_of_spiSend              text32       002E3A
__end_of_spiTransfer          text34       002DD4
__initialization              cinit        002CFE
__mediumconst                 mediumconst  000000
__pbssBANK0                   bssBANK0     000080
__pbssBIGRAM                  bssBIGRAM    000B80
__pbssCOMRAM                  bssCOMRAM    00006E
__pcinit                      cinit        002CFE
__pcstackCOMRAM               cstackCOMRAM 000001
__psmallconst                 smallconst   001000
__ptext0                      text0        001902
__ptext1                      text1        001EE8
__ptext10                     text10       002B60
__ptext11                     text11       0021EC
__ptext12                     text12       0022E0
__ptext13                     text13       0023D4
__ptext14                     text14       002654
__ptext15                     text15       002BBC
__ptext16                     text16       002E1C
__ptext17                     text17       002928
__ptext18                     text18       002A90
__ptext19                     text19       0028A6
__ptext2                      text2        002E08
__ptext20                     text20       0024BA
__ptext21                     text21       002598
__ptext22                     text22       002D34
__ptext23                     text23       0029A6
__ptext24                     text24       002C8C
__ptext25                     text25       0020E8
__ptext26                     text26       002DF0
__ptext27                     text27       002D64
__ptext28                     text28       002A24
__ptext29                     text29       002792
__ptext3                      text3        002AFA
__ptext30                     text30       00281C
__ptext31                     text31       002702
__ptext32                     text32       002E30
__ptext33                     text33       002E3A
__ptext34                     text34       002DB0
__ptext4                      text4        002C08
__ptext5                      text5        002C4C
__ptext6                      text6        002DD4
__ptext7                      text7        0010F2
__ptext8                      text8        002CC6
__ptext9                      text9        002D8C
__ramtop                      ramtop       001000
__size_of_SD_ACMD             (abs)        000000
__size_of_SD_Command          (abs)        000000
__size_of_SD_EraseBlocks      (abs)        000000
__size_of_SD_MBR_Receive      (abs)        000000
__size_of_SD_MBR_Start        (abs)        000000
__size_of_SD_MBR_Stop         (abs)        000000
__size_of_SD_MBW_Send         (abs)        000000
__size_of_SD_MBW_Start        (abs)        000000
__size_of_SD_MBW_Stop         (abs)        000000
__size_of_SD_SendDummyBytes   (abs)        000000
__size_of_SD_SingleBlockRead  (abs)        000000
__size_of_SD_SingleBlockWrite (abs)        000000
__size_of___ftdiv             (abs)        000000
__size_of___ftmul             (abs)        000000
__size_of___ftpack            (abs)        000000
__size_of___fttol             (abs)        000000
__size_of___lldiv             (abs)        000000
__size_of___llmod             (abs)        000000
__size_of___lltoft            (abs)        000000
__size_of___lwtoft            (abs)        000000
__size_of_average             (abs)        000000
__size_of_initLCD             (abs)        000000
__size_of_initSD              (abs)        000000
__size_of_lcdInst             (abs)        000000
__size_of_lcdNibble           (abs)        000000
__size_of_lcd_set_cursor      (abs)        000000
__size_of_lcd_shift_cursor    (abs)        000000
__size_of_machineConfig       (abs)        000000
__size_of_main                (abs)        000000
__size_of_printf              (abs)        000000
__size_of_putch               (abs)        000000
__size_of_spiInit             (abs)        000000
__size_of_spiReceive          (abs)        000000
__size_of_spiSend             (abs)        000000
__size_of_spiTransfer         (abs)        000000
__smallconst                  smallconst   001000
_average                      text18       002A90
_dpowers                      smallconst   001001
_initLCD                      text15       002BBC
_initSD                       text7        0010F2
_lcdInst                      text16       002E1C
_lcdNibble                    text17       002928
_lcd_set_cursor               text5        002C4C
_lcd_shift_cursor             text6        002DD4
_machineConfig                text4        002C08
_main                         text0        001902
_nRBPU                        (abs)        007F8F
_printf                       text1        001EE8
_putch                        text2        002E08
_spiInit                      text8        002CC6
_spiReceive                   text33       002E3A
_spiSend                      text32       002E30
_spiTransfer                  text34       002DB0
_writeBuffer                  bssBIGRAM    000D80
average@array                 cstackCOMRAM 00000E
average@n                     cstackCOMRAM 000017
average@numElements           cstackCOMRAM 000010
average@sum                   cstackCOMRAM 000013
end_of_initialization         cinit        002D2A
initSD@F3023                  bssCOMRAM    00006E
initSD@argument               cstackCOMRAM 000037
initSD@arr_response           cstackCOMRAM 000041
initSD@i                      cstackCOMRAM 000056
initSD@last_OSCCON            cstackCOMRAM 00003B
initSD@last_OSCTUNE           cstackCOMRAM 00003C
initSD@response               cstackCOMRAM 000055
initSD@tempSize               cstackCOMRAM 00003D
initSD@tempSize_479           cstackCOMRAM 000051
intlevel0                     text         000000
intlevel1                     text         000000
intlevel2                     text         000000
intlevel3                     text         000000
lcdInst@data                  cstackCOMRAM 000003
lcdNibble@data                cstackCOMRAM 000002
lcdNibble@temp                cstackCOMRAM 000001
lcd_set_cursor@i              cstackCOMRAM 000009
lcd_set_cursor@x              cstackCOMRAM 00000A
lcd_set_cursor@y              cstackCOMRAM 000007
lcd_shift_cursor@direction    cstackCOMRAM 000004
lcd_shift_cursor@n            cstackCOMRAM 000006
lcd_shift_cursor@numChars     cstackCOMRAM 000005
main@avg                      cstackCOMRAM 000063
main@firstBlock               cstackCOMRAM 000069
main@i                        cstackCOMRAM 00006A
main@numWrites                cstackCOMRAM 000067
main@readBuffer               bssBIGRAM    000B80
printf@ap                     cstackCOMRAM 000027
printf@c                      cstackCOMRAM 00002A
printf@f                      cstackCOMRAM 000019
printf@flag                   cstackCOMRAM 000029
printf@prec                   cstackCOMRAM 000021
printf@val                    cstackCOMRAM 000023
putch@data                    cstackCOMRAM 000003
spiInit@divider               cstackCOMRAM 000001
spiSend@val                   cstackCOMRAM 000003
spiTransfer@byteToTransfer    cstackCOMRAM 000002
stackhi                       (abs)        000B7F
stacklo                       (abs)        0000AE
start                         init         000000
start_initialization          cinit        002CFE


FUNCTION INFORMATION:

 *************** function _main *****************
 Defined at:
		line 50 in file "main.c"
 Parameters:    Size  Location     Type
		None
 Auto vars:     Size  Location     Type
  i               4  105[COMRAM] unsigned long 
  avg             4   98[COMRAM] unsigned long 
  numWrites       2  102[COMRAM] unsigned short 
  firstBlock      1  104[COMRAM] unsigned char 
 Return value:  Size  Location     Type
                  1    wreg      void 
 Registers used:
		wreg, fsr1l, fsr1h, fsr2l, fsr2h, status,2, status,0, tblptrl, tblptrh, tblptru, prodl, prodh, cstack
 Tracked objects:
		On entry : 
		On exit  : 
		Unchanged: 
 Data sizes:     COMRAM   BANK0   BANK1   BANK2   BANK3   BANK4   BANK5   BANK6   BANK7   BANK8   BANK9  BANK10  BANK11  BANK12  BANK13  BANK14  BANK15
      Params:         0       0       0       0       0       0       0       0       0       0       0       0       0       0       0       0       0
      Locals:        11       0       0       0       0       0       0       0       0       0       0       0       0       0       0       0       0
      Temps:         12       0       0       0       0       0       0       0       0       0       0       0       0       0       0       0       0
      Totals:        23       0       0       0       0       0       0       0       0       0       0       0       0       0       0       0       0
Total ram usage:       23 bytes
 Hardware stack levels required when called:    5
 This function calls:
		_SD_EraseBlocks
		_SD_MBR_Receive
		_SD_MBR_Start
		_SD_MBR_Stop
		_SD_MBW_Send
		_SD_MBW_Start
		_SD_MBW_Stop
		_SD_SingleBlockRead
		_SD_SingleBlockWrite
		___lldiv
		___llmod
		_average
		_initLCD
		_initSD
		_lcdInst
		_lcd_set_cursor
		_machineConfig
		_printf
		_spiReceive
 This function is called by:
		Startup code after reset
 This function uses a non-reentrant model


 *************** function _printf *****************
 Defined at:
		line 464 in file "D:\Program Files (x86)\Microchip\xc8\v1.42\sources\common\doprnt.c"
 Parameters:    Size  Location     Type
  f               2   24[COMRAM] PTR const unsigned char 
		 -> STR_15(8), STR_14(10), STR_13(9), STR_12(16), 
		 -> STR_11(9), STR_10(8), STR_9(17), STR_8(9), 
		 -> STR_7(10), STR_6(10), STR_5(13), STR_4(15), 
		 -> STR_3(13), STR_2(12), STR_1(14), 
 Auto vars:     Size  Location     Type
  val             4   34[COMRAM] unsigned long 
  tmpval          4    0        struct .
  cp              3    0        PTR const unsigned char 
  ap              2   38[COMRAM] PTR void [1]
		 -> ?_printf(2), 
  prec            2   32[COMRAM] int 
  len             2    0        unsigned int 
  c               1   41[COMRAM] char 
  flag            1   40[COMRAM] unsigned char 
 Return value:  Size  Location     Type
                  2   24[COMRAM] int 
 Registers used:
		wreg, fsr2l, fsr2h, status,2, status,0, tblptrl, tblptrh, tblptru, prodl, prodh, cstack
 Tracked objects:
		On entry : 
		On exit  : 
		Unchanged: 
 Data sizes:     COMRAM   BANK0   BANK1   BANK2   BANK3   BANK4   BANK5   BANK6   BANK7   BANK8   BANK9  BANK10  BANK11  BANK12  BANK13  BANK14  BANK15
      Params:         6       0       0       0       0       0       0       0       0       0       0       0       0       0       0       0       0
      Locals:        10       0       0       0       0       0       0       0       0       0       0       0       0       0       0       0       0
      Temps:          2       0       0       0       0       0       0       0       0       0       0       0       0       0       0       0       0
      Totals:        18       0       0       0       0       0       0       0       0       0       0       0       0       0       0       0       0
Total ram usage:       18 bytes
 Hardware stack levels used:    1
 Hardware stack levels required when called:    2
 This function calls:
		___lldiv
		___llmod
		_putch
 This function is called by:
		_main
 This function uses a non-reentrant model


 *************** function _putch *****************
 Defined at:
		line 24 in file "../../src/CharacterLCD/lcd.c"
 Parameters:    Size  Location     Type
  data            1    wreg     unsigned char 
 Auto vars:     Size  Location     Type
  data            1    2[COMRAM] unsigned char 
 Return value:  Size  Location     Type
                  1    wreg      void 
 Registers used:
		wreg, status,2, status,0, cstack
 Tracked objects:
		On entry : 
		On exit  : 
		Unchanged: 
 Data sizes:     COMRAM   BANK0   BANK1   BANK2   BANK3   BANK4   BANK5   BANK6   BANK7   BANK8   BANK9  BANK10  BANK11  BANK12  BANK13  BANK14  BANK15
      Params:         0       0       0       0       0       0       0       0       0       0       0       0       0       0       0       0       0
      Locals:         1       0       0       0       0       0       0       0       0       0       0       0       0       0       0       0       0
      Temps:          0       0       0       0       0       0       0       0       0       0       0       0       0       0       0       0       0
      Totals:         1       0       0       0       0       0       0       0       0       0       0       0       0       0       0       0       0
Total ram usage:        1 bytes
 Hardware stack levels used:    1
 Hardware stack levels required when called:    1
 This function calls:
		_lcdNibble
 This function is called by:
		_printf
 This function uses a non-reentrant model


 *************** function ___llmod *****************
 Defined at:
		line 8 in file "D:\Program Files (x86)\Microchip\xc8\v1.42\sources\common\llmod.c"
 Parameters:    Size  Location     Type
  dividend        4   13[COMRAM] unsigned long 
  divisor         4   17[COMRAM] unsigned long 
 Auto vars:     Size  Location     Type
  counter         1   21[COMRAM] unsigned char 
 Return value:  Size  Location     Type
                  4   13[COMRAM] unsigned long 
 Registers used:
		wreg, status,2, status,0
 Tracked objects:
		On entry : 
		On exit  : 
		Unchanged: 
 Data sizes:     COMRAM   BANK0   BANK1   BANK2   BANK3   BANK4   BANK5   BANK6   BANK7   BANK8   BANK9  BANK10  BANK11  BANK12  BANK13  BANK14  BANK15
      Params:         8       0       0       0       0       0       0       0       0       0       0       0       0       0       0       0       0
      Locals:         1       0       0       0       0       0       0       0       0       0       0       0       0       0       0       0       0
      Temps:          0       0       0       0       0       0       0       0       0       0       0       0       0       0       0       0       0
      Totals:         9       0       0       0       0       0       0       0       0       0       0       0       0       0       0       0       0
Total ram usage:        9 bytes
 Hardware stack levels used:    1
 This function calls:
		Nothing
 This function is called by:
		_main
		_printf
 This function uses a non-reentrant model


 *************** function _machineConfig *****************
 Defined at:
		line 4 in file "../../src/PIC18F4620/machineConfig.c"
 Parameters:    Size  Location     Type
		None
 Auto vars:     Size  Location     Type
		None
 Return value:  Size  Location     Type
                  1    wreg      void 
 Registers used:
		wreg, status,2
 Tracked objects:
		On entry : 
		On exit  : 
		Unchanged: 
 Data sizes:     COMRAM   BANK0   BANK1   BANK2   BANK3   BANK4   BANK5   BANK6   BANK7   BANK8   BANK9  BANK10  BANK11  BANK12  BANK13  BANK14  BANK15
      Params:         0       0       0       0       0       0       0       0       0       0       0       0       0       0       0       0       0
      Locals:         0       0       0       0       0       0       0       0       0       0       0       0       0       0       0       0       0
      Temps:          0       0       0       0       0       0       0       0       0       0       0       0       0       0       0       0       0
      Totals:         0       0       0       0       0       0       0       0       0       0       0       0       0       0       0       0       0
Total ram usage:        0 bytes
 Hardware stack levels used:    1
 This function calls:
		Nothing
 This function is called by:
		_main
 This function uses a non-reentrant model


 *************** function _lcd_set_cursor *****************
 Defined at:
		line 80 in file "../../src/CharacterLCD/lcd.c"
 Parameters:    Size  Location     Type
  x               1    wreg     unsigned char 
  y               1    6[COMRAM] unsigned char 
 Auto vars:     Size  Location     Type
  x               1    9[COMRAM] unsigned char 
  i               1    8[COMRAM] unsigned char 
 Return value:  Size  Location     Type
                  1    wreg      void 
 Registers used:
		wreg, status,2, status,0, cstack
 Tracked objects:
		On entry : 
		On exit  : 
		Unchanged: 
 Data sizes:     COMRAM   BANK0   BANK1   BANK2   BANK3   BANK4   BANK5   BANK6   BANK7   BANK8   BANK9  BANK10  BANK11  BANK12  BANK13  BANK14  BANK15
      Params:         1       0       0       0       0       0       0       0       0       0       0       0       0       0       0       0       0
      Locals:         2       0       0       0       0       0       0       0       0       0       0       0       0       0       0       0       0
      Temps:          1       0       0       0       0       0       0       0       0       0       0       0       0       0       0       0       0
      Totals:         4       0       0       0       0       0       0       0       0       0       0       0       0       0       0       0       0
Total ram usage:        4 bytes
 Hardware stack levels used:    1
 Hardware stack levels required when called:    3
 This function calls:
		_lcdInst
		_lcd_shift_cursor
 This function is called by:
		_main
 This function uses a non-reentrant model


 *************** function _lcd_shift_cursor *****************
 Defined at:
		line 97 in file "../../src/CharacterLCD/lcd.c"
 Parameters:    Size  Location     Type
  numChars        1    wreg     unsigned char 
  direction       1    3[COMRAM] unsigned char 
 Auto vars:     Size  Location     Type
  numChars        1    4[COMRAM] unsigned char 
  n               1    5[COMRAM] unsigned char 
 Return value:  Size  Location     Type
                  1    wreg      void 
 Registers used:
		wreg, status,2, status,0, cstack
 Tracked objects:
		On entry : 
		On exit  : 
		Unchanged: 
 Data sizes:     COMRAM   BANK0   BANK1   BANK2   BANK3   BANK4   BANK5   BANK6   BANK7   BANK8   BANK9  BANK10  BANK11  BANK12  BANK13  BANK14  BANK15
      Params:         1       0       0       0       0       0       0       0       0       0       0       0       0       0       0       0       0
      Locals:         2       0       0       0       0       0       0       0       0       0       0       0       0       0       0       0       0
      Temps:          0       0       0       0       0       0       0       0       0       0       0       0       0       0       0       0       0
      Totals:         3       0       0       0       0       0       0       0       0       0       0       0       0       0       0       0       0
Total ram usage:        3 bytes
 Hardware stack levels used:    1
 Hardware stack levels required when called:    2
 This function calls:
		_lcdInst
 This function is called by:
		_lcd_set_cursor
 This function uses a non-reentrant model


 *************** function _initSD *****************
 Defined at:
		line 458 in file "../../src/SD/SD_PIC.c"
 Parameters:    Size  Location     Type
		None
 Auto vars:     Size  Location     Type
  tempSize        4   80[COMRAM] unsigned long 
  tempSize        4   60[COMRAM] unsigned long 
  arr_response   16   64[COMRAM] unsigned char [16]
  argument        4   54[COMRAM] unsigned long 
  i               1   85[COMRAM] unsigned char 
  response        1   84[COMRAM] unsigned char 
  last_OSCTUNE    1   59[COMRAM] unsigned char 
  last_OSCCON     1   58[COMRAM] unsigned char 
 Return value:  Size  Location     Type
                  1    wreg      void 
 Registers used:
		wreg, fsr1l, fsr1h, fsr2l, fsr2h, status,2, status,0, tblptrl, tblptrh, tblptru, prodl, prodh, cstack
 Tracked objects:
		On entry : 
		On exit  : 
		Unchanged: 
 Data sizes:     COMRAM   BANK0   BANK1   BANK2   BANK3   BANK4   BANK5   BANK6   BANK7   BANK8   BANK9  BANK10  BANK11  BANK12  BANK13  BANK14  BANK15
      Params:         0       0       0       0       0       0       0       0       0       0       0       0       0       0       0       0       0
      Locals:        32       0       0       0       0       0       0       0       0       0       0       0       0       0       0       0       0
      Temps:          7       0       0       0       0       0       0       0       0       0       0       0       0       0       0       0       0
      Totals:        39       0       0       0       0       0       0       0       0       0       0       0       0       0       0       0       0
Total ram usage:       39 bytes
 Hardware stack levels used:    1
 Hardware stack levels required when called:    4
 This function calls:
		_SD_ACMD
		_SD_Command
		___ftdiv
		___ftmul
		___fttol
		___lltoft
		___lwtoft
		_spiInit
		_spiReceive
		_spiSend
 This function is called by:
		_main
 This function uses a non-reentrant model


 *************** function _spiInit *****************
 Defined at:
		line 54 in file "../../src/SPI/SPI_PIC.c"
 Parameters:    Size  Location     Type
  divider         1    wreg     unsigned char 
 Auto vars:     Size  Location     Type
  divider         1    0[COMRAM] unsigned char 
 Return value:  Size  Location     Type
                  1    wreg      void 
 Registers used:
		wreg, status,2, status,0
 Tracked objects:
		On entry : 
		On exit  : 
		Unchanged: 
 Data sizes:     COMRAM   BANK0   BANK1   BANK2   BANK3   BANK4   BANK5   BANK6   BANK7   BANK8   BANK9  BANK10  BANK11  BANK12  BANK13  BANK14  BANK15
      Params:         0       0       0       0       0       0       0       0       0       0       0       0       0       0       0       0       0
      Locals:         1       0       0       0       0       0       0       0       0       0       0       0       0       0       0       0       0
      Temps:          0       0       0       0       0       0       0       0       0       0       0       0       0       0       0       0       0
      Totals:         1       0       0       0       0       0       0       0       0       0       0       0       0       0       0       0       0
Total ram usage:        1 bytes
 Hardware stack levels used:    1
 This function calls:
		Nothing
 This function is called by:
		_initSD
 This function uses a non-reentrant model


 *************** function ___lwtoft *****************
 Defined at:
		line 28 in file "D:\Program Files (x86)\Microchip\xc8\v1.42\sources\common\lwtoft.c"
 Parameters:    Size  Location     Type
  c               2    8[COMRAM] unsigned int 
 Auto vars:     Size  Location     Type
		None
 Return value:  Size  Location     Type
                  3    8[COMRAM] float 
 Registers used:
		wreg, status,2, status,0, cstack
 Tracked objects:
		On entry : 
		On exit  : 
		Unchanged: 
 Data sizes:     COMRAM   BANK0   BANK1   BANK2   BANK3   BANK4   BANK5   BANK6   BANK7   BANK8   BANK9  BANK10  BANK11  BANK12  BANK13  BANK14  BANK15
      Params:         3       0       0       0       0       0       0       0       0       0       0       0       0       0       0       0       0
      Locals:         0       0       0       0       0       0       0       0       0       0       0       0       0       0       0       0       0
      Temps:          0       0       0       0       0       0       0       0       0       0       0       0       0       0       0       0       0
      Totals:         3       0       0       0       0       0       0       0       0       0       0       0       0       0       0       0       0
Total ram usage:        3 bytes
 Hardware stack levels used:    1
 Hardware stack levels required when called:    1
 This function calls:
		___ftpack
 This function is called by:
		_initSD
 This function uses a non-reentrant model


 *************** function ___lltoft *****************
 Defined at:
		line 35 in file "D:\Program Files (x86)\Microchip\xc8\v1.42\sources\common\lltoft.c"
 Parameters:    Size  Location     Type
  c               4    8[COMRAM] unsigned long 
 Auto vars:     Size  Location     Type
  exp             1   16[COMRAM] unsigned char 
 Return value:  Size  Location     Type
                  3    8[COMRAM] float 
 Registers used:
		wreg, status,2, status,0, cstack
 Tracked objects:
		On entry : 
		On exit  : 
		Unchanged: 
 Data sizes:     COMRAM   BANK0   BANK1   BANK2   BANK3   BANK4   BANK5   BANK6   BANK7   BANK8   BANK9  BANK10  BANK11  BANK12  BANK13  BANK14  BANK15
      Params:         4       0       0       0       0       0       0       0       0       0       0       0       0       0       0       0       0
      Locals:         1       0       0       0       0       0       0       0       0       0       0       0       0       0       0       0       0
      Temps:          4       0       0       0       0       0       0       0       0       0       0       0       0       0       0       0       0
      Totals:         9       0       0       0       0       0       0       0       0       0       0       0       0       0       0       0       0
Total ram usage:        9 bytes
 Hardware stack levels used:    1
 Hardware stack levels required when called:    1
 This function calls:
		___ftpack
 This function is called by:
		_initSD
 This function uses a non-reentrant model


 *************** function ___fttol *****************
 Defined at:
		line 44 in file "D:\Program Files (x86)\Microchip\xc8\v1.42\sources\common\fttol.c"
 Parameters:    Size  Location     Type
  f1              3   32[COMRAM] float 
 Auto vars:     Size  Location     Type
  lval            4   42[COMRAM] unsigned long 
  exp1            1   46[COMRAM] unsigned char 
  sign1           1   41[COMRAM] unsigned char 
 Return value:  Size  Location     Type
                  4   32[COMRAM] long 
 Registers used:
		wreg, status,2, status,0
 Tracked objects:
		On entry : 
		On exit  : 
		Unchanged: 
 Data sizes:     COMRAM   BANK0   BANK1   BANK2   BANK3   BANK4   BANK5   BANK6   BANK7   BANK8   BANK9  BANK10  BANK11  BANK12  BANK13  BANK14  BANK15
      Params:         4       0       0       0       0       0       0       0       0       0       0       0       0       0       0       0       0
      Locals:         6       0       0       0       0       0       0       0       0       0       0       0       0       0       0       0       0
      Temps:          5       0       0       0       0       0       0       0       0       0       0       0       0       0       0       0       0
      Totals:        15       0       0       0       0       0       0       0       0       0       0       0       0       0       0       0       0
Total ram usage:       15 bytes
 Hardware stack levels used:    1
 This function calls:
		Nothing
 This function is called by:
		_initSD
 This function uses a non-reentrant model


 *************** function ___ftmul *****************
 Defined at:
		line 62 in file "D:\Program Files (x86)\Microchip\xc8\v1.42\sources\common\ftmul.c"
 Parameters:    Size  Location     Type
  f1              3   17[COMRAM] float 
  f2              3   20[COMRAM] float 
 Auto vars:     Size  Location     Type
  f3_as_produc    3   27[COMRAM] unsigned um
  sign            1   31[COMRAM] unsigned char 
  cntr            1   30[COMRAM] unsigned char 
  exp             1   26[COMRAM] unsigned char 
 Return value:  Size  Location     Type
                  3   17[COMRAM] float 
 Registers used:
		wreg, status,2, status,0, cstack
 Tracked objects:
		On entry : 
		On exit  : 
		Unchanged: 
 Data sizes:     COMRAM   BANK0   BANK1   BANK2   BANK3   BANK4   BANK5   BANK6   BANK7   BANK8   BANK9  BANK10  BANK11  BANK12  BANK13  BANK14  BANK15
      Params:         6       0       0       0       0       0       0       0       0       0       0       0       0       0       0       0       0
      Locals:         6       0       0       0       0       0       0       0       0       0       0       0       0       0       0       0       0
      Temps:          3       0       0       0       0       0       0       0       0       0       0       0       0       0       0       0       0
      Totals:        15       0       0       0       0       0       0       0       0       0       0       0       0       0       0       0       0
Total ram usage:       15 bytes
 Hardware stack levels used:    1
 Hardware stack levels required when called:    1
 This function calls:
		___ftpack
 This function is called by:
		_initSD
 This function uses a non-reentrant model


 *************** function ___ftdiv *****************
 Defined at:
		line 54 in file "D:\Program Files (x86)\Microchip\xc8\v1.42\sources\common\ftdiv.c"
 Parameters:    Size  Location     Type
  f1              3   11[COMRAM] float 
  f2              3   14[COMRAM] float 
 Auto vars:     Size  Location     Type
  f3              3   21[COMRAM] float 
  sign            1   25[COMRAM] unsigned char 
  exp             1   24[COMRAM] unsigned char 
  cntr            1   20[COMRAM] unsigned char 
 Return value:  Size  Location     Type
                  3   11[COMRAM] float 
 Registers used:
		wreg, status,2, status,0, cstack
 Tracked objects:
		On entry : 
		On exit  : 
		Unchanged: 
 Data sizes:     COMRAM   BANK0   BANK1   BANK2   BANK3   BANK4   BANK5   BANK6   BANK7   BANK8   BANK9  BANK10  BANK11  BANK12  BANK13  BANK14  BANK15
      Params:         6       0       0       0       0       0       0       0       0       0       0       0       0       0       0       0       0
      Locals:         6       0       0       0       0       0       0       0       0       0       0       0       0       0       0       0       0
      Temps:          3       0       0       0       0       0       0       0       0       0       0       0       0       0       0       0       0
      Totals:        15       0       0       0       0       0       0       0       0       0       0       0       0       0       0       0       0
Total ram usage:       15 bytes
 Hardware stack levels used:    1
 Hardware stack levels required when called:    1
 This function calls:
		___ftpack
 This function is called by:
		_initSD
 This function uses a non-reentrant model


 *************** function ___ftpack *****************
 Defined at:
		line 62 in file "D:\Program Files (x86)\Microchip\xc8\v1.42\sources\common\float.c"
 Parameters:    Size  Location     Type
  arg             3    0[COMRAM] unsigned um
  exp             1    3[COMRAM] unsigned char 
  sign            1    4[COMRAM] unsigned char 
 Auto vars:     Size  Location     Type
		None
 Return value:  Size  Location     Type
                  3    0[COMRAM] float 
 Registers used:
		wreg, status,2, status,0
 Tracked objects:
		On entry : 
		On exit  : 
		Unchanged: 
 Data sizes:     COMRAM   BANK0   BANK1   BANK2   BANK3   BANK4   BANK5   BANK6   BANK7   BANK8   BANK9  BANK10  BANK11  BANK12  BANK13  BANK14  BANK15
      Params:         5       0       0       0       0       0       0       0       0       0       0       0       0       0       0       0       0
      Locals:         0       0       0       0       0       0       0       0       0       0       0       0       0       0       0       0       0
      Temps:          3       0       0       0       0       0       0       0       0       0       0       0       0       0       0       0       0
      Totals:         8       0       0       0       0       0       0       0       0       0       0       0       0       0       0       0       0
Total ram usage:        8 bytes
 Hardware stack levels used:    1
 This function calls:
		Nothing
 This function is called by:
		___ftdiv
		___ftmul
		___lltoft
		___lwtoft
 This function uses a non-reentrant model


 *************** function _initLCD *****************
 Defined at:
		line 60 in file "../../src/CharacterLCD/lcd.c"
 Parameters:    Size  Location     Type
		None
 Auto vars:     Size  Location     Type
		None
 Return value:  Size  Location     Type
                  1    wreg      void 
 Registers used:
		wreg, status,2, status,0, cstack
 Tracked objects:
		On entry : 
		On exit  : 
		Unchanged: 
 Data sizes:     COMRAM   BANK0   BANK1   BANK2   BANK3   BANK4   BANK5   BANK6   BANK7   BANK8   BANK9  BANK10  BANK11  BANK12  BANK13  BANK14  BANK15
      Params:         0       0       0       0       0       0       0       0       0       0       0       0       0       0       0       0       0
      Locals:         0       0       0       0       0       0       0       0       0       0       0       0       0       0       0       0       0
      Temps:          1       0       0       0       0       0       0       0       0       0       0       0       0       0       0       0       0
      Totals:         1       0       0       0       0       0       0       0       0       0       0       0       0       0       0       0       0
Total ram usage:        1 bytes
 Hardware stack levels used:    1
 Hardware stack levels required when called:    2
 This function calls:
		_lcdInst
 This function is called by:
		_main
 This function uses a non-reentrant model


 *************** function _lcdInst *****************
 Defined at:
		line 11 in file "../../src/CharacterLCD/lcd.c"
 Parameters:    Size  Location     Type
  data            1    wreg     unsigned char 
 Auto vars:     Size  Location     Type
  data            1    2[COMRAM] unsigned char 
 Return value:  Size  Location     Type
                  1    wreg      void 
 Registers used:
		wreg, status,2, status,0, cstack
 Tracked objects:
		On entry : 
		On exit  : 
		Unchanged: 
 Data sizes:     COMRAM   BANK0   BANK1   BANK2   BANK3   BANK4   BANK5   BANK6   BANK7   BANK8   BANK9  BANK10  BANK11  BANK12  BANK13  BANK14  BANK15
      Params:         0       0       0       0       0       0       0       0       0       0       0       0       0       0       0       0       0
      Locals:         1       0       0       0       0       0       0       0       0       0       0       0       0       0       0       0       0
      Temps:          0       0       0       0       0       0       0       0       0       0       0       0       0       0       0       0       0
      Totals:         1       0       0       0       0       0       0       0       0       0       0       0       0       0       0       0       0
Total ram usage:        1 bytes
 Hardware stack levels used:    1
 Hardware stack levels required when called:    1
 This function calls:
		_lcdNibble
 This function is called by:
		_initLCD
		_lcd_set_cursor
		_lcd_shift_cursor
		_main
		_lcd_shift_display
 This function uses a non-reentrant model


 *************** function _lcdNibble *****************
 Defined at:
		line 37 in file "../../src/CharacterLCD/lcd.c"
 Parameters:    Size  Location     Type
  data            1    wreg     unsigned char 
 Auto vars:     Size  Location     Type
  data            1    1[COMRAM] unsigned char 
  temp            1    0[COMRAM] unsigned char 
 Return value:  Size  Location     Type
                  1    wreg      void 
 Registers used:
		wreg, status,2, status,0
 Tracked objects:
		On entry : 
		On exit  : 
		Unchanged: 
 Data sizes:     COMRAM   BANK0   BANK1   BANK2   BANK3   BANK4   BANK5   BANK6   BANK7   BANK8   BANK9  BANK10  BANK11  BANK12  BANK13  BANK14  BANK15
      Params:         0       0       0       0       0       0       0       0       0       0       0       0       0       0       0       0       0
      Locals:         2       0       0       0       0       0       0       0       0       0       0       0       0       0       0       0       0
      Temps:          0       0       0       0       0       0       0       0       0       0       0       0       0       0       0       0       0
      Totals:         2       0       0       0       0       0       0       0       0       0       0       0       0       0       0       0       0
Total ram usage:        2 bytes
 Hardware stack levels used:    1
 This function calls:
		Nothing
 This function is called by:
		_lcdInst
		_putch
 This function uses a non-reentrant model


 *************** function _average *****************
 Defined at:
		line 31 in file "main.c"
 Parameters:    Size  Location     Type
  array           2   13[COMRAM] PTR unsigned char 
		 -> main@readBuffer(512), 
  numElements     2   15[COMRAM] unsigned short 
 Auto vars:     Size  Location     Type
  sum             4   18[COMRAM] unsigned long 
  n               2   22[COMRAM] unsigned short 
 Return value:  Size  Location     Type
                  1    wreg      unsigned char 
 Registers used:
		wreg, fsr2l, fsr2h, status,2, status,0, cstack
 Tracked objects:
		On entry : 
		On exit  : 
		Unchanged: 
 Data sizes:     COMRAM   BANK0   BANK1   BANK2   BANK3   BANK4   BANK5   BANK6   BANK7   BANK8   BANK9  BANK10  BANK11  BANK12  BANK13  BANK14  BANK15
      Params:         4       0       0       0       0       0       0       0       0       0       0       0       0       0       0       0       0
      Locals:         6       0       0       0       0       0       0       0       0       0       0       0       0       0       0       0       0
      Temps:          1       0       0       0       0       0       0       0       0       0       0       0       0       0       0       0       0
      Totals:        11       0       0       0       0       0       0       0       0       0       0       0       0       0       0       0       0
Total ram usage:       11 bytes
 Hardware stack levels used:    1
 Hardware stack levels required when called:    1
 This function calls:
		___lldiv
 This function is called by:
		_main
 This function uses a non-reentrant model


 *************** function ___lldiv *****************
 Defined at:
		line 8 in file "D:\Program Files (x86)\Microchip\xc8\v1.42\sources\common\lldiv.c"
 Parameters:    Size  Location     Type
  dividend        4    0[COMRAM] unsigned long 
  divisor         4    4[COMRAM] unsigned long 
 Auto vars:     Size  Location     Type
  quotient        4    8[COMRAM] unsigned long 
  counter         1   12[COMRAM] unsigned char 
 Return value:  Size  Location     Type
                  4    0[COMRAM] unsigned long 
 Registers used:
		wreg, status,2, status,0
 Tracked objects:
		On entry : 
		On exit  : 
		Unchanged: 
 Data sizes:     COMRAM   BANK0   BANK1   BANK2   BANK3   BANK4   BANK5   BANK6   BANK7   BANK8   BANK9  BANK10  BANK11  BANK12  BANK13  BANK14  BANK15
      Params:         8       0       0       0       0       0       0       0       0       0       0       0       0       0       0       0       0
      Locals:         5       0       0       0       0       0       0       0       0       0       0       0       0       0       0       0       0
      Temps:          0       0       0       0       0       0       0       0       0       0       0       0       0       0       0       0       0
      Totals:        13       0       0       0       0       0       0       0       0       0       0       0       0       0       0       0       0
Total ram usage:       13 bytes
 Hardware stack levels used:    1
 This function calls:
		Nothing
 This function is called by:
		_average
		_main
		_printf
 This function uses a non-reentrant model


 *************** function _SD_SingleBlockWrite *****************
 Defined at:
		line 104 in file "../../src/SD/SD_PIC.c"
 Parameters:    Size  Location     Type
  block           4   12[COMRAM] unsigned long 
  arr             2   16[COMRAM] PTR unsigned char 
		 -> writeBuffer(512), 
 Auto vars:     Size  Location     Type
  i               2   20[COMRAM] unsigned short 
  response        1   19[COMRAM] unsigned char 
 Return value:  Size  Location     Type
                  1    wreg      unsigned char 
 Registers used:
		wreg, fsr2l, fsr2h, status,2, status,0, tblptrl, tblptrh, tblptru, cstack
 Tracked objects:
		On entry : 
		On exit  : 
		Unchanged: 
 Data sizes:     COMRAM   BANK0   BANK1   BANK2   BANK3   BANK4   BANK5   BANK6   BANK7   BANK8   BANK9  BANK10  BANK11  BANK12  BANK13  BANK14  BANK15
      Params:         6       0       0       0       0       0       0       0       0       0       0       0       0       0       0       0       0
      Locals:         3       0       0       0       0       0       0       0       0       0       0       0       0       0       0       0       0
      Temps:          1       0       0       0       0       0       0       0       0       0       0       0       0       0       0       0       0
      Totals:        10       0       0       0       0       0       0       0       0       0       0       0       0       0       0       0       0
Total ram usage:       10 bytes
 Hardware stack levels used:    1
 Hardware stack levels required when called:    3
 This function calls:
		_SD_Command
		_SD_SendDummyBytes
		_spiReceive
		_spiSend
		_spiTransfer
 This function is called by:
		_main
 This function uses a non-reentrant model


 *************** function _SD_SingleBlockRead *****************
 Defined at:
		line 278 in file "../../src/SD/SD_PIC.c"
 Parameters:    Size  Location     Type
  block           4   12[COMRAM] unsigned long 
  buf             2   16[COMRAM] PTR unsigned char 
		 -> main@readBuffer(512), 
 Auto vars:     Size  Location     Type
  i               2   19[COMRAM] unsigned short 
  response        1   21[COMRAM] unsigned char 
 Return value:  Size  Location     Type
                  1    wreg      unsigned char 
 Registers used:
		wreg, fsr2l, fsr2h, status,2, status,0, tblptrl, tblptrh, tblptru, cstack
 Tracked objects:
		On entry : 
		On exit  : 
		Unchanged: 
 Data sizes:     COMRAM   BANK0   BANK1   BANK2   BANK3   BANK4   BANK5   BANK6   BANK7   BANK8   BANK9  BANK10  BANK11  BANK12  BANK13  BANK14  BANK15
      Params:         6       0       0       0       0       0       0       0       0       0       0       0       0       0       0       0       0
      Locals:         3       0       0       0       0       0       0       0       0       0       0       0       0       0       0       0       0
      Temps:          1       0       0       0       0       0       0       0       0       0       0       0       0       0       0       0       0
      Totals:        10       0       0       0       0       0       0       0       0       0       0       0       0       0       0       0       0
Total ram usage:       10 bytes
 Hardware stack levels used:    1
 Hardware stack levels required when called:    3
 This function calls:
		_SD_Command
		_spiReceive
		_spiSend
 This function is called by:
		_main
 This function uses a non-reentrant model


 *************** function _SD_MBW_Stop *****************
 Defined at:
		line 253 in file "../../src/SD/SD_PIC.c"
 Parameters:    Size  Location     Type
		None
 Auto vars:     Size  Location     Type
		None
 Return value:  Size  Location     Type
                  1    wreg      void 
 Registers used:
		wreg, status,2, tblptrl, tblptrh, tblptru, cstack
 Tracked objects:
		On entry : 
		On exit  : 
		Unchanged: 
 Data sizes:     COMRAM   BANK0   BANK1   BANK2   BANK3   BANK4   BANK5   BANK6   BANK7   BANK8   BANK9  BANK10  BANK11  BANK12  BANK13  BANK14  BANK15
[...]
      Temps:          0       0       0       0       0       0       0       0       0       0       0       0       0       0       0       0       0
      Totals:         6       0       0       0       0       0       0       0       0       0       0       0       0       0       0       0       0
Total ram usage:        6 bytes
 Hardware stack levels used:    1
 Hardware stack levels required when called:    3
 This function calls:
		_SD_Command
		_SD_SendDummyBytes
		_spiReceive
		_spiSend
		_spiTransfer
 This function is called by:
		_main
 This function uses a non-reentrant model


 *************** function _SD_SendDummyBytes *****************
 Defined at:
		line 16 in file "../../src/SD/SD_PIC.c"
 Parameters:    Size  Location     Type
  numBytes        1    wreg     unsigned char 
 Auto vars:     Size  Location     Type
  numBytes        1    3[COMRAM] unsigned char 
  n               1    4[COMRAM] unsigned char 
 Return value:  Size  Location     Type
                  1    wreg      void 
 Registers used:
		wreg, status,2, status,0, cstack
 Tracked objects:
		On entry : 
		On exit  : 
		Unchanged: 
 Data sizes:     COMRAM   BANK0   BANK1   BANK2   BANK3   BANK4   BANK5   BANK6   BANK7   BANK8   BANK9  BANK10  BANK11  BANK12  BANK13  BANK14  BANK15
      Params:         0       0       0       0       0       0       0       0       0       0       0       0       0       0       0       0       0
      Locals:         2       0       0       0       0       0       0       0       0       0       0       0       0       0       0       0       0
      Temps:          0       0       0       0       0       0       0       0       0       0       0       0       0       0       0       0       0
      Totals:         2       0       0       0       0       0       0       0       0       0       0       0       0       0       0       0       0
Total ram usage:        2 bytes
 Hardware stack levels used:    1
 Hardware stack levels required when called:    2
 This function calls:
		_spiSend
 This function is called by:
		_SD_SingleBlockWrite
		_SD_MBW_Send
 This function uses a non-reentrant model


 *************** function _SD_MBR_Stop *****************
 Defined at:
		line 411 in file "../../src/SD/SD_PIC.c"
 Parameters:    Size  Location     Type
		None
 Auto vars:     Size  Location     Type
		None
 Return value:  Size  Location     Type
                  1    wreg      void 
 Registers used:
		wreg, fsr2l, fsr2h, status,2, status,0, tblptrl, tblptrh, tblptru, cstack
 Tracked objects:
		On entry : 
		On exit  : 
		Unchanged: 
 Data sizes:     COMRAM   BANK0   BANK1   BANK2   BANK3   BANK4   BANK5   BANK6   BANK7   BANK8   BANK9  BANK10  BANK11  BANK12  BANK13  BANK14  BANK15
      Params:         0       0       0       0       0       0       0       0       0       0       0       0       0       0       0       0       0
      Locals:         0       0       0       0       0       0       0       0       0       0       0       0       0       0       0       0       0
      Temps:          0       0       0       0       0       0       0       0       0       0       0       0       0       0       0       0       0
      Totals:         0       0       0       0       0       0       0       0       0       0       0       0       0       0       0       0       0
Total ram usage:        0 bytes
 Hardware stack levels used:    1
 Hardware stack levels required when called:    3
 This function calls:
		_SD_Command
 This function is called by:
		_main
 This function uses a non-reentrant model


 *************** function _SD_MBR_Start *****************
 Defined at:
		line 332 in file "../../src/SD/SD_PIC.c"
 Parameters:    Size  Location     Type
  startBlock      4   12[COMRAM] unsigned long 
 Auto vars:     Size  Location     Type
  response        1   17[COMRAM] unsigned char 
 Return value:  Size  Location     Type
                  1    wreg      unsigned char 
 Registers used:
		wreg, fsr2l, fsr2h, status,2, status,0, tblptrl, tblptrh, tblptru, cstack
 Tracked objects:
		On entry : 
		On exit  : 
		Unchanged: 
 Data sizes:     COMRAM   BANK0   BANK1   BANK2   BANK3   BANK4   BANK5   BANK6   BANK7   BANK8   BANK9  BANK10  BANK11  BANK12  BANK13  BANK14  BANK15
      Params:         4       0       0       0       0       0       0       0       0       0       0       0       0       0       0       0       0
      Locals:         1       0       0       0       0       0       0       0       0       0       0       0       0       0       0       0       0
      Temps:          1       0       0       0       0       0       0       0       0       0       0       0       0       0       0       0       0
      Totals:         6       0       0       0       0       0       0       0       0       0       0       0       0       0       0       0       0
Total ram usage:        6 bytes
 Hardware stack levels used:    1
 Hardware stack levels required when called:    3
 This function calls:
		_SD_Command
 This function is called by:
		_main
 This function uses a non-reentrant model


 *************** function _SD_MBR_Receive *****************
 Defined at:
		line 370 in file "../../src/SD/SD_PIC.c"
 Parameters:    Size  Location     Type
  bufReceive      2    3[COMRAM] PTR unsigned char 
		 -> main@readBuffer(512), 
 Auto vars:     Size  Location     Type
  i               2    6[COMRAM] unsigned short 
 Return value:  Size  Location     Type
                  1    wreg      void 
 Registers used:
		wreg, fsr2l, fsr2h, status,2, status,0, tblptrl, tblptrh, tblptru, cstack
 Tracked objects:
		On entry : 
		On exit  : 
		Unchanged: 
 Data sizes:     COMRAM   BANK0   BANK1   BANK2   BANK3   BANK4   BANK5   BANK6   BANK7   BANK8   BANK9  BANK10  BANK11  BANK12  BANK13  BANK14  BANK15
      Params:         2       0       0       0       0       0       0       0       0       0       0       0       0       0       0       0       0
      Locals:         2       0       0       0       0       0       0       0       0       0       0       0       0       0       0       0       0
      Temps:          1       0       0       0       0       0       0       0       0       0       0       0       0       0       0       0       0
      Totals:         5       0       0       0       0       0       0       0       0       0       0       0       0       0       0       0       0
Total ram usage:        5 bytes
 Hardware stack levels used:    1
 Hardware stack levels required when called:    2
 This function calls:
		_spiReceive
		_spiSend
 This function is called by:
		_main
 This function uses a non-reentrant model


 *************** function _SD_EraseBlocks *****************
 Defined at:
		line 429 in file "../../src/SD/SD_PIC.c"
 Parameters:    Size  Location     Type
  firstBlock      4   12[COMRAM] unsigned long 
  lastBlock       4   16[COMRAM] unsigned long 
 Auto vars:     Size  Location     Type
		None
 Return value:  Size  Location     Type
                  1    wreg      void 
 Registers used:
		wreg, fsr2l, fsr2h, status,2, status,0, tblptrl, tblptrh, tblptru, cstack
 Tracked objects:
		On entry : 
		On exit  : 
		Unchanged: 
 Data sizes:     COMRAM   BANK0   BANK1   BANK2   BANK3   BANK4   BANK5   BANK6   BANK7   BANK8   BANK9  BANK10  BANK11  BANK12  BANK13  BANK14  BANK15
      Params:         8       0       0       0       0       0       0       0       0       0       0       0       0       0       0       0       0
      Locals:         0       0       0       0       0       0       0       0       0       0       0       0       0       0       0       0       0
      Temps:          0       0       0       0       0       0       0       0       0       0       0       0       0       0       0       0       0
      Totals:         8       0       0       0       0       0       0       0       0       0       0       0       0       0       0       0       0
Total ram usage:        8 bytes
 Hardware stack levels used:    1
 Hardware stack levels required when called:    3
 This function calls:
		_SD_Command
 This function is called by:
		_main
 This function uses a non-reentrant model


 *************** function _SD_Command *****************
 Defined at:
		line 32 in file "../../src/SD/SD_PIC.c"
 Parameters:    Size  Location     Type
  cmd             1    wreg     unsigned char 
  arg             4    3[COMRAM] unsigned long 
 Auto vars:     Size  Location     Type
  cmd             1    9[COMRAM] unsigned char 
  ptr             2    7[COMRAM] PTR unsigned char 
		 -> SD_Command@arg(4), 
  n               1   11[COMRAM] unsigned char 
  response        1   10[COMRAM] unsigned char 
 Return value:  Size  Location     Type
                  1    wreg      unsigned char 
 Registers used:
		wreg, fsr2l, fsr2h, status,2, status,0, tblptrl, tblptrh, tblptru, cstack
 Tracked objects:
		On entry : 
		On exit  : 
		Unchanged: 
 Data sizes:     COMRAM   BANK0   BANK1   BANK2   BANK3   BANK4   BANK5   BANK6   BANK7   BANK8   BANK9  BANK10  BANK11  BANK12  BANK13  BANK14  BANK15
      Params:         4       0       0       0       0       0       0       0       0       0       0       0       0       0       0       0       0
      Locals:         5       0       0       0       0       0       0       0       0       0       0       0       0       0       0       0       0
      Temps:          0       0       0       0       0       0       0       0       0       0       0       0       0       0       0       0       0
      Totals:         9       0       0       0       0       0       0       0       0       0       0       0       0       0       0       0       0
Total ram usage:        9 bytes
 Hardware stack levels used:    1
 Hardware stack levels required when called:    2
 This function calls:
		_spiReceive
		_spiSend
 This function is called by:
		_SD_ACMD
		_SD_SingleBlockWrite
		_SD_MBW_Start
		_SD_MBW_Send
		_SD_SingleBlockRead
		_SD_MBR_Start
		_SD_MBR_Stop
		_SD_EraseBlocks
		_initSD
 This function uses a non-reentrant model


 *************** function _spiSend *****************
 Defined at:
		line 33 in file "../../src/SPI/SPI_PIC.c"
 Parameters:    Size  Location     Type
  val             1    wreg     unsigned char 
 Auto vars:     Size  Location     Type
  val             1    2[COMRAM] unsigned char 
 Return value:  Size  Location     Type
                  1    wreg      void 
 Registers used:
		wreg, status,2, cstack
 Tracked objects:
		On entry : 
		On exit  : 
		Unchanged: 
 Data sizes:     COMRAM   BANK0   BANK1   BANK2   BANK3   BANK4   BANK5   BANK6   BANK7   BANK8   BANK9  BANK10  BANK11  BANK12  BANK13  BANK14  BANK15
      Params:         0       0       0       0       0       0       0       0       0       0       0       0       0       0       0       0       0
      Locals:         1       0       0       0       0       0       0       0       0       0       0       0       0       0       0       0       0
      Temps:          0       0       0       0       0       0       0       0       0       0       0       0       0       0       0       0       0
      Totals:         1       0       0       0       0       0       0       0       0       0       0       0       0       0       0       0       0
Total ram usage:        1 bytes
 Hardware stack levels used:    1
 Hardware stack levels required when called:    1
 This function calls:
		_spiTransfer
 This function is called by:
		_SD_SendDummyBytes
		_SD_Command
		_SD_SingleBlockWrite
		_SD_MBW_Send
		_SD_MBW_Stop
		_SD_SingleBlockRead
		_SD_MBR_Receive
		_initSD
 This function uses a non-reentrant model


 *************** function _spiReceive *****************
 Defined at:
		line 44 in file "../../src/SPI/SPI_PIC.c"
 Parameters:    Size  Location     Type
		None
 Auto vars:     Size  Location     Type
		None
 Return value:  Size  Location     Type
                  1    wreg      unsigned char 
 Registers used:
		wreg, status,2, cstack
 Tracked objects:
		On entry : 
		On exit  : 
		Unchanged: 
 Data sizes:     COMRAM   BANK0   BANK1   BANK2   BANK3   BANK4   BANK5   BANK6   BANK7   BANK8   BANK9  BANK10  BANK11  BANK12  BANK13  BANK14  BANK15
      Params:         0       0       0       0       0       0       0       0       0       0       0       0       0       0       0       0       0
      Locals:         0       0       0       0       0       0       0       0       0       0       0       0       0       0       0       0       0
      Temps:          0       0       0       0       0       0       0       0       0       0       0       0       0       0       0       0       0
      Totals:         0       0       0       0       0       0       0       0       0       0       0       0       0       0       0       0       0
Total ram usage:        0 bytes
 Hardware stack levels used:    1
 Hardware stack levels required when called:    1
 This function calls:
		_spiTransfer
 This function is called by:
		_SD_Command
		_SD_SingleBlockWrite
		_SD_MBW_Send
		_SD_MBW_Stop
		_SD_SingleBlockRead
		_SD_MBR_Receive
		_initSD
		_main
 This function uses a non-reentrant model


 *************** function _spiTransfer *****************
 Defined at:
		line 12 in file "../../src/SPI/SPI_PIC.c"
 Parameters:    Size  Location     Type
  byteToTransf    1    wreg     unsigned char 
 Auto vars:     Size  Location     Type
  byteToTransf    1    1[COMRAM] unsigned char 
 Return value:  Size  Location     Type
                  1    wreg      unsigned char 
 Registers used:
		wreg, status,2
 Tracked objects:
		On entry : 
		On exit  : 
		Unchanged: 
 Data sizes:     COMRAM   BANK0   BANK1   BANK2   BANK3   BANK4   BANK5   BANK6   BANK7   BANK8   BANK9  BANK10  BANK11  BANK12  BANK13  BANK14  BANK15
      Params:         0       0       0       0       0       0       0       0       0       0       0       0       0       0       0       0       0
      Locals:         1       0       0       0       0       0       0       0       0       0       0       0       0       0       0       0       0
      Temps:          1       0       0       0       0       0       0       0       0       0       0       0       0       0       0       0       0
      Totals:         2       0       0       0       0       0       0       0       0       0       0       0       0       0       0       0       0
Total ram usage:        2 bytes
 Hardware stack levels used:    1
 This function calls:
		Nothing
 This function is called by:
		_SD_SingleBlockWrite
		_SD_MBW_Send
		_spiSend
		_spiReceive
 This function uses a non-reentrant model



MODULE INFORMATION

Module		Function		Class		Link	Load	Size
D:\Program Files (x86)\Microchip\xc8\v1.42\sources\common\float.c
		___ftpack      		CODE           	2654	0000	175

D:\Program Files (x86)\Microchip\xc8\v1.42\sources\common\float.c estimated size: 175

../../src/SPI/SPI_PIC.c
		_spiTransfer   		CODE           	2DB0	0000	37
		_spiReceive    		CODE           	2E3A	0000	9
		_spiInit       		CODE           	2CC6	0000	57
		_spiSend       		CODE           	2E30	0000	11

../../src/SPI/SPI_PIC.c estimated size: 114

D:\Program Files (x86)\Microchip\xc8\v1.42\sources\common\lwtoft.c
		___lwtoft      		CODE           	2D8C	0000	37

D:\Program Files (x86)\Microchip\xc8\v1.42\sources\common\lwtoft.c estimated size: 37

../../src/SD/SD_PIC.c
		_SD_SendDummyBytes		CODE           	2DF0	0000	25
		_SD_MBR_Stop   		CODE           	2D64	0000	41
		_SD_MBR_Start  		CODE           	2A24	0000	109
		_SD_MBR_Receive		CODE           	2792	0000	139
		_SD_SingleBlockWrite		CODE           	24BA	0000	223
		_SD_SingleBlockRead		CODE           	2598	0000	189
		_initSD        		CODE           	10F2	0000	2065
		_SD_MBW_Send   		CODE           	20E8	0000	261
		_SD_MBW_Stop   		CODE           	2D34	0000	49
		_SD_EraseBlocks		CODE           	281C	0000	139
		_SD_MBW_Start  		CODE           	29A6	0000	127
		_SD_Command    		CODE           	2702	0000	145
		_SD_ACMD       		CODE           	2C8C	0000	59

../../src/SD/SD_PIC.c estimated size: 3571

D:\Program Files (x86)\Microchip\xc8\v1.42\sources\common\llmod.c
		___llmod       		CODE           	2AFA	0000	103

D:\Program Files (x86)\Microchip\xc8\v1.42\sources\common\llmod.c estimated size: 103

../../src/PIC18F4620/machineConfig.c
		_machineConfig 		CODE           	2C08	0000	69

../../src/PIC18F4620/machineConfig.c estimated size: 69

D:\Program Files (x86)\Microchip\xc8\v1.42\sources\common\doprnt.c
		_printf        		CODE           	1EE8	0000	513

D:\Program Files (x86)\Microchip\xc8\v1.42\sources\common\doprnt.c estimated size: 513

D:\Program Files (x86)\Microchip\xc8\v1.42\sources\common\lltoft.c
		___lltoft      		CODE           	2B60	0000	93

D:\Program Files (x86)\Microchip\xc8\v1.42\sources\common\lltoft.c estimated size: 93

D:\Program Files (x86)\Microchip\xc8\v1.42\sources\common\ftmul.c
		___ftmul       		CODE           	22E0	0000	245

D:\Program Files (x86)\Microchip\xc8\v1.42\sources\common\ftmul.c estimated size: 245

D:\Program Files (x86)\Microchip\xc8\v1.42\sources\common\ftdiv.c
		___ftdiv       		CODE           	23D4	0000	231

D:\Program Files (x86)\Microchip\xc8\v1.42\sources\common\ftdiv.c estimated size: 231

shared
		_CMD8CRC       		SMALLCONST     	1040	0000	2
		_CMD17         		SMALLCONST     	103A	0000	2
		_CMD55         		SMALLCONST     	1033	0000	2
		_R1_ILLEGAL_COMMAND		SMALLCONST     	102C	0000	2
		_ACMD22        		SMALLCONST     	1031	0000	2
		_ACMD41        		SMALLCONST     	102F	0000	2
		_START_BLOCK   		SMALLCONST     	102B	0000	2
		_CMD12         		SMALLCONST     	103D	0000	2
		_CMD8          		SMALLCONST     	1041	0000	2
		_CMD18         		SMALLCONST     	1039	0000	2
		_dpowers       		SMALLCONST     	1001	0000	41
		_CMD9          		SMALLCONST     	103F	0000	2
		_CMD0CRC       		SMALLCONST     	1043	0000	2
		_R1_READY_STATE		SMALLCONST     	102E	0000	2
		_CMD13         		SMALLCONST     	103C	0000	2
		_CMD32         		SMALLCONST     	1036	0000	2
		_CMD38         		SMALLCONST     	1034	0000	2
		_LCD_LEFT      		SMALLCONST     	1045	0000	2
		_LCD_RIGHT     		SMALLCONST     	1046	0000	2
		_CMD0          		SMALLCONST     	1044	0000	2
		__initialization		CODE           	2CFE	0000	45
		_ACMD23        		SMALLCONST     	1030	0000	2
		_CMD33         		SMALLCONST     	1035	0000	2
		_CMD58         		SMALLCONST     	1032	0000	2
		_LCD_VERT_LIMIT		SMALLCONST     	1049	0000	2
		_CMD1          		SMALLCONST     	1042	0000	2
		_LCD_HORZ_LIMIT		SMALLCONST     	104A	0000	2
		_CMD24         		SMALLCONST     	1038	0000	2
		_STOP_TRAN     		SMALLCONST     	1029	0000	2
		_R1_IDLE_STATE 		SMALLCONST     	102D	0000	2
		_START_BLOCK_TOKEN		SMALLCONST     	102A	0000	2
		_CMD25         		SMALLCONST     	1037	0000	2
		_LCD_SIZE_VERT 		SMALLCONST     	1047	0000	2
		_CMD10         		SMALLCONST     	103E	0000	2
		_LCD_SIZE_HORZ 		SMALLCONST     	1048	0000	2
		_CMD16         		SMALLCONST     	103B	0000	2

shared estimated size: 154

D:\Program Files (x86)\Microchip\xc8\v1.42\sources\common\lldiv.c
		___lldiv       		CODE           	28A6	0000	131

D:\Program Files (x86)\Microchip\xc8\v1.42\sources\common\lldiv.c estimated size: 131

D:\Program Files (x86)\Microchip\xc8\v1.42\sources\common\fttol.c
		___fttol       		CODE           	21EC	0000	245

D:\Program Files (x86)\Microchip\xc8\v1.42\sources\common\fttol.c estimated size: 245

main.c
		_main          		CODE           	1902	0000	1511
		_average       		CODE           	2A90	0000	107

main.c estimated size: 1618

../../src/CharacterLCD/lcd.c
		_putch         		CODE           	2E08	0000	21
		_lcdInst       		CODE           	2E1C	0000	21
		_lcd_set_cursor		CODE           	2C4C	0000	65
		_lcdNibble     		CODE           	2928	0000	127
		_lcd_shift_cursor		CODE           	2DD4	0000	29
		_initLCD       		CODE           	2BBC	0000	77

../../src/CharacterLCD/lcd.c estimated size: 340

