Microchip MPLAB XC8 Compiler V1.42 ()

Linker command line:

-W-3 --edf=D:\Program Files (x86)\Microchip\xc8\v1.42\dat\en_msgs.txt -cs \
  -h+dist/default/production\08_SD_Init.X.production.sym \
  --cmf=dist/default/production\08_SD_Init.X.production.cmf -z -Q18F4620 \
  -oC:\Users\Admin\AppData\Local\Temp\sih8.2 \
  -Mdist/default/production/08_SD_Init.X.production.map -E1 -ver=XC8 \
  -ASTACK=0BEh-0f7fh -pstack=STACK -ACODE=00h-0FFFFh -ACONST=00h-0FFFFh \
  -ASMALLCONST=01000h-010FFhx240 -AMEDIUMCONST=01000h-0FFFFh \
  -ACOMRAM=01h-07Fh -AABS1=00h-0F7Fh -ABIGRAM=01h-0F7Fh \
  -ARAM=080h-0FFh,0100h-01FFhx14,0F00h-0F7Fh -ABANK0=080h-0FFh \
  -ABANK1=0100h-01FFh -ABANK2=0200h-02FFh -ABANK3=0300h-03FFh \
  -ABANK4=0400h-04FFh -ABANK5=0500h-05FFh -ABANK6=0600h-06FFh \
  -ABANK7=0700h-07FFh -ABANK8=0800h-08FFh -ABANK9=0900h-09FFh \
  -ABANK10=0A00h-0AFFh -ABANK11=0B00h-0BFFh -ABANK12=0C00h-0CFFh \
  -ABANK13=0D00h-0DFFh -ABANK14=0E00h-0EFFh -ABANK15=0F00h-0F7Fh \
  -ASFR=0F80h-0FFFh -preset_vec=00h,intcode,intcodelo,powerup,init \
  -pramtop=01000h -psmallconst=SMALLCONST -pmediumconst=MEDIUMCONST \
  -pconst=CONST -AFARRAM=00h-00h -ACONFIG=0300000h-030000Dh -pconfig=CONFIG \
  -AIDLOC=0200000h-0200007h -pidloc=IDLOC -AEEDATA=0F00000h-0F003FFh \
  -peeprom_data=EEDATA \
  -prdata=COMRAM,nvrram=COMRAM,nvbit=COMRAM,rbss=COMRAM,rbit=COMRAM \
  -pfarbss=FARRAM,fardata=FARRAM,nvFARRAM=FARRAM \
  -pintsave_regs=BIGRAM,bigbss=BIGRAM,bigdata=BIGRAM -pbss=RAM \
  -pidata=CODE,irdata=CODE,ibigdata=CODE,ifardata=CODE -prparam=COMRAM \
  C:\Users\Admin\AppData\Local\Temp\sih8.obj \
  dist/default/production\08_SD_Init.X.production.obj 

Object code version is 3.11

Machine type is 18F4620

Call graph: (short form)




                Name                               Link     Load   Length Selector   Space Scale
C:\Users\Admin\AppData\Local\Temp\sih8.obj
                init                                  0        0        4        0       0
                idloc                            200000   200000        8   200000       0
                config                           300000   300000        E   300000       0
dist/default/production\08_SD_Init.X.production.obj
                mediumconst                        FE52     FE52      1AE     7F29       0
                text34                             D696     D696       2A     6B4B       0
                text33                             D5BA     D5BA       16     6ADD       0
                text32                             D5A8     D5A8       12     6AD4       0
                text31                             D590     D590        C     6AC8       0
                text30                             D834     D834       6A     6C1A       0
                text29                             D604     D604       24     6B02       0
                text28                             D57E     D57E        8     6ABF       0
                text27                             D586     D586        A     6AC3       0
                text26                             D90E     D90E       7E     6C87       0
                text25                             D6F8     D6F8       3A     6B7C       0
                text24                             DB22     DB22       AE     6D91       0
                text23                             DBD0     DBD0       E6     6DE8       0
                text22                             DCB6     DCB6       F4     6E5B       0
                text21                             DDAA     DDAA       F4     6ED5       0
                text20                             D772     D772       5C     6BB9       0
                text19                             D628     D628       24     6B14       0
                text18                             D6C0     D6C0       38     6B60       0
                text17                             ECC8     ECC8      806     7664       0
                text16                             DA92     DA92       90     6D49       0
                text15                             D64C     D64C       24     6B26       0
                text14                             E0F8     E0F8      1AC     707C       0
                text13                             D732     D732       40     6B99       0
                text12                             D98C     D98C       82     6CC6       0
                text11                             D7CE     D7CE       66     6BE7       0
                text10                             DE9E     DE9E      128     6F4F       0
                text9                              DFC6     DFC6      132     6FE3       0
                text8                              DA0E     DA0E       84     6D07       0
                text7                              D89E     D89E       70     6C4F       0
                text6                              D670     D670       26     6B38       0
                text5                              E2A4     E2A4      246     7152       0
                text4                              D5E6     D5E6       1E     6AF3       0
                text3                              D59C     D59C        C     6ACE       0
                text2                              E8D8     E8D8      3F0     746C       0
                text1                              F4CE     F4CE      984     7A67       0
                text0                              E4EA     E4EA      3EE     7275       0
                cstackCOMRAM                          1        1       7A        1       1
                bssBANK0                             80       80       3E       80       1
                cinit                              D5D0     D5D0       16     6AE8       0

TOTAL           Name                               Link     Load   Length     Space
        CLASS   STACK          

        CLASS   CODE           
                init                                  0        0        4         0
                text34                             D696     D696       2A         0
                text33                             D5BA     D5BA       16         0
                text32                             D5A8     D5A8       12         0
                text31                             D590     D590        C         0
                text30                             D834     D834       6A         0
                text29                             D604     D604       24         0
                text28                             D57E     D57E        8         0
                text27                             D586     D586        A         0
                text26                             D90E     D90E       7E         0
                text25                             D6F8     D6F8       3A         0
                text24                             DB22     DB22       AE         0
                text23                             DBD0     DBD0       E6         0
                text22                             DCB6     DCB6       F4         0
                text21                             DDAA     DDAA       F4         0
                text20                             D772     D772       5C         0
                text19                             D628     D628       24         0
                text18                             D6C0     D6C0       38         0
                text17                             ECC8     ECC8      806         0
                text16                             DA92     DA92       90         0
                text15                             D64C     D64C       24         0
                text14                             E0F8     E0F8      1AC         0
                text13                             D732     D732       40         0
                text12                             D98C     D98C       82         0
                text11                             D7CE     D7CE       66         0
                text10                             DE9E     DE9E      128         0
                text9                              DFC6     DFC6      132         0
                text8                              DA0E     DA0E       84         0
                text7                              D89E     D89E       70         0
                text6                              D670     D670       26         0
                text5                              E2A4     E2A4      246         0
                text4                              D5E6     D5E6       1E         0
                text3                              D59C     D59C        C         0
                text2                              E8D8     E8D8      3F0         0
                text1                              F4CE     F4CE      984         0
                text0                              E4EA     E4EA      3EE         0
                cinit                              D5D0     D5D0       16         0

        CLASS   CONST          

        CLASS   SMALLCONST     

        CLASS   MEDIUMCONST    
                mediumconst                        FE52     FE52      1AE         0

        CLASS   COMRAM         
                cstackCOMRAM                          1        1       7A         1

        CLASS   ABS1           

        CLASS   BIGRAM         

        CLASS   RAM            

        CLASS   BANK0          
                bssBANK0                             80       80       3E         1

        CLASS   BANK1          

        CLASS   BANK2          

        CLASS   BANK3          

        CLASS   BANK4          

        CLASS   BANK5          

        CLASS   BANK6          

        CLASS   BANK7          

        CLASS   BANK8          

        CLASS   BANK9          

        CLASS   BANK10         

        CLASS   BANK11         

        CLASS   BANK12         

        CLASS   BANK13         

        CLASS   BANK14         

        CLASS   BANK15         

        CLASS   SFR            

        CLASS   FARRAM         

        CLASS   CONFIG         
                config                           300000   300000        E         0

        CLASS   IDLOC          
                idloc                            200000   200000        8         0

        CLASS   EEDATA         



SEGMENTS        Name                           Load    Length   Top    Selector   Space  Class

                reset_vec                      000000  000004  000004         0       0  CODE    
                cstackCOMRAM                   000001  00007A  00007B         1       1  COMRAM  
                bssBANK0                       000080  00003E  0000BE        80       1  BANK0   
                text28                         00D57E  000008  00D586      6ABF       0  CODE    
                text27                         00D586  00000A  00D590      6AC3       0  CODE    
                text31                         00D590  00000C  00D59C      6AC8       0  CODE    
                text3                          00D59C  00000C  00D5A8      6ACE       0  CODE    
                text32                         00D5A8  000012  00D5BA      6AD4       0  CODE    
                text33                         00D5BA  000016  00D5D0      6ADD       0  CODE    
                cinit                          00D5D0  000016  00D5E6      6AE8       0  CODE    
                text4                          00D5E6  00001E  00D604      6AF3       0  CODE    
                text29                         00D604  000024  00D628      6B02       0  CODE    
                text19                         00D628  000024  00D64C      6B14       0  CODE    
                text15                         00D64C  000024  00D670      6B26       0  CODE    
                text6                          00D670  000026  00D696      6B38       0  CODE    
                text34                         00D696  00002A  00D6C0      6B4B       0  CODE    
                text18                         00D6C0  000038  00D6F8      6B60       0  CODE    
                text25                         00D6F8  00003A  00D732      6B7C       0  CODE    
                text13                         00D732  000040  00D772      6B99       0  CODE    
                text20                         00D772  00005C  00D7CE      6BB9       0  CODE    
                text11                         00D7CE  000066  00D834      6BE7       0  CODE    
                text30                         00D834  00006A  00D89E      6C1A       0  CODE    
                text7                          00D89E  000070  00D90E      6C4F       0  CODE    
                text26                         00D90E  00007E  00D98C      6C87       0  CODE    
                text12                         00D98C  000082  00DA0E      6CC6       0  CODE    
                text8                          00DA0E  000084  00DA92      6D07       0  CODE    
                text16                         00DA92  000090  00DB22      6D49       0  CODE    
                text24                         00DB22  0000AE  00DBD0      6D91       0  CODE    
                text23                         00DBD0  0000E6  00DCB6      6DE8       0  CODE    
                text22                         00DCB6  0000F4  00DDAA      6E5B       0  CODE    
                text21                         00DDAA  0000F4  00DE9E      6ED5       0  CODE    
                text10                         00DE9E  000128  00DFC6      6F4F       0  CODE    
                text9                          00DFC6  000132  00E0F8      6FE3       0  CODE    
                text14                         00E0F8  0001AC  00E2A4      707C       0  CODE    
                text5                          00E2A4  000246  00E4EA      7152       0  CODE    
                text0                          00E4EA  0003EE  00E8D8      7275       0  CODE    
                text2                          00E8D8  0003F0  00ECC8      746C       0  CODE    
                text17                         00ECC8  000806  00F4CE      7664       0  CODE    
                text1                          00F4CE  000984  00FE52      7A67       0  CODE    
                mediumconst                    00FE52  0001AE  010000      7F29       0  MEDIUMCO
                idloc                          200000  000008  200008    200000       0  IDLOC   
                config                         300000  00000E  30000E    300000       0  CONFIG  


UNUSED ADDRESS RANGES

        Name                Unused          Largest block    Delta
        BANK0            0000BE-0000FF               42
        BANK1            000100-0001FF              100
        BANK10           000A00-000AFF              100
        BANK11           000B00-000BFF              100
        BANK12           000C00-000CFF              100
        BANK13           000D00-000DFF              100
        BANK14           000E00-000EFF              100
        BANK15           000F00-000F7F               80
        BANK2            000200-0002FF              100
        BANK3            000300-0003FF              100
        BANK4            000400-0004FF              100
        BANK5            000500-0005FF              100
        BANK6            000600-0006FF              100
        BANK7            000700-0007FF              100
        BANK8            000800-0008FF              100
        BANK9            000900-0009FF              100
        BIGRAM           00007B-00007F                5
                         0000BE-000F7F              EC2
        CODE             000004-00D57D             D57A
        COMRAM           00007B-00007F                5
        CONST            000004-00D57D             D57A
        EEDATA           F00000-F003FF              400
        MEDIUMCONST      001000-00D57D             C57E
        RAM              0000BE-000F7F              100
        SFR              000F80-000FFF               80
        SMALLCONST       001000-00D57D              100
        STACK            0000BE-000F7F              EC2

                                  Symbol Table

?___awdiv                   cstackCOMRAM 000007
?___awmod                   cstackCOMRAM 000001
?___ftadd                   cstackCOMRAM 00002E
?___ftdiv                   cstackCOMRAM 00000C
?___ftmul                   cstackCOMRAM 000015
?___ftneg                   cstackCOMRAM 000001
?___ftpack                  cstackCOMRAM 000001
?___ftsub                   cstackCOMRAM 00003A
?___fttol                   cstackCOMRAM 00002B
?___lldiv                   cstackCOMRAM 000001
?___llmod                   cstackCOMRAM 00000E
?___lltoft                  cstackCOMRAM 000009
?___lwtoft                  cstackCOMRAM 000009
?___wmul                    cstackCOMRAM 00000F
?__div_to_l_                cstackCOMRAM 000001
?__tdiv_to_l_               cstackCOMRAM 000001
?_fround                    cstackCOMRAM 000024
?_printf                    cstackCOMRAM 000040
?_scale                     cstackCOMRAM 000024
SD_ACMD@arg                 cstackCOMRAM 00000B
SD_ACMD@cmd                 cstackCOMRAM 00000F
SD_Command@arg              cstackCOMRAM 000004
SD_Command@cmd              cstackCOMRAM 000009
SD_Command@n                cstackCOMRAM 000008
SD_Command@response         cstackCOMRAM 00000A
_ACMD22                     mediumconst  00FEF6
_ACMD23                     mediumconst  00FEF5
_ACMD41                     mediumconst  00FEF4
_CMD0                       mediumconst  00FF09
_CMD0CRC                    mediumconst  00FF08
_CMD1                       mediumconst  00FF07
_CMD10                      mediumconst  00FF03
_CMD12                      mediumconst  00FF02
_CMD13                      mediumconst  00FF01
_CMD16                      mediumconst  00FF00
_CMD17                      mediumconst  00FEFF
_CMD18                      mediumconst  00FEFE
_CMD24                      mediumconst  00FEFD
_CMD25                      mediumconst  00FEFC
_CMD32                      mediumconst  00FEFB
_CMD33                      mediumconst  00FEFA
_CMD38                      mediumconst  00FEF9
_CMD55                      mediumconst  00FEF8
_CMD58                      mediumconst  00FEF7
_CMD8                       mediumconst  00FF06
_CMD8CRC                    mediumconst  00FF05
_CMD9                       mediumconst  00FF04
_INTCONbits                 (abs)        000FF2
_LATD                       (abs)        000F8C
_LATDbits                   (abs)        000F8C
_LATEbits                   (abs)        000F8D
_LCD_LINE1_ADDR             mediumconst  00FEEB
_LCD_LINE2_ADDR             mediumconst  00FF0A
_LCD_LINE3_ADDR             mediumconst  00FEEA
_LCD_LINE4_ADDR             mediumconst  00FEE9
_LCD_SIZE_HORZ              mediumconst  00FEED
_LCD_SIZE_VERT              mediumconst  00FEEC
_OSCCON                     (abs)        000FD3
_OSCCONbits                 (abs)        000FD3
_OSCTUNE                    (abs)        000F9B
_OSCTUNEbits                (abs)        000F9B
_R1_IDLE_STATE              mediumconst  00FEF2
_R1_ILLEGAL_COMMAND         mediumconst  00FEF1
_R1_READY_STATE             mediumconst  00FEF3
_SDCard                     bssBANK0     000080
_SD_ACMD                    text25       00D6F8
_SD_Command                 text26       00D90E
_SSPBUF                     (abs)        000FC9
_SSPCON1                    (abs)        000FC6
_SSPCON1bits                (abs)        000FC6
_SSPIF                      (abs)        007CF3
_SSPSTAT                    (abs)        000FC7
_SSPSTATbits                (abs)        000FC7
_START_BLOCK                mediumconst  00FEF0
_START_BLOCK_TOKEN          mediumconst  00FEEF
_STOP_TRAN                  mediumconst  00FEEE
_TRISCbits                  (abs)        000F94
_TRISD                      (abs)        000F95
_TRISEbits                  (abs)        000F96
__CFG_BOREN$SBORDIS         (abs)        000000
__CFG_BORV$3                (abs)        000000
__CFG_CCP2MX$PORTC          (abs)        000000
__CFG_CP0$OFF               (abs)        000000
__CFG_CP1$OFF               (abs)        000000
__CFG_CP2$OFF               (abs)        000000
__CFG_CP3$OFF               (abs)        000000
__CFG_CPB$OFF               (abs)        000000
__CFG_CPD$ON                (abs)        000000
__CFG_EBTR0$OFF             (abs)        000000
__CFG_EBTR1$OFF             (abs)        000000
__CFG_EBTR2$OFF             (abs)        000000
__CFG_EBTR3$OFF             (abs)        000000
__CFG_EBTRB$OFF             (abs)        000000
__CFG_FCMEN$OFF             (abs)        000000
__CFG_IESO$OFF              (abs)        000000
__CFG_LPT1OSC$OFF           (abs)        000000
__CFG_LVP$OFF               (abs)        000000
__CFG_MCLRE$ON              (abs)        000000
__CFG_OSC$HS                (abs)        000000
__CFG_PBADEN$ON             (abs)        000000
__CFG_PWRT$OFF              (abs)        000000
__CFG_STVREN$ON             (abs)        000000
__CFG_WDT$OFF               (abs)        000000
__CFG_WDTPS$32768           (abs)        000000
__CFG_WRT0$OFF              (abs)        000000
__CFG_WRT1$OFF              (abs)        000000
__CFG_WRT2$OFF              (abs)        000000
__CFG_WRT3$OFF              (abs)        000000
__CFG_WRTB$OFF              (abs)        000000
__CFG_WRTC$OFF              (abs)        000000
__CFG_WRTD$OFF              (abs)        000000
__CFG_XINST$OFF             (abs)        000000
__HRAM                      (abs)        000000
__Habs1                     abs1         000000
__Hbank0                    bank0        000000
__Hbank1                    bank1        000000
__Hbank10                   bank10       000000
__Hbank11                   bank11       000000
__Hbank12                   bank12       000000
__Hbank13                   bank13       000000
__Hbank14                   bank14       000000
__Hbank15                   bank15       000000
__Hbank2                    bank2        000000
__Hbank3                    bank3        000000
__Hbank4                    bank4        000000
__Hbank5                    bank5        000000
__Hbank6                    bank6        000000
__Hbank7                    bank7        000000
__Hbank8                    bank8        000000
__Hbank9                    bank9        000000
__Hbigbss                   bigbss       000000
__Hbigdata                  bigdata      000000
__Hbigram                   bigram       000000
__Hbss                      bss          000000
__HbssBANK0                 bssBANK0     000000
__Hcinit                    cinit        000000
__Hclrtext                  clrtext      000000
__Hcomram                   comram       000000
__Hconfig                   config       30000E
__Hconst                    const        000000
__HcstackCOMRAM             cstackCOMRAM 000000
__Hdata                     data         000000
__Heeprom_data              eeprom_data  000000
__Hfarbss                   farbss       000000
__Hfardata                  fardata      000000
__Hibigdata                 ibigdata     000000
__Hidata                    idata        000000
__Hidloc                    idloc        200008
__Hifardata                 ifardata     000000
__Hinit                     init         000004
__Hintcode                  intcode      000000
__Hintcode_body             intcode_body 000000
__Hintcodelo                intcodelo    000000
__Hintentry                 intentry     000000
__Hintret                   intret       000000
__Hintsave_regs             intsave_regs 000000
__Hirdata                   irdata       000000
__Hmediumconst              mediumconst  010000
__HnvFARRAM                 nvFARRAM     000000
__Hnvbit                    nvbit        000000
__Hnvrram                   nvrram       000000
__Hparam                    rparam       000000
__Hpowerup                  powerup      000000
__Hram                      ram          000000
__Hramtop                   ramtop       001000
__Hrbit                     rbit         000000
__Hrbss                     rbss         000000
__Hrdata                    rdata        000000
__Hreset_vec                reset_vec    000000
__Hrparam                   rparam       000000
__Hsfr                      sfr          000000
__Hsmallconst               smallconst   000000
__Hspace_0                  (abs)        30000E
__Hspace_1                  (abs)        0000BE
__Hspace_2                  (abs)        000000
__Hstack                    stack        000000
__Hstruct                   struct       000000
__Htemp                     temp         000000
__Htext                     text         000000
__Htext0                    text0        000000
__Htext1                    text1        000000
__Htext10                   text10       000000
__Htext11                   text11       000000
__Htext12                   text12       000000
__Htext13                   text13       000000
__Htext14                   text14       000000
__Htext15                   text15       000000
__Htext16                   text16       000000
__Htext17                   text17       000000
__Htext18                   text18       000000
__Htext19                   text19       000000
__Htext2                    text2        000000
__Htext20                   text20       000000
__Htext21                   text21       000000
__Htext22                   text22       000000
__Htext23                   text23       000000
__Htext24                   text24       000000
__Htext25                   text25       000000
__Htext26                   text26       000000
__Htext27                   text27       000000
__Htext28                   text28       000000
__Htext29                   text29       000000
__Htext3                    text3        000000
__Htext30                   text30       000000
__Htext31                   text31       000000
__Htext32                   text32       000000
__Htext33                   text33       000000
__Htext34                   text34       000000
__Htext4                    text4        000000
__Htext5                    text5        000000
__Htext6                    text6        000000
__Htext7                    text7        000000
__Htext8                    text8        000000
__Htext9                    text9        000000
__LRAM                      (abs)        000001
__Labs1                     abs1         000000
__Lbank0                    bank0        000000
__Lbank1                    bank1        000000
__Lbank10                   bank10       000000
__Lbank11                   bank11       000000
__Lbank12                   bank12       000000
__Lbank13                   bank13       000000
__Lbank14                   bank14       000000
__Lbank15                   bank15       000000
__Lbank2                    bank2        000000
__Lbank3                    bank3        000000
__Lbank4                    bank4        000000
__Lbank5                    bank5        000000
__Lbank6                    bank6        000000
__Lbank7                    bank7        000000
__Lbank8                    bank8        000000
__Lbank9                    bank9        000000
__Lbigbss                   bigbss       000000
__Lbigdata                  bigdata      000000
__Lbigram                   bigram       000000
__Lbss                      bss          000000
__LbssBANK0                 bssBANK0     000000
__Lcinit                    cinit        000000
__Lclrtext                  clrtext      000000
__Lcomram                   comram       000000
__Lconfig                   config       300000
__Lconst                    const        000000
__LcstackCOMRAM             cstackCOMRAM 000000
__Ldata                     data         000000
__Leeprom_data              eeprom_data  000000
__Lfarbss                   farbss       000000
__Lfardata                  fardata      000000
__Libigdata                 ibigdata     000000
__Lidata                    idata        000000
__Lidloc                    idloc        200000
__Lifardata                 ifardata     000000
__Linit                     init         000000
__Lintcode                  intcode      000000
__Lintcode_body             intcode_body 000000
__Lintcodelo                intcodelo    000000
__Lintentry                 intentry     000000
__Lintret                   intret       000000
__Lintsave_regs             intsave_regs 000000
__Lirdata                   irdata       000000
__Lmediumconst              mediumconst  00FE52
__LnvFARRAM                 nvFARRAM     000000
__Lnvbit                    nvbit        000000
__Lnvrram                   nvrram       000000
__Lparam                    rparam       000000
__Lpowerup                  powerup      000000
__Lram                      ram          000000
__Lramtop                   ramtop       001000
__Lrbit                     rbit         000000
__Lrbss                     rbss         000000
__Lrdata                    rdata        000000
__Lreset_vec                reset_vec    000000
__Lrparam                   rparam       000000
__Lsfr                      sfr          000000
__Lsmallconst               smallconst   000000
__Lspace_0                  (abs)        000000
__Lspace_1                  (abs)        000000
__Lspace_2                  (abs)        000000
__Lstack                    stack        000000
__Lstruct                   struct       000000
__Ltemp                     temp         000000
__Ltext                     text         000000
__Ltext0                    text0        000000
__Ltext1                    text1        000000
__Ltext10                   text10       000000
__Ltext11                   text11       000000
__Ltext12                   text12       000000
__Ltext13                   text13       000000
__Ltext14                   text14       000000
__Ltext15                   text15       000000
__Ltext16                   text16       000000
__Ltext17                   text17       000000
__Ltext18                   text18       000000
__Ltext19                   text19       000000
__Ltext2                    text2        000000
__Ltext20                   text20       000000
__Ltext21                   text21       000000
__Ltext22                   text22       000000
__Ltext23                   text23       000000
__Ltext24                   text24       000000
__Ltext25                   text25       000000
__Ltext26                   text26       000000
__Ltext27                   text27       000000
__Ltext28                   text28       000000
__Ltext29                   text29       000000
__Ltext3                    text3        000000
__Ltext30                   text30       000000
__Ltext31                   text31       000000
__Ltext32                   text32       000000
__Ltext33                   text33       000000
__Ltext34                   text34       000000
__Ltext4                    text4        000000
__Ltext5                    text5        000000
__Ltext6                    text6        000000
__Ltext7                    text7        000000
__Ltext8                    text8        000000
__Ltext9                    text9        000000
__S0                        (abs)        30000E
__S1                        (abs)        0000BE
__S2                        (abs)        000000
___awdiv                    text8        00DA0E
___awdiv@counter            cstackCOMRAM 00000B
___awdiv@dividend           cstackCOMRAM 000007
___awdiv@divisor            cstackCOMRAM 000009
___awdiv@quotient           cstackCOMRAM 00000D
___awdiv@sign               cstackCOMRAM 00000C
___awmod                    text7        00D89E
___awmod@counter            cstackCOMRAM 000005
___awmod@dividend           cstackCOMRAM 000001
___awmod@divisor            cstackCOMRAM 000003
___awmod@sign               cstackCOMRAM 000006
___ftadd                    text14       00E0F8
___ftadd@exp1               cstackCOMRAM 000039
___ftadd@exp2               cstackCOMRAM 000038
___ftadd@f1                 cstackCOMRAM 00002E
___ftadd@f2                 cstackCOMRAM 000031
___ftadd@sign               cstackCOMRAM 000037
___ftdiv                    text23       00DBD0
___ftdiv@cntr               cstackCOMRAM 000015
___ftdiv@exp                cstackCOMRAM 000019
___ftdiv@f1                 cstackCOMRAM 00000C
___ftdiv@f2                 cstackCOMRAM 00000F
___ftdiv@f3                 cstackCOMRAM 000016
___ftdiv@sign               cstackCOMRAM 00001A
___ftge                     text16       00DA92
___ftge@ff1                 cstackCOMRAM 000001
___ftge@ff2                 cstackCOMRAM 000004
___ftmul                    text22       00DCB6
___ftmul@cntr               cstackCOMRAM 000022
___ftmul@exp                cstackCOMRAM 00001E
___ftmul@f1                 cstackCOMRAM 000015
___ftmul@f2                 cstackCOMRAM 000018
___ftmul@f3_as_product      cstackCOMRAM 00001F
___ftmul@sign               cstackCOMRAM 000023
___ftneg                    text15       00D64C
___ftneg@f1                 cstackCOMRAM 000001
___ftpack                   text24       00DB22
___ftpack@arg               cstackCOMRAM 000001
___ftpack@exp               cstackCOMRAM 000004
___ftpack@sign              cstackCOMRAM 000005
___ftsub                    text13       00D732
___ftsub@f1                 cstackCOMRAM 00003A
___ftsub@f2                 cstackCOMRAM 00003D
___fttol                    text21       00DDAA
___fttol@exp1               cstackCOMRAM 000039
___fttol@f1                 cstackCOMRAM 00002B
___fttol@lval               cstackCOMRAM 000035
___fttol@sign1              cstackCOMRAM 000034
___inthi_sp                 stack        000000
___intlo_sp                 stack        000000
___lldiv                    text12       00D98C
___lldiv@counter            cstackCOMRAM 00000D
___lldiv@dividend           cstackCOMRAM 000001
___lldiv@divisor            cstackCOMRAM 000005
___lldiv@quotient           cstackCOMRAM 000009
___llmod                    text11       00D7CE
___llmod@counter            cstackCOMRAM 000016
___llmod@dividend           cstackCOMRAM 00000E
___llmod@divisor            cstackCOMRAM 000012
___lltoft                   text20       00D772
___lltoft@c                 cstackCOMRAM 000009
___lltoft@exp               cstackCOMRAM 000011
___lwtoft                   text19       00D628
___lwtoft@c                 cstackCOMRAM 000009
___param_bank               (abs)        000000
___rparam_used              (abs)        000001
___sp                       stack        000000
___wmul                     text6        00D670
___wmul@multiplicand        cstackCOMRAM 000011
___wmul@multiplier          cstackCOMRAM 00000F
___wmul@product             cstackCOMRAM 000013
__accesstop                 (abs)        000080
__activetblptr              (abs)        000002
__div_to_l_                 text10       00DE9E
__div_to_l_@cntr            cstackCOMRAM 00000B
__div_to_l_@exp1            cstackCOMRAM 00000C
__div_to_l_@f1              cstackCOMRAM 000001
__div_to_l_@f2              cstackCOMRAM 000004
__div_to_l_@quot            cstackCOMRAM 000007
__end_of_ACMD22             mediumconst  00FEF7
__end_of_ACMD23             mediumconst  00FEF6
__end_of_ACMD41             mediumconst  00FEF5
__end_of_CMD0               mediumconst  00FF0A
__end_of_CMD0CRC            mediumconst  00FF09
__end_of_CMD1               mediumconst  00FF08
__end_of_CMD10              mediumconst  00FF04
__end_of_CMD12              mediumconst  00FF03
__end_of_CMD13              mediumconst  00FF02
__end_of_CMD16              mediumconst  00FF01
__end_of_CMD17              mediumconst  00FF00
__end_of_CMD18              mediumconst  00FEFF
__end_of_CMD24              mediumconst  00FEFE
__end_of_CMD25              mediumconst  00FEFD
__end_of_CMD32              mediumconst  00FEFC
__end_of_CMD33              mediumconst  00FEFB
__end_of_CMD38              mediumconst  00FEFA
__end_of_CMD55              mediumconst  00FEF9
__end_of_CMD58              mediumconst  00FEF8
__end_of_CMD8               mediumconst  00FF07
__end_of_CMD8CRC            mediumconst  00FF06
__end_of_CMD9               mediumconst  00FF05
__end_of_LCD_LINE1_ADDR     mediumconst  00FEEC
__end_of_LCD_LINE2_ADDR     mediumconst  00FF0B
__end_of_LCD_LINE3_ADDR     mediumconst  00FEEB
__end_of_LCD_LINE4_ADDR     mediumconst  00FEEA
__end_of_LCD_SIZE_HORZ      mediumconst  00FEEE
__end_of_LCD_SIZE_VERT      mediumconst  00FEED
__end_of_R1_IDLE_STATE      mediumconst  00FEF3
__end_of_R1_ILLEGAL_COMMAND mediumconst  00FEF2
__end_of_R1_READY_STATE     mediumconst  00FEF4
__end_of_SD_ACMD            text25       00D732
__end_of_SD_Command         text26       00D98C
__end_of_START_BLOCK        mediumconst  00FEF1
__end_of_START_BLOCK_TOKEN  mediumconst  00FEF0
__end_of_STOP_TRAN          mediumconst  00FEEF
__end_of___awdiv            text8        00DA92
__end_of___awmod            text7        00D90E
__end_of___ftadd            text14       00E2A4
__end_of___ftdiv            text23       00DCB6
__end_of___ftge             text16       00DB22
__end_of___ftmul            text22       00DDAA
__end_of___ftneg            text15       00D670
__end_of___ftpack           text24       00DBD0
__end_of___ftsub            text13       00D772
__end_of___fttol            text21       00DE9E
__end_of___lldiv            text12       00DA0E
__end_of___llmod            text11       00D834
__end_of___lltoft           text20       00D7CE
__end_of___lwtoft           text19       00D64C
__end_of___wmul             text6        00D696
__end_of__div_to_l_         text10       00DFC6
__end_of__initialization    cinit        00D5DC
__end_of__npowers_          mediumconst  00FEC9
__end_of__powers_           mediumconst  00FEA2
__end_of__tdiv_to_l_        text9        00E0F8
__end_of_dpowers            mediumconst  00FE7B
__end_of_fround             text5        00E4EA
__end_of_hexpowers          mediumconst  00FEE9
__end_of_initLCD            text30       00D89E
__end_of_initSD             text17       00F4CE
__end_of_isdigit            text4        00D604
__end_of_lcdInst            text31       00D59C
__end_of_main               text0        00E8D8
__end_of_printf             text1        00FE52
__end_of_pulse_e            text34       00D6C0
__end_of_putch              text3        00D5A8
__end_of_scale              text2        00ECC8
__end_of_send_byte          text32       00D5BA
__end_of_send_nibble        text33       00D5D0
__end_of_spiInit            text18       00D6F8
__end_of_spiReceive         text28       00D586
__end_of_spiSend            text27       00D590
__end_of_spiTransfer        text29       00D628
__initialization            cinit        00D5D0
__mediumconst               mediumconst  00FE52
__npowers_                  mediumconst  00FEA2
__pbssBANK0                 bssBANK0     000080
__pcinit                    cinit        00D5D0
__pcstackCOMRAM             cstackCOMRAM 000001
__pmediumconst              mediumconst  00FE52
__powers_                   mediumconst  00FE7B
__ptext0                    text0        00E4EA
__ptext1                    text1        00F4CE
__ptext10                   text10       00DE9E
__ptext11                   text11       00D7CE
__ptext12                   text12       00D98C
__ptext13                   text13       00D732
__ptext14                   text14       00E0F8
__ptext15                   text15       00D64C
__ptext16                   text16       00DA92
__ptext17                   text17       00ECC8
__ptext18                   text18       00D6C0
__ptext19                   text19       00D628
__ptext2                    text2        00E8D8
__ptext20                   text20       00D772
__ptext21                   text21       00DDAA
__ptext22                   text22       00DCB6
__ptext23                   text23       00DBD0
__ptext24                   text24       00DB22
__ptext25                   text25       00D6F8
__ptext26                   text26       00D90E
__ptext27                   text27       00D586
__ptext28                   text28       00D57E
__ptext29                   text29       00D604
__ptext3                    text3        00D59C
__ptext30                   text30       00D834
__ptext31                   text31       00D590
__ptext32                   text32       00D5A8
__ptext33                   text33       00D5BA
__ptext34                   text34       00D696
__ptext4                    text4        00D5E6
__ptext5                    text5        00E2A4
__ptext6                    text6        00D670
__ptext7                    text7        00D89E
__ptext8                    text8        00DA0E
__ptext9                    text9        00DFC6
__ramtop                    ramtop       001000
__size_of_SD_ACMD           (abs)        000000
__size_of_SD_Command        (abs)        000000
__size_of___awdiv           (abs)        000000
__size_of___awmod           (abs)        000000
__size_of___ftadd           (abs)        000000
__size_of___ftdiv           (abs)        000000
__size_of___ftge            (abs)        000000
__size_of___ftmul           (abs)        000000
__size_of___ftneg           (abs)        000000
__size_of___ftpack          (abs)        000000
__size_of___ftsub           (abs)        000000
__size_of___fttol           (abs)        000000
__size_of___lldiv           (abs)        000000
__size_of___llmod           (abs)        000000
__size_of___lltoft          (abs)        000000
__size_of___lwtoft          (abs)        000000
__size_of___wmul            (abs)        000000
__size_of__div_to_l_        (abs)        000000
__size_of__tdiv_to_l_       (abs)        000000
__size_of_fround            (abs)        000000
__size_of_initLCD           (abs)        000000
__size_of_initSD            (abs)        000000
__size_of_isdigit           (abs)        000000
__size_of_lcdInst           (abs)        000000
__size_of_main              (abs)        000000
__size_of_printf            (abs)        000000
__size_of_pulse_e           (abs)        000000
__size_of_putch             (abs)        000000
__size_of_scale             (abs)        000000
__size_of_send_byte         (abs)        000000
__size_of_send_nibble       (abs)        000000
__size_of_spiInit           (abs)        000000
__size_of_spiReceive        (abs)        000000
__size_of_spiSend           (abs)        000000
__size_of_spiTransfer       (abs)        000000
__smallconst                smallconst   000000
__tdiv_to_l_                text9        00DFC6
__tdiv_to_l_@cntr           cstackCOMRAM 00000E
__tdiv_to_l_@exp1           cstackCOMRAM 00000F
__tdiv_to_l_@f1             cstackCOMRAM 000001
__tdiv_to_l_@f2             cstackCOMRAM 000004
__tdiv_to_l_@quot           cstackCOMRAM 00000A
_dpowers                    mediumconst  00FE53
_fround                     text5        00E2A4
_fround$1432                cstackCOMRAM 00002A
_fround$1433                cstackCOMRAM 000027
_hexpowers                  mediumconst  00FEC9
_initLCD                    text30       00D834
_initSD                     text17       00ECC8
_isdigit                    text4        00D5E6
_isdigit$1058               cstackCOMRAM 000002
_lcdInst                    text31       00D590
_main                       text0        00E4EA
_printf                     text1        00F4CE
_printf$1435                cstackCOMRAM 000052
_pulse_e                    text34       00D696
_putch                      text3        00D59C
_scale                      text2        00E8D8
_scale$1434                 cstackCOMRAM 000027
_send_byte                  text32       00D5A8
_send_nibble                text33       00D5BA
_spiInit                    text18       00D6C0
_spiReceive                 text28       00D57E
_spiSend                    text27       00D586
_spiTransfer                text29       00D604
end_of_initialization       cinit        00D5DC
fround@prec                 cstackCOMRAM 00002D
initSD@F3023                bssBANK0     0000AE
initSD@argument             cstackCOMRAM 000041
initSD@arr_response         cstackCOMRAM 00004B
initSD@i                    cstackCOMRAM 00005B
initSD@i_411                cstackCOMRAM 00005D
initSD@i_412                cstackCOMRAM 00005E
initSD@i_414                cstackCOMRAM 00005C
initSD@i_415                cstackCOMRAM 00005F
initSD@i_418                cstackCOMRAM 000060
initSD@last_OSCCON          cstackCOMRAM 000045
initSD@last_OSCTUNE         cstackCOMRAM 000046
initSD@response             cstackCOMRAM 000065
initSD@tempSize             cstackCOMRAM 000047
initSD@tempSize_417         cstackCOMRAM 000061
intlevel0                   text         000000
intlevel1                   text         000000
intlevel2                   text         000000
intlevel3                   text         000000
isdigit@c                   cstackCOMRAM 000003
lcdInst@data                cstackCOMRAM 000004
main@PNM                    cstackCOMRAM 000076
main@month                  cstackCOMRAM 000075
main@year                   cstackCOMRAM 000073
printf@ap                   cstackCOMRAM 00005A
printf@c                    cstackCOMRAM 00006D
printf@cp                   cstackCOMRAM 000055
printf@exp                  cstackCOMRAM 00005C
printf@f                    cstackCOMRAM 000040
printf@flag                 cstackCOMRAM 00005E
printf@fval                 cstackCOMRAM 000068
printf@idx                  cstackCOMRAM 000057
printf@len                  cstackCOMRAM 000058
printf@prec                 cstackCOMRAM 00006B
printf@tmpval               cstackCOMRAM 000060
printf@val                  cstackCOMRAM 000064
pulse_e@interruptState      cstackCOMRAM 000001
putch@data                  cstackCOMRAM 000004
scale@scl                   cstackCOMRAM 00002A
send_byte@data              cstackCOMRAM 000003
send_nibble@data            cstackCOMRAM 000002
spiInit@divider             cstackCOMRAM 000001
spiSend@val                 cstackCOMRAM 000003
spiTransfer@byteToTransfer  cstackCOMRAM 000002
stackhi                     (abs)        000F7F
stacklo                     (abs)        0000BE
start                       init         000000
start_initialization        cinit        00D5D0


FUNCTION INFORMATION:

 *************** function _main *****************
 Defined at:
		line 24 in file "main.c"
 Parameters:    Size  Location     Type
		None
 Auto vars:     Size  Location     Type
  PNM             5  117[COMRAM] unsigned char [5]
  year            2  114[COMRAM] unsigned short 
  month           1  116[COMRAM] unsigned char 
 Return value:  Size  Location     Type
                  1    wreg      void 
 Registers used:
		wreg, fsr1l, fsr1h, fsr2l, fsr2h, status,2, status,0, tblptrl, tblptrh, tblptru, prodl, prodh, cstack
 Tracked objects:
		On entry : 
		On exit  : 
		Unchanged: 
 Data sizes:     COMRAM   BANK0   BANK1   BANK2   BANK3   BANK4   BANK5   BANK6   BANK7   BANK8   BANK9  BANK10  BANK11  BANK12  BANK13  BANK14  BANK15
      Params:         0       0       0       0       0       0       0       0       0       0       0       0       0       0       0       0       0
      Locals:         8       0       0       0       0       0       0       0       0       0       0       0       0       0       0       0       0
      Temps:          5       0       0       0       0       0       0       0       0       0       0       0       0       0       0       0       0
      Totals:        13       0       0       0       0       0       0       0       0       0       0       0       0       0       0       0       0
Total ram usage:       13 bytes
 Hardware stack levels required when called:    5
 This function calls:
		_initLCD
		_initSD
		_lcdInst
		_printf
 This function is called by:
		Startup code after reset
 This function uses a non-reentrant model


 *************** function _printf *****************
 Defined at:
		line 464 in file "D:\Program Files (x86)\Microchip\xc8\v1.42\sources\common\doprnt.c"
 Parameters:    Size  Location     Type
  f               2   63[COMRAM] PTR const unsigned char 
		 -> STR_19(16), STR_18(6), STR_17(14), STR_16(9), 
		 -> STR_15(11), STR_14(3), STR_13(10), STR_12(11), 
		 -> STR_11(16), STR_10(13), STR_9(13), STR_8(15), 
		 -> STR_7(11), STR_6(14), STR_5(14), STR_4(10), 
		 -> STR_3(11), STR_2(16), STR_1(17), 
 Auto vars:     Size  Location     Type
  idx             1   86[COMRAM] unsigned char 
  val             4   99[COMRAM] unsigned long 
  tmpval          4   95[COMRAM] struct .
  fval            3  103[COMRAM] struct .
  prec            2  106[COMRAM] int 
  flag            2   93[COMRAM] unsigned short 
  exp             2   91[COMRAM] int 
  ap              2   89[COMRAM] PTR void [1]
		 -> ?_printf(2), 
  len             2   87[COMRAM] unsigned int 
  cp              2   84[COMRAM] PTR const unsigned char 
		 -> printf@c(1), 
  width           2    0        int 
  c               1  108[COMRAM] char 
  d               1    0        unsigned char 
 Return value:  Size  Location     Type
                  2   63[COMRAM] int 
 Registers used:
		wreg, fsr2l, fsr2h, status,2, status,0, tblptrl, tblptrh, tblptru, prodl, prodh, cstack
 Tracked objects:
		On entry : 
		On exit  : 
		Unchanged: 
 Data sizes:     COMRAM   BANK0   BANK1   BANK2   BANK3   BANK4   BANK5   BANK6   BANK7   BANK8   BANK9  BANK10  BANK11  BANK12  BANK13  BANK14  BANK15
      Params:        12       0       0       0       0       0       0       0       0       0       0       0       0       0       0       0       0
      Locals:        28       0       0       0       0       0       0       0       0       0       0       0       0       0       0       0       0
      Temps:          6       0       0       0       0       0       0       0       0       0       0       0       0       0       0       0       0
      Totals:        46       0       0       0       0       0       0       0       0       0       0       0       0       0       0       0       0
Total ram usage:       46 bytes
 Hardware stack levels used:    1
 Hardware stack levels required when called:    4
 This function calls:
		___awdiv
		___ftadd
		___ftge
		___ftmul
		___ftneg
		___ftsub
		___fttol
		___lldiv
		___llmod
		___lltoft
		___wmul
		__div_to_l_
		__tdiv_to_l_
		_fround
		_isdigit
		_putch
		_scale
 This function is called by:
		_main
 This function uses a non-reentrant model


 *************** function _scale *****************
 Defined at:
		line 425 in file "D:\Program Files (x86)\Microchip\xc8\v1.42\sources\common\doprnt.c"
 Parameters:    Size  Location     Type
  scl             1    wreg     char 
 Auto vars:     Size  Location     Type
  scl             1   41[COMRAM] char 
 Return value:  Size  Location     Type
                  3   35[COMRAM] char 
 Registers used:
		wreg, status,2, status,0, tblptrl, tblptrh, tblptru, prodl, prodh, cstack
 Tracked objects:
		On entry : 
		On exit  : 
		Unchanged: 
 Data sizes:     COMRAM   BANK0   BANK1   BANK2   BANK3   BANK4   BANK5   BANK6   BANK7   BANK8   BANK9  BANK10  BANK11  BANK12  BANK13  BANK14  BANK15
      Params:         3       0       0       0       0       0       0       0       0       0       0       0       0       0       0       0       0
      Locals:         4       0       0       0       0       0       0       0       0       0       0       0       0       0       0       0       0
      Temps:          0       0       0       0       0       0       0       0       0       0       0       0       0       0       0       0       0
      Totals:         7       0       0       0       0       0       0       0       0       0       0       0       0       0       0       0       0
Total ram usage:        7 bytes
 Hardware stack levels used:    1
 Hardware stack levels required when called:    2
 This function calls:
		___awdiv
		___awmod
		___ftmul
		___wmul
 This function is called by:
		_printf
 This function uses a non-reentrant model


 *************** function _putch *****************
 Defined at:
		line 102 in file "lcd.c"
 Parameters:    Size  Location     Type
  data            1    wreg     unsigned char 
 Auto vars:     Size  Location     Type
  data            1    3[COMRAM] unsigned char 
 Return value:  Size  Location     Type
                  1    wreg      void 
 Registers used:
		wreg, status,2, status,0, cstack
 Tracked objects:
		On entry : 
		On exit  : 
		Unchanged: 
 Data sizes:     COMRAM   BANK0   BANK1   BANK2   BANK3   BANK4   BANK5   BANK6   BANK7   BANK8   BANK9  BANK10  BANK11  BANK12  BANK13  BANK14  BANK15
      Params:         0       0       0       0       0       0       0       0       0       0       0       0       0       0       0       0       0
      Locals:         1       0       0       0       0       0       0       0       0       0       0       0       0       0       0       0       0
      Temps:          0       0       0       0       0       0       0       0       0       0       0       0       0       0       0       0       0
      Totals:         1       0       0       0       0       0       0       0       0       0       0       0       0       0       0       0       0
Total ram usage:        1 bytes
 Hardware stack levels used:    1
 Hardware stack levels required when called:    3
 This function calls:
		_send_byte
 This function is called by:
		_printf
 This function uses a non-reentrant model


 *************** function _isdigit *****************
 Defined at:
		line 8 in file "D:\Program Files (x86)\Microchip\xc8\v1.42\sources\common\isdigit.c"
 Parameters:    Size  Location     Type
  c               1    wreg     unsigned char 
 Auto vars:     Size  Location     Type
  c               1    2[COMRAM] unsigned char 
 Return value:  Size  Location     Type
		None               void
 Registers used:
		wreg, status,2, status,0
 Tracked objects:
		On entry : 
		On exit  : 
		Unchanged: 
 Data sizes:     COMRAM   BANK0   BANK1   BANK2   BANK3   BANK4   BANK5   BANK6   BANK7   BANK8   BANK9  BANK10  BANK11  BANK12  BANK13  BANK14  BANK15
      Params:         0       0       0       0       0       0       0       0       0       0       0       0       0       0       0       0       0
      Locals:         2       0       0       0       0       0       0       0       0       0       0       0       0       0       0       0       0
      Temps:          1       0       0       0       0       0       0       0       0       0       0       0       0       0       0       0       0
      Totals:         3       0       0       0       0       0       0       0       0       0       0       0       0       0       0       0       0
Total ram usage:        3 bytes
 Hardware stack levels used:    1
 This function calls:
		Nothing
 This function is called by:
		_printf
 This function uses a non-reentrant model


 *************** function _fround *****************
 Defined at:
		line 409 in file "D:\Program Files (x86)\Microchip\xc8\v1.42\sources\common\doprnt.c"
 Parameters:    Size  Location     Type
  prec            1    wreg     unsigned char 
 Auto vars:     Size  Location     Type
  prec            1   44[COMRAM] unsigned char 
 Return value:  Size  Location     Type
                  3   35[COMRAM] unsigned char 
 Registers used:
		wreg, status,2, status,0, tblptrl, tblptrh, tblptru, prodl, prodh, cstack
 Tracked objects:
		On entry : 
		On exit  : 
		Unchanged: 
 Data sizes:     COMRAM   BANK0   BANK1   BANK2   BANK3   BANK4   BANK5   BANK6   BANK7   BANK8   BANK9  BANK10  BANK11  BANK12  BANK13  BANK14  BANK15
      Params:         3       0       0       0       0       0       0       0       0       0       0       0       0       0       0       0       0
      Locals:         7       0       0       0       0       0       0       0       0       0       0       0       0       0       0       0       0
      Temps:          0       0       0       0       0       0       0       0       0       0       0       0       0       0       0       0       0
      Totals:        10       0       0       0       0       0       0       0       0       0       0       0       0       0       0       0       0
Total ram usage:       10 bytes
 Hardware stack levels used:    1
 Hardware stack levels required when called:    2
 This function calls:
		___awdiv
		___awmod
		___ftmul
		___wmul
 This function is called by:
		_printf
 This function uses a non-reentrant model


 *************** function ___wmul *****************
 Defined at:
		line 15 in file "D:\Program Files (x86)\Microchip\xc8\v1.42\sources\common\Umul16.c"
 Parameters:    Size  Location     Type
  multiplier      2   14[COMRAM] unsigned int 
  multiplicand    2   16[COMRAM] unsigned int 
 Auto vars:     Size  Location     Type
  product         2   18[COMRAM] unsigned int 
 Return value:  Size  Location     Type
                  2   14[COMRAM] unsigned int 
 Registers used:
		wreg, status,2, status,0, prodl, prodh
 Tracked objects:
		On entry : 
		On exit  : 
		Unchanged: 
 Data sizes:     COMRAM   BANK0   BANK1   BANK2   BANK3   BANK4   BANK5   BANK6   BANK7   BANK8   BANK9  BANK10  BANK11  BANK12  BANK13  BANK14  BANK15
      Params:         4       0       0       0       0       0       0       0       0       0       0       0       0       0       0       0       0
      Locals:         2       0       0       0       0       0       0       0       0       0       0       0       0       0       0       0       0
      Temps:          0       0       0       0       0       0       0       0       0       0       0       0       0       0       0       0       0
      Totals:         6       0       0       0       0       0       0       0       0       0       0       0       0       0       0       0       0
Total ram usage:        6 bytes
 Hardware stack levels used:    1
 This function calls:
		Nothing
 This function is called by:
		_fround
		_scale
		_printf
 This function uses a non-reentrant model


 *************** function ___awmod *****************
 Defined at:
		line 8 in file "D:\Program Files (x86)\Microchip\xc8\v1.42\sources\common\awmod.c"
 Parameters:    Size  Location     Type
  dividend        2    0[COMRAM] int 
  divisor         2    2[COMRAM] int 
 Auto vars:     Size  Location     Type
  sign            1    5[COMRAM] unsigned char 
  counter         1    4[COMRAM] unsigned char 
 Return value:  Size  Location     Type
                  2    0[COMRAM] int 
 Registers used:
		wreg, status,2, status,0
 Tracked objects:
		On entry : 
		On exit  : 
		Unchanged: 
 Data sizes:     COMRAM   BANK0   BANK1   BANK2   BANK3   BANK4   BANK5   BANK6   BANK7   BANK8   BANK9  BANK10  BANK11  BANK12  BANK13  BANK14  BANK15
      Params:         4       0       0       0       0       0       0       0       0       0       0       0       0       0       0       0       0
      Locals:         2       0       0       0       0       0       0       0       0       0       0       0       0       0       0       0       0
      Temps:          0       0       0       0       0       0       0       0       0       0       0       0       0       0       0       0       0
      Totals:         6       0       0       0       0       0       0       0       0       0       0       0       0       0       0       0       0
Total ram usage:        6 bytes
 Hardware stack levels used:    1
 This function calls:
		Nothing
 This function is called by:
		_fround
		_scale
 This function uses a non-reentrant model


 *************** function ___awdiv *****************
 Defined at:
		line 8 in file "D:\Program Files (x86)\Microchip\xc8\v1.42\sources\common\awdiv.c"
 Parameters:    Size  Location     Type
  dividend        2    6[COMRAM] int 
  divisor         2    8[COMRAM] int 
 Auto vars:     Size  Location     Type
  quotient        2   12[COMRAM] int 
  sign            1   11[COMRAM] unsigned char 
  counter         1   10[COMRAM] unsigned char 
 Return value:  Size  Location     Type
                  2    6[COMRAM] int 
 Registers used:
		wreg, status,2, status,0
 Tracked objects:
		On entry : 
		On exit  : 
		Unchanged: 
 Data sizes:     COMRAM   BANK0   BANK1   BANK2   BANK3   BANK4   BANK5   BANK6   BANK7   BANK8   BANK9  BANK10  BANK11  BANK12  BANK13  BANK14  BANK15
      Params:         4       0       0       0       0       0       0       0       0       0       0       0       0       0       0       0       0
      Locals:         4       0       0       0       0       0       0       0       0       0       0       0       0       0       0       0       0
      Temps:          0       0       0       0       0       0       0       0       0       0       0       0       0       0       0       0       0
      Totals:         8       0       0       0       0       0       0       0       0       0       0       0       0       0       0       0       0
Total ram usage:        8 bytes
 Hardware stack levels used:    1
 This function calls:
		Nothing
 This function is called by:
		_fround
		_scale
		_printf
 This function uses a non-reentrant model


 *************** function __tdiv_to_l_ *****************
 Defined at:
		line 60 in file "D:\Program Files (x86)\Microchip\xc8\v1.42\sources\common\ftdivl.c"
 Parameters:    Size  Location     Type
  f1              3    0[COMRAM] float 
  f2              3    3[COMRAM] float 
 Auto vars:     Size  Location     Type
  quot            4    9[COMRAM] unsigned long 
  exp1            1   14[COMRAM] unsigned char 
  cntr            1   13[COMRAM] unsigned char 
 Return value:  Size  Location     Type
                  4    0[COMRAM] unsigned long 
 Registers used:
		wreg, status,2, status,0
 Tracked objects:
		On entry : 
		On exit  : 
		Unchanged: 
 Data sizes:     COMRAM   BANK0   BANK1   BANK2   BANK3   BANK4   BANK5   BANK6   BANK7   BANK8   BANK9  BANK10  BANK11  BANK12  BANK13  BANK14  BANK15
      Params:         6       0       0       0       0       0       0       0       0       0       0       0       0       0       0       0       0
      Locals:         6       0       0       0       0       0       0       0       0       0       0       0       0       0       0       0       0
      Temps:          3       0       0       0       0       0       0       0       0       0       0       0       0       0       0       0       0
      Totals:        15       0       0       0       0       0       0       0       0       0       0       0       0       0       0       0       0
Total ram usage:       15 bytes
 Hardware stack levels used:    1
 This function calls:
		Nothing
 This function is called by:
		_printf
 This function uses a non-reentrant model


 *************** function __div_to_l_ *****************
 Defined at:
		line 60 in file "D:\Program Files (x86)\Microchip\xc8\v1.42\sources\common\fldivl.c"
 Parameters:    Size  Location     Type
  f1              3    0[COMRAM] unsigned long 
  f2              3    3[COMRAM] unsigned long 
 Auto vars:     Size  Location     Type
  quot            4    6[COMRAM] unsigned long 
  exp1            1   11[COMRAM] unsigned char 
  cntr            1   10[COMRAM] unsigned char 
 Return value:  Size  Location     Type
                  4    0[COMRAM] unsigned long 
 Registers used:
		wreg, status,2, status,0
 Tracked objects:
		On entry : 
		On exit  : 
		Unchanged: 
 Data sizes:     COMRAM   BANK0   BANK1   BANK2   BANK3   BANK4   BANK5   BANK6   BANK7   BANK8   BANK9  BANK10  BANK11  BANK12  BANK13  BANK14  BANK15
      Params:         6       0       0       0       0       0       0       0       0       0       0       0       0       0       0       0       0
      Locals:         6       0       0       0       0       0       0       0       0       0       0       0       0       0       0       0       0
      Temps:          0       0       0       0       0       0       0       0       0       0       0       0       0       0       0       0       0
      Totals:        12       0       0       0       0       0       0       0       0       0       0       0       0       0       0       0       0
Total ram usage:       12 bytes
 Hardware stack levels used:    1
 This function calls:
		Nothing
 This function is called by:
		_printf
 This function uses a non-reentrant model


 *************** function ___llmod *****************
 Defined at:
		line 8 in file "D:\Program Files (x86)\Microchip\xc8\v1.42\sources\common\llmod.c"
 Parameters:    Size  Location     Type
  dividend        4   13[COMRAM] unsigned long 
  divisor         4   17[COMRAM] unsigned long 
 Auto vars:     Size  Location     Type
  counter         1   21[COMRAM] unsigned char 
 Return value:  Size  Location     Type
                  4   13[COMRAM] unsigned long 
 Registers used:
		wreg, status,2, status,0
 Tracked objects:
		On entry : 
		On exit  : 
		Unchanged: 
 Data sizes:     COMRAM   BANK0   BANK1   BANK2   BANK3   BANK4   BANK5   BANK6   BANK7   BANK8   BANK9  BANK10  BANK11  BANK12  BANK13  BANK14  BANK15
      Params:         8       0       0       0       0       0       0       0       0       0       0       0       0       0       0       0       0
      Locals:         1       0       0       0       0       0       0       0       0       0       0       0       0       0       0       0       0
      Temps:          0       0       0       0       0       0       0       0       0       0       0       0       0       0       0       0       0
      Totals:         9       0       0       0       0       0       0       0       0       0       0       0       0       0       0       0       0
Total ram usage:        9 bytes
 Hardware stack levels used:    1
 This function calls:
		Nothing
 This function is called by:
		_printf
 This function uses a non-reentrant model


 *************** function ___lldiv *****************
 Defined at:
		line 8 in file "D:\Program Files (x86)\Microchip\xc8\v1.42\sources\common\lldiv.c"
 Parameters:    Size  Location     Type
  dividend        4    0[COMRAM] unsigned long 
  divisor         4    4[COMRAM] unsigned long 
 Auto vars:     Size  Location     Type
  quotient        4    8[COMRAM] unsigned long 
  counter         1   12[COMRAM] unsigned char 
 Return value:  Size  Location     Type
                  4    0[COMRAM] unsigned long 
 Registers used:
		wreg, status,2, status,0
 Tracked objects:
		On entry : 
		On exit  : 
		Unchanged: 
 Data sizes:     COMRAM   BANK0   BANK1   BANK2   BANK3   BANK4   BANK5   BANK6   BANK7   BANK8   BANK9  BANK10  BANK11  BANK12  BANK13  BANK14  BANK15
      Params:         8       0       0       0       0       0       0       0       0       0       0       0       0       0       0       0       0
      Locals:         5       0       0       0       0       0       0       0       0       0       0       0       0       0       0       0       0
      Temps:          0       0       0       0       0       0       0       0       0       0       0       0       0       0       0       0       0
      Totals:        13       0       0       0       0       0       0       0       0       0       0       0       0       0       0       0       0
Total ram usage:       13 bytes
 Hardware stack levels used:    1
 This function calls:
		Nothing
 This function is called by:
		_printf
 This function uses a non-reentrant model


 *************** function ___ftsub *****************
 Defined at:
		line 20 in file "D:\Program Files (x86)\Microchip\xc8\v1.42\sources\common\ftsub.c"
 Parameters:    Size  Location     Type
  f1              3   57[COMRAM] float 
  f2              3   60[COMRAM] float 
 Auto vars:     Size  Location     Type
		None
 Return value:  Size  Location     Type
                  3   57[COMRAM] float 
 Registers used:
		wreg, status,2, status,0, cstack
 Tracked objects:
		On entry : 
		On exit  : 
		Unchanged: 
 Data sizes:     COMRAM   BANK0   BANK1   BANK2   BANK3   BANK4   BANK5   BANK6   BANK7   BANK8   BANK9  BANK10  BANK11  BANK12  BANK13  BANK14  BANK15
      Params:         6       0       0       0       0       0       0       0       0       0       0       0       0       0       0       0       0
      Locals:         0       0       0       0       0       0       0       0       0       0       0       0       0       0       0       0       0
      Temps:          0       0       0       0       0       0       0       0       0       0       0       0       0       0       0       0       0
      Totals:         6       0       0       0       0       0       0       0       0       0       0       0       0       0       0       0       0
Total ram usage:        6 bytes
 Hardware stack levels used:    1
 Hardware stack levels required when called:    2
 This function calls:
		___ftadd
 This function is called by:
		_printf
 This function uses a non-reentrant model


 *************** function ___ftadd *****************
 Defined at:
		line 86 in file "D:\Program Files (x86)\Microchip\xc8\v1.42\sources\common\ftadd.c"
 Parameters:    Size  Location     Type
  f1              3   45[COMRAM] float 
  f2              3   48[COMRAM] float 
 Auto vars:     Size  Location     Type
  exp1            1   56[COMRAM] unsigned char 
  exp2            1   55[COMRAM] unsigned char 
  sign            1   54[COMRAM] unsigned char 
 Return value:  Size  Location     Type
                  3   45[COMRAM] float 
 Registers used:
		wreg, status,2, status,0, cstack
 Tracked objects:
		On entry : 
		On exit  : 
		Unchanged: 
 Data sizes:     COMRAM   BANK0   BANK1   BANK2   BANK3   BANK4   BANK5   BANK6   BANK7   BANK8   BANK9  BANK10  BANK11  BANK12  BANK13  BANK14  BANK15
      Params:         6       0       0       0       0       0       0       0       0       0       0       0       0       0       0       0       0
      Locals:         3       0       0       0       0       0       0       0       0       0       0       0       0       0       0       0       0
      Temps:          3       0       0       0       0       0       0       0       0       0       0       0       0       0       0       0       0
      Totals:        12       0       0       0       0       0       0       0       0       0       0       0       0       0       0       0       0
Total ram usage:       12 bytes
 Hardware stack levels used:    1
 Hardware stack levels required when called:    1
 This function calls:
		___ftpack
 This function is called by:
		_printf
		___ftsub
 This function uses a non-reentrant model


 *************** function ___ftneg *****************
 Defined at:
		line 15 in file "D:\Program Files (x86)\Microchip\xc8\v1.42\sources\common\ftneg.c"
 Parameters:    Size  Location     Type
  f1              3    0[COMRAM] float 
 Auto vars:     Size  Location     Type
		None
 Return value:  Size  Location     Type
                  3    0[COMRAM] float 
 Registers used:
		wreg, status,2, status,0
 Tracked objects:
		On entry : 
		On exit  : 
		Unchanged: 
 Data sizes:     COMRAM   BANK0   BANK1   BANK2   BANK3   BANK4   BANK5   BANK6   BANK7   BANK8   BANK9  BANK10  BANK11  BANK12  BANK13  BANK14  BANK15
      Params:         3       0       0       0       0       0       0       0       0       0       0       0       0       0       0       0       0
      Locals:         0       0       0       0       0       0       0       0       0       0       0       0       0       0       0       0       0
      Temps:          0       0       0       0       0       0       0       0       0       0       0       0       0       0       0       0       0
      Totals:         3       0       0       0       0       0       0       0       0       0       0       0       0       0       0       0       0
Total ram usage:        3 bytes
 Hardware stack levels used:    1
 This function calls:
		Nothing
 This function is called by:
		_printf
 This function uses a non-reentrant model


 *************** function ___ftge *****************
 Defined at:
		line 4 in file "D:\Program Files (x86)\Microchip\xc8\v1.42\sources\common\ftge.c"
 Parameters:    Size  Location     Type
  ff1             3    0[COMRAM] float 
  ff2             3    3[COMRAM] float 
 Auto vars:     Size  Location     Type
		None
 Return value:  Size  Location     Type
		None               void
 Registers used:
		wreg, status,2, status,0
 Tracked objects:
		On entry : 
		On exit  : 
		Unchanged: 
 Data sizes:     COMRAM   BANK0   BANK1   BANK2   BANK3   BANK4   BANK5   BANK6   BANK7   BANK8   BANK9  BANK10  BANK11  BANK12  BANK13  BANK14  BANK15
      Params:         6       0       0       0       0       0       0       0       0       0       0       0       0       0       0       0       0
      Locals:         0       0       0       0       0       0       0       0       0       0       0       0       0       0       0       0       0
      Temps:          3       0       0       0       0       0       0       0       0       0       0       0       0       0       0       0       0
      Totals:         9       0       0       0       0       0       0       0       0       0       0       0       0       0       0       0       0
Total ram usage:        9 bytes
 Hardware stack levels used:    1
 This function calls:
		Nothing
 This function is called by:
		_printf
 This function uses a non-reentrant model


 *************** function _initSD *****************
 Defined at:
		line 374 in file "SD_PIC.c"
 Parameters:    Size  Location     Type
		None
 Auto vars:     Size  Location     Type
  i               1   93[COMRAM] unsigned char 
  i               1   91[COMRAM] unsigned char 
  i               1   92[COMRAM] unsigned char 
  i               1   95[COMRAM] unsigned char 
  tempSize        4   96[COMRAM] unsigned long 
  tempSize        4   70[COMRAM] unsigned long 
  i               1   94[COMRAM] unsigned char 
  i               1   90[COMRAM] unsigned char 
  arr_response   16   74[COMRAM] unsigned char [16]
  argument        4   64[COMRAM] unsigned long 
  response        1  100[COMRAM] unsigned char 
  last_OSCTUNE    1   69[COMRAM] const unsigned char 
  last_OSCCON     1   68[COMRAM] const unsigned char 
 Return value:  Size  Location     Type
                  1    wreg      void 
 Registers used:
		wreg, fsr1l, fsr1h, fsr2l, fsr2h, status,2, status,0, tblptrl, tblptrh, tblptru, prodl, prodh, cstack
 Tracked objects:
		On entry : 
		On exit  : 
		Unchanged: 
 Data sizes:     COMRAM   BANK0   BANK1   BANK2   BANK3   BANK4   BANK5   BANK6   BANK7   BANK8   BANK9  BANK10  BANK11  BANK12  BANK13  BANK14  BANK15
      Params:         0       0       0       0       0       0       0       0       0       0       0       0       0       0       0       0       0
      Locals:        37       0       0       0       0       0       0       0       0       0       0       0       0       0       0       0       0
      Temps:          7       0       0       0       0       0       0       0       0       0       0       0       0       0       0       0       0
      Totals:        44       0       0       0       0       0       0       0       0       0       0       0       0       0       0       0       0
Total ram usage:       44 bytes
 Hardware stack levels used:    1
 Hardware stack levels required when called:    4
 This function calls:
		_SD_ACMD
		_SD_Command
		___ftdiv
		___ftmul
		___fttol
		___lltoft
		___lwtoft
		_spiInit
		_spiReceive
		_spiSend
 This function is called by:
		_main
 This function uses a non-reentrant model


 *************** function _spiInit *****************
 Defined at:
		line 37 in file "SPI_PIC.c"
 Parameters:    Size  Location     Type
  divider         1    wreg     unsigned char 
 Auto vars:     Size  Location     Type
  divider         1    0[COMRAM] unsigned char 
 Return value:  Size  Location     Type
                  1    wreg      void 
 Registers used:
		wreg, status,2, status,0
 Tracked objects:
		On entry : 
		On exit  : 
		Unchanged: 
 Data sizes:     COMRAM   BANK0   BANK1   BANK2   BANK3   BANK4   BANK5   BANK6   BANK7   BANK8   BANK9  BANK10  BANK11  BANK12  BANK13  BANK14  BANK15
      Params:         0       0       0       0       0       0       0       0       0       0       0       0       0       0       0       0       0
      Locals:         1       0       0       0       0       0       0       0       0       0       0       0       0       0       0       0       0
      Temps:          0       0       0       0       0       0       0       0       0       0       0       0       0       0       0       0       0
      Totals:         1       0       0       0       0       0       0       0       0       0       0       0       0       0       0       0       0
Total ram usage:        1 bytes
 Hardware stack levels used:    1
 This function calls:
		Nothing
 This function is called by:
		_initSD
 This function uses a non-reentrant model


 *************** function ___lwtoft *****************
 Defined at:
		line 28 in file "D:\Program Files (x86)\Microchip\xc8\v1.42\sources\common\lwtoft.c"
 Parameters:    Size  Location     Type
  c               2    8[COMRAM] unsigned int 
 Auto vars:     Size  Location     Type
		None
 Return value:  Size  Location     Type
                  3    8[COMRAM] float 
 Registers used:
		wreg, status,2, status,0, cstack
 Tracked objects:
		On entry : 
		On exit  : 
		Unchanged: 
 Data sizes:     COMRAM   BANK0   BANK1   BANK2   BANK3   BANK4   BANK5   BANK6   BANK7   BANK8   BANK9  BANK10  BANK11  BANK12  BANK13  BANK14  BANK15
      Params:         3       0       0       0       0       0       0       0       0       0       0       0       0       0       0       0       0
      Locals:         0       0       0       0       0       0       0       0       0       0       0       0       0       0       0       0       0
      Temps:          0       0       0       0       0       0       0       0       0       0       0       0       0       0       0       0       0
      Totals:         3       0       0       0       0       0       0       0       0       0       0       0       0       0       0       0       0
Total ram usage:        3 bytes
 Hardware stack levels used:    1
 Hardware stack levels required when called:    1
 This function calls:
		___ftpack
 This function is called by:
		_initSD
 This function uses a non-reentrant model


 *************** function ___lltoft *****************
 Defined at:
		line 35 in file "D:\Program Files (x86)\Microchip\xc8\v1.42\sources\common\lltoft.c"
 Parameters:    Size  Location     Type
  c               4    8[COMRAM] unsigned long 
 Auto vars:     Size  Location     Type
  exp             1   16[COMRAM] unsigned char 
 Return value:  Size  Location     Type
                  3    8[COMRAM] float 
 Registers used:
		wreg, status,2, status,0, cstack
 Tracked objects:
		On entry : 
		On exit  : 
		Unchanged: 
 Data sizes:     COMRAM   BANK0   BANK1   BANK2   BANK3   BANK4   BANK5   BANK6   BANK7   BANK8   BANK9  BANK10  BANK11  BANK12  BANK13  BANK14  BANK15
      Params:         4       0       0       0       0       0       0       0       0       0       0       0       0       0       0       0       0
      Locals:         1       0       0       0       0       0       0       0       0       0       0       0       0       0       0       0       0
      Temps:          4       0       0       0       0       0       0       0       0       0       0       0       0       0       0       0       0
      Totals:         9       0       0       0       0       0       0       0       0       0       0       0       0       0       0       0       0
Total ram usage:        9 bytes
 Hardware stack levels used:    1
[...]
 Auto vars:     Size  Location     Type
  cmd             1    8[COMRAM] unsigned char 
  response        1    9[COMRAM] unsigned char 
  n               1    7[COMRAM] unsigned char 
 Return value:  Size  Location     Type
                  1    wreg      unsigned char 
 Registers used:
		wreg, status,2, status,0, tblptrl, tblptrh, tblptru, cstack
 Tracked objects:
		On entry : 
		On exit  : 
		Unchanged: 
 Data sizes:     COMRAM   BANK0   BANK1   BANK2   BANK3   BANK4   BANK5   BANK6   BANK7   BANK8   BANK9  BANK10  BANK11  BANK12  BANK13  BANK14  BANK15
      Params:         4       0       0       0       0       0       0       0       0       0       0       0       0       0       0       0       0
      Locals:         3       0       0       0       0       0       0       0       0       0       0       0       0       0       0       0       0
      Temps:          0       0       0       0       0       0       0       0       0       0       0       0       0       0       0       0       0
      Totals:         7       0       0       0       0       0       0       0       0       0       0       0       0       0       0       0       0
Total ram usage:        7 bytes
 Hardware stack levels used:    1
 Hardware stack levels required when called:    2
 This function calls:
		_spiReceive
		_spiSend
 This function is called by:
		_SD_ACMD
		_initSD
		_SD_SingleBlockWrite
		_SD_MBW_Start
		_SD_MBW_Send
		_SD_SingleBlockRead
		_SD_MBR_Start
		_SD_MBR_Stop
		_SD_EraseBlocks
 This function uses a non-reentrant model


 *************** function _spiSend *****************
 Defined at:
		line 29 in file "SPI_PIC.c"
 Parameters:    Size  Location     Type
  val             1    wreg     unsigned char 
 Auto vars:     Size  Location     Type
  val             1    2[COMRAM] unsigned char 
 Return value:  Size  Location     Type
                  1    wreg      void 
 Registers used:
		wreg, status,2, cstack
 Tracked objects:
		On entry : 
		On exit  : 
		Unchanged: 
 Data sizes:     COMRAM   BANK0   BANK1   BANK2   BANK3   BANK4   BANK5   BANK6   BANK7   BANK8   BANK9  BANK10  BANK11  BANK12  BANK13  BANK14  BANK15
      Params:         0       0       0       0       0       0       0       0       0       0       0       0       0       0       0       0       0
      Locals:         1       0       0       0       0       0       0       0       0       0       0       0       0       0       0       0       0
      Temps:          0       0       0       0       0       0       0       0       0       0       0       0       0       0       0       0       0
      Totals:         1       0       0       0       0       0       0       0       0       0       0       0       0       0       0       0       0
Total ram usage:        1 bytes
 Hardware stack levels used:    1
 Hardware stack levels required when called:    1
 This function calls:
		_spiTransfer
 This function is called by:
		_SD_Command
		_initSD
		_SD_SendDummyBytes
		_SD_SingleBlockWrite
		_SD_MBW_Send
		_SD_MBW_Stop
		_SD_SingleBlockRead
		_SD_MBR_Receive
 This function uses a non-reentrant model


 *************** function _spiReceive *****************
 Defined at:
		line 33 in file "SPI_PIC.c"
 Parameters:    Size  Location     Type
		None
 Auto vars:     Size  Location     Type
		None
 Return value:  Size  Location     Type
                  1    wreg      unsigned char 
 Registers used:
		wreg, status,2, cstack
 Tracked objects:
		On entry : 
		On exit  : 
		Unchanged: 
 Data sizes:     COMRAM   BANK0   BANK1   BANK2   BANK3   BANK4   BANK5   BANK6   BANK7   BANK8   BANK9  BANK10  BANK11  BANK12  BANK13  BANK14  BANK15
      Params:         0       0       0       0       0       0       0       0       0       0       0       0       0       0       0       0       0
      Locals:         0       0       0       0       0       0       0       0       0       0       0       0       0       0       0       0       0
      Temps:          0       0       0       0       0       0       0       0       0       0       0       0       0       0       0       0       0
      Totals:         0       0       0       0       0       0       0       0       0       0       0       0       0       0       0       0       0
Total ram usage:        0 bytes
 Hardware stack levels used:    1
 Hardware stack levels required when called:    1
 This function calls:
		_spiTransfer
 This function is called by:
		_SD_Command
		_initSD
		_SD_SingleBlockWrite
		_SD_MBW_Send
		_SD_MBW_Stop
		_SD_SingleBlockRead
		_SD_MBR_Receive
 This function uses a non-reentrant model


 *************** function _spiTransfer *****************
 Defined at:
		line 14 in file "SPI_PIC.c"
 Parameters:    Size  Location     Type
  byteToTransf    1    wreg     unsigned char 
 Auto vars:     Size  Location     Type
  byteToTransf    1    1[COMRAM] unsigned char 
 Return value:  Size  Location     Type
                  1    wreg      unsigned char 
 Registers used:
		wreg, status,2
 Tracked objects:
		On entry : 
		On exit  : 
		Unchanged: 
 Data sizes:     COMRAM   BANK0   BANK1   BANK2   BANK3   BANK4   BANK5   BANK6   BANK7   BANK8   BANK9  BANK10  BANK11  BANK12  BANK13  BANK14  BANK15
      Params:         0       0       0       0       0       0       0       0       0       0       0       0       0       0       0       0       0
      Locals:         1       0       0       0       0       0       0       0       0       0       0       0       0       0       0       0       0
      Temps:          1       0       0       0       0       0       0       0       0       0       0       0       0       0       0       0       0
      Totals:         2       0       0       0       0       0       0       0       0       0       0       0       0       0       0       0       0
Total ram usage:        2 bytes
 Hardware stack levels used:    1
 This function calls:
		Nothing
 This function is called by:
		_spiSend
		_spiReceive
		_SD_SingleBlockWrite
		_SD_MBW_Send
 This function uses a non-reentrant model


 *************** function _initLCD *****************
 Defined at:
		line 69 in file "lcd.c"
 Parameters:    Size  Location     Type
		None
 Auto vars:     Size  Location     Type
		None
 Return value:  Size  Location     Type
                  1    wreg      void 
 Registers used:
		wreg, status,2, status,0, cstack
 Tracked objects:
		On entry : 
		On exit  : 
		Unchanged: 
 Data sizes:     COMRAM   BANK0   BANK1   BANK2   BANK3   BANK4   BANK5   BANK6   BANK7   BANK8   BANK9  BANK10  BANK11  BANK12  BANK13  BANK14  BANK15
      Params:         0       0       0       0       0       0       0       0       0       0       0       0       0       0       0       0       0
      Locals:         0       0       0       0       0       0       0       0       0       0       0       0       0       0       0       0       0
      Temps:          1       0       0       0       0       0       0       0       0       0       0       0       0       0       0       0       0
      Totals:         1       0       0       0       0       0       0       0       0       0       0       0       0       0       0       0       0
Total ram usage:        1 bytes
 Hardware stack levels used:    1
 Hardware stack levels required when called:    4
 This function calls:
		_lcdInst
		_send_byte
		_send_nibble
 This function is called by:
		_main
 This function uses a non-reentrant model


 *************** function _lcdInst *****************
 Defined at:
		line 64 in file "lcd.c"
 Parameters:    Size  Location     Type
  data            1    wreg     unsigned char 
 Auto vars:     Size  Location     Type
  data            1    3[COMRAM] unsigned char 
 Return value:  Size  Location     Type
                  1    wreg      void 
 Registers used:
		wreg, status,2, status,0, cstack
 Tracked objects:
		On entry : 
		On exit  : 
		Unchanged: 
 Data sizes:     COMRAM   BANK0   BANK1   BANK2   BANK3   BANK4   BANK5   BANK6   BANK7   BANK8   BANK9  BANK10  BANK11  BANK12  BANK13  BANK14  BANK15
      Params:         0       0       0       0       0       0       0       0       0       0       0       0       0       0       0       0       0
      Locals:         1       0       0       0       0       0       0       0       0       0       0       0       0       0       0       0       0
      Temps:          0       0       0       0       0       0       0       0       0       0       0       0       0       0       0       0       0
      Totals:         1       0       0       0       0       0       0       0       0       0       0       0       0       0       0       0       0
Total ram usage:        1 bytes
 Hardware stack levels used:    1
 Hardware stack levels required when called:    3
 This function calls:
		_send_byte
 This function is called by:
		_main
		_initLCD
		_lcd_shift_cursor
		_lcd_shift_display
 This function uses a non-reentrant model


 *************** function _send_byte *****************
 Defined at:
		line 55 in file "lcd.c"
 Parameters:    Size  Location     Type
  data            1    wreg     unsigned char 
 Auto vars:     Size  Location     Type
  data            1    2[COMRAM] unsigned char 
 Return value:  Size  Location     Type
                  1    wreg      void 
 Registers used:
		wreg, status,2, status,0, cstack
 Tracked objects:
		On entry : 
		On exit  : 
		Unchanged: 
 Data sizes:     COMRAM   BANK0   BANK1   BANK2   BANK3   BANK4   BANK5   BANK6   BANK7   BANK8   BANK9  BANK10  BANK11  BANK12  BANK13  BANK14  BANK15
      Params:         0       0       0       0       0       0       0       0       0       0       0       0       0       0       0       0       0
      Locals:         1       0       0       0       0       0       0       0       0       0       0       0       0       0       0       0       0
      Temps:          0       0       0       0       0       0       0       0       0       0       0       0       0       0       0       0       0
      Totals:         1       0       0       0       0       0       0       0       0       0       0       0       0       0       0       0       0
Total ram usage:        1 bytes
 Hardware stack levels used:    1
 Hardware stack levels required when called:    2
 This function calls:
		_send_nibble
 This function is called by:
		_lcdInst
		_initLCD
		_putch
 This function uses a non-reentrant model


 *************** function _send_nibble *****************
 Defined at:
		line 44 in file "lcd.c"
 Parameters:    Size  Location     Type
  data            1    wreg     unsigned char 
 Auto vars:     Size  Location     Type
  data            1    1[COMRAM] unsigned char 
 Return value:  Size  Location     Type
                  1    wreg      void 
 Registers used:
		wreg, status,2, status,0, cstack
 Tracked objects:
		On entry : 
		On exit  : 
		Unchanged: 
 Data sizes:     COMRAM   BANK0   BANK1   BANK2   BANK3   BANK4   BANK5   BANK6   BANK7   BANK8   BANK9  BANK10  BANK11  BANK12  BANK13  BANK14  BANK15
      Params:         0       0       0       0       0       0       0       0       0       0       0       0       0       0       0       0       0
      Locals:         1       0       0       0       0       0       0       0       0       0       0       0       0       0       0       0       0
      Temps:          0       0       0       0       0       0       0       0       0       0       0       0       0       0       0       0       0
      Totals:         1       0       0       0       0       0       0       0       0       0       0       0       0       0       0       0       0
Total ram usage:        1 bytes
 Hardware stack levels used:    1
 Hardware stack levels required when called:    1
 This function calls:
		_pulse_e
 This function is called by:
		_send_byte
		_initLCD
 This function uses a non-reentrant model


 *************** function _pulse_e *****************
 Defined at:
		line 28 in file "lcd.c"
 Parameters:    Size  Location     Type
		None
 Auto vars:     Size  Location     Type
  interruptSta    1    0[COMRAM] unsigned char 
 Return value:  Size  Location     Type
                  1    wreg      void 
 Registers used:
		wreg
 Tracked objects:
		On entry : 
		On exit  : 
		Unchanged: 
 Data sizes:     COMRAM   BANK0   BANK1   BANK2   BANK3   BANK4   BANK5   BANK6   BANK7   BANK8   BANK9  BANK10  BANK11  BANK12  BANK13  BANK14  BANK15
      Params:         0       0       0       0       0       0       0       0       0       0       0       0       0       0       0       0       0
      Locals:         1       0       0       0       0       0       0       0       0       0       0       0       0       0       0       0       0
      Temps:          0       0       0       0       0       0       0       0       0       0       0       0       0       0       0       0       0
      Totals:         1       0       0       0       0       0       0       0       0       0       0       0       0       0       0       0       0
Total ram usage:        1 bytes
 Hardware stack levels used:    1
 This function calls:
		Nothing
 This function is called by:
		_send_nibble
 This function uses a non-reentrant model



MODULE INFORMATION

Module		Function		Class		Link	Load	Size
SD_PIC.c
		_initSD        		CODE           	ECC8	0000	2055
		_SD_Command    		CODE           	D90E	0000	127
		_SD_ACMD       		CODE           	D6F8	0000	59

SD_PIC.c estimated size: 2241

D:\Program Files (x86)\Microchip\xc8\v1.42\sources\common\ftneg.c
		___ftneg       		CODE           	D64C	0000	37

D:\Program Files (x86)\Microchip\xc8\v1.42\sources\common\ftneg.c estimated size: 37

D:\Program Files (x86)\Microchip\xc8\v1.42\sources\common\ftsub.c
		___ftsub       		CODE           	D732	0000	65

D:\Program Files (x86)\Microchip\xc8\v1.42\sources\common\ftsub.c estimated size: 65

D:\Program Files (x86)\Microchip\xc8\v1.42\sources\common\float.c
		___ftpack      		CODE           	DB22	0000	175

D:\Program Files (x86)\Microchip\xc8\v1.42\sources\common\float.c estimated size: 175

D:\Program Files (x86)\Microchip\xc8\v1.42\sources\common\lwtoft.c
		___lwtoft      		CODE           	D628	0000	37

D:\Program Files (x86)\Microchip\xc8\v1.42\sources\common\lwtoft.c estimated size: 37

D:\Program Files (x86)\Microchip\xc8\v1.42\sources\common\awmod.c
		___awmod       		CODE           	D89E	0000	113

D:\Program Files (x86)\Microchip\xc8\v1.42\sources\common\awmod.c estimated size: 113

D:\Program Files (x86)\Microchip\xc8\v1.42\sources\common\llmod.c
		___llmod       		CODE           	D7CE	0000	103

D:\Program Files (x86)\Microchip\xc8\v1.42\sources\common\llmod.c estimated size: 103

D:\Program Files (x86)\Microchip\xc8\v1.42\sources\common\doprnt.c
		_scale         		CODE           	E8D8	0000	1009
		_printf        		CODE           	F4CE	0000	2437
		_fround        		CODE           	E2A4	0000	583

D:\Program Files (x86)\Microchip\xc8\v1.42\sources\common\doprnt.c estimated size: 4029

D:\Program Files (x86)\Microchip\xc8\v1.42\sources\common\lltoft.c
		___lltoft      		CODE           	D772	0000	93

D:\Program Files (x86)\Microchip\xc8\v1.42\sources\common\lltoft.c estimated size: 93

SPI_PIC.c
		_spiTransfer   		CODE           	D604	0000	37
		_spiReceive    		CODE           	D57E	0000	9
		_spiInit       		CODE           	D6C0	0000	57
		_spiSend       		CODE           	D586	0000	11

SPI_PIC.c estimated size: 114

D:\Program Files (x86)\Microchip\xc8\v1.42\sources\common\ftmul.c
		___ftmul       		CODE           	DCB6	0000	245

D:\Program Files (x86)\Microchip\xc8\v1.42\sources\common\ftmul.c estimated size: 245

D:\Program Files (x86)\Microchip\xc8\v1.42\sources\common\Umul16.c
		___wmul        		CODE           	D670	0000	39

D:\Program Files (x86)\Microchip\xc8\v1.42\sources\common\Umul16.c estimated size: 39

D:\Program Files (x86)\Microchip\xc8\v1.42\sources\common\ftdiv.c
		___ftdiv       		CODE           	DBD0	0000	231

D:\Program Files (x86)\Microchip\xc8\v1.42\sources\common\ftdiv.c estimated size: 231

shared
		_CMD8CRC       		MEDIUMCONST    	FF05	0000	2
		_CMD17         		MEDIUMCONST    	FEFF	0000	2
		_CMD55         		MEDIUMCONST    	FEF8	0000	2
		_R1_ILLEGAL_COMMAND		MEDIUMCONST    	FEF1	0000	2
		_ACMD22        		MEDIUMCONST    	FEF6	0000	2
		_ACMD41        		MEDIUMCONST    	FEF4	0000	2
		_START_BLOCK   		MEDIUMCONST    	FEF0	0000	2
		_CMD12         		MEDIUMCONST    	FF02	0000	2
		_CMD8          		MEDIUMCONST    	FF06	0000	2
		__powers_      		MEDIUMCONST    	FE7B	0000	40
		_CMD18         		MEDIUMCONST    	FEFE	0000	2
		_dpowers       		MEDIUMCONST    	FE53	0000	41
		_CMD9          		MEDIUMCONST    	FF04	0000	2
		_CMD0CRC       		MEDIUMCONST    	FF08	0000	2
		_R1_READY_STATE		MEDIUMCONST    	FEF3	0000	2
		_CMD13         		MEDIUMCONST    	FF01	0000	2
		_CMD32         		MEDIUMCONST    	FEFB	0000	2
		_CMD38         		MEDIUMCONST    	FEF9	0000	2
		__npowers_     		MEDIUMCONST    	FEA2	0000	40
		_LCD_LINE1_ADDR		MEDIUMCONST    	FEEB	0000	2
		_LCD_LINE2_ADDR		MEDIUMCONST    	FF0A	0000	2
		_LCD_LINE3_ADDR		MEDIUMCONST    	FEEA	0000	2
		_LCD_LINE4_ADDR		MEDIUMCONST    	FEE9	0000	2
		_CMD0          		MEDIUMCONST    	FF09	0000	2
		__initialization		CODE           	D5D0	0000	13
		_ACMD23        		MEDIUMCONST    	FEF5	0000	2
		_CMD33         		MEDIUMCONST    	FEFA	0000	2
		_CMD58         		MEDIUMCONST    	FEF7	0000	2
		_CMD1          		MEDIUMCONST    	FF07	0000	2
		_CMD24         		MEDIUMCONST    	FEFD	0000	2
		_hexpowers     		MEDIUMCONST    	FEC9	0000	33
		_STOP_TRAN     		MEDIUMCONST    	FEEE	0000	2
		_R1_IDLE_STATE 		MEDIUMCONST    	FEF2	0000	2
		_START_BLOCK_TOKEN		MEDIUMCONST    	FEEF	0000	2
		_CMD25         		MEDIUMCONST    	FEFC	0000	2
		_LCD_SIZE_VERT 		MEDIUMCONST    	FEEC	0000	2
		_CMD10         		MEDIUMCONST    	FF03	0000	2
		_LCD_SIZE_HORZ 		MEDIUMCONST    	FEED	0000	2
		_CMD16         		MEDIUMCONST    	FF00	0000	2

shared estimated size: 235

D:\Program Files (x86)\Microchip\xc8\v1.42\sources\common\awdiv.c
		___awdiv       		CODE           	DA0E	0000	133

D:\Program Files (x86)\Microchip\xc8\v1.42\sources\common\awdiv.c estimated size: 133

D:\Program Files (x86)\Microchip\xc8\v1.42\sources\common\lldiv.c
		___lldiv       		CODE           	D98C	0000	131

D:\Program Files (x86)\Microchip\xc8\v1.42\sources\common\lldiv.c estimated size: 131

D:\Program Files (x86)\Microchip\xc8\v1.42\sources\common\ftdivl.c
		__tdiv_to_l_   		CODE           	DFC6	0000	307

D:\Program Files (x86)\Microchip\xc8\v1.42\sources\common\ftdivl.c estimated size: 307

lcd.c
		_send_byte     		CODE           	D5A8	0000	19
		_putch         		CODE           	D59C	0000	13
		_lcdInst       		CODE           	D590	0000	13
		_send_nibble   		CODE           	D5BA	0000	23
		_pulse_e       		CODE           	D696	0000	43
		_initLCD       		CODE           	D834	0000	107

lcd.c estimated size: 218

D:\Program Files (x86)\Microchip\xc8\v1.42\sources\common\isdigit.c
		_isdigit       		CODE           	D5E6	0000	31

D:\Program Files (x86)\Microchip\xc8\v1.42\sources\common\isdigit.c estimated size: 31

D:\Program Files (x86)\Microchip\xc8\v1.42\sources\common\fttol.c
		___fttol       		CODE           	DDAA	0000	245

D:\Program Files (x86)\Microchip\xc8\v1.42\sources\common\fttol.c estimated size: 245

main.c
		_main          		CODE           	E4EA	0000	1007

main.c estimated size: 1007

D:\Program Files (x86)\Microchip\xc8\v1.42\sources\common\fldivl.c
		__div_to_l_    		CODE           	DE9E	0000	297

D:\Program Files (x86)\Microchip\xc8\v1.42\sources\common\fldivl.c estimated size: 297

D:\Program Files (x86)\Microchip\xc8\v1.42\sources\common\ftge.c
		___ftge        		CODE           	DA92	0000	145

D:\Program Files (x86)\Microchip\xc8\v1.42\sources\common\ftge.c estimated size: 145

D:\Program Files (x86)\Microchip\xc8\v1.42\sources\common\ftadd.c
		___ftadd       		CODE           	E0F8	0000	429

D:\Program Files (x86)\Microchip\xc8\v1.42\sources\common\ftadd.c estimated size: 429

