Microchip MPLAB XC8 Compiler V1.42 ()

Linker command line:

-W-3 --edf=D:\Program Files (x86)\Microchip\xc8\v1.42\dat\en_msgs.txt -cs \
  -h+dist/default/production\08_SD_IO.X.production.sym \
  --cmf=dist/default/production\08_SD_IO.X.production.cmf -z -Q18F4620 \
  -oC:\Users\Admin\AppData\Local\Temp\sl78.2 \
  -Mdist/default/production/08_SD_IO.X.production.map -E1 -ver=XC8 \
  -ASTACK=04BEh-0f7fh -pstack=STACK -ACODE=00h-0FFFFh -ACONST=00h-0FFFFh \
  -ASMALLCONST=01000h-010FFhx240 -AMEDIUMCONST=01000h-0FFFFh \
  -ACOMRAM=01h-07Fh -AABS1=00h-0F7Fh -ABIGRAM=01h-0F7Fh \
  -ARAM=080h-0FFh,0100h-01FFhx14,0F00h-0F7Fh -ABANK0=080h-0FFh \
  -ABANK1=0100h-01FFh -ABANK2=0200h-02FFh -ABANK3=0300h-03FFh \
  -ABANK4=0400h-04FFh -ABANK5=0500h-05FFh -ABANK6=0600h-06FFh \
  -ABANK7=0700h-07FFh -ABANK8=0800h-08FFh -ABANK9=0900h-09FFh \
  -ABANK10=0A00h-0AFFh -ABANK11=0B00h-0BFFh -ABANK12=0C00h-0CFFh \
  -ABANK13=0D00h-0DFFh -ABANK14=0E00h-0EFFh -ABANK15=0F00h-0F7Fh \
  -ASFR=0F80h-0FFFh -preset_vec=00h,intcode,intcodelo,powerup,init \
  -pramtop=01000h -psmallconst=SMALLCONST -pmediumconst=MEDIUMCONST \
  -pconst=CONST -AFARRAM=00h-00h -ACONFIG=0300000h-030000Dh -pconfig=CONFIG \
  -AIDLOC=0200000h-0200007h -pidloc=IDLOC -AEEDATA=0F00000h-0F003FFh \
  -peeprom_data=EEDATA \
  -prdata=COMRAM,nvrram=COMRAM,nvbit=COMRAM,rbss=COMRAM,rbit=COMRAM \
  -pfarbss=FARRAM,fardata=FARRAM,nvFARRAM=FARRAM \
  -pintsave_regs=BIGRAM,bigbss=BIGRAM,bigdata=BIGRAM -pbss=RAM \
  -pidata=CODE,irdata=CODE,ibigdata=CODE,ifardata=CODE -prparam=COMRAM \
  C:\Users\Admin\AppData\Local\Temp\sl78.obj \
  dist/default/production\08_SD_IO.X.production.obj 

Object code version is 3.11

Machine type is 18F4620

Call graph: (short form)




                Name                               Link     Load   Length Selector   Space Scale
C:\Users\Admin\AppData\Local\Temp\sl78.obj
                init                                  0        0        4        0       0
                idloc                            200000   200000        8   200000       0
                config                           300000   300000        E   300000       0
dist/default/production\08_SD_IO.X.production.obj
                smallconst                         1000     1000       E8      800       0
                text33                             2D1A     2D1A       24      874       0
                text32                             2DA0     2DA0        8      874       0
                text31                             2D96     2D96        A      874       0
                text30                             2952     2952       7E      874       0
                text29                             27C8     27C8       8A      874       0
                text28                             273E     273E       8A      874       0
                text27                             2A40     2A40       6C      874       0
                text26                             2CCE     2CCE       28      874       0
                text25                             2D3E     2D3E       18      874       0
                text24                             2130     2130       F8      874       0
                text23                             2BD8     2BD8       3A      874       0
                text22                             28D4     28D4       7E      874       0
                text21                             2C4A     2C4A       30      874       0
                text20                             25D4     25D4       BC      874       0
                text19                             24F6     24F6       DE      874       0
                text18                             2852     2852       82      874       0
                text17                             2AAC     2AAC       6A      874       0
                text16                             2CA4     2CA4       2A      874       0
                text15                             2D56     2D56       16      874       0
                text14                             2D6C     2D6C       12      874       0
                text13                             2D8A     2D8A        C      874       0
                text12                             29D0     29D0       70      874       0
                text11                             2690     2690       AE      874       0
                text10                             2410     2410       E6      874       0
                text9                              231C     231C       F4      874       0
                text8                              2228     2228       F4      874       0
                text7                              2B7C     2B7C       5C      874       0
                text6                              2CF6     2CF6       24      874       0
                text5                              2C12     2C12       38      874       0
                text4                              10E8     10E8      80E      874       0
                text3                              2B16     2B16       66      874       0
                text2                              2D7E     2D7E        C      874       0
                text1                              1F30     1F30      200      874       0
                text0                              18F6     18F6      63A      874       0
                cstackCOMRAM                          1        1       72        1       1
                bssBIGRAM                            BE       BE      400       BE       1
                bssBANK0                             80       80       3E       80       1
                cinit                              2C7A     2C7A       2A      874       0

TOTAL           Name                               Link     Load   Length     Space
        CLASS   STACK          

        CLASS   CODE           
                init                                  0        0        4         0
                text33                             2D1A     2D1A       24         0
                text32                             2DA0     2DA0        8         0
                text31                             2D96     2D96        A         0
                text30                             2952     2952       7E         0
                text29                             27C8     27C8       8A         0
                text28                             273E     273E       8A         0
                text27                             2A40     2A40       6C         0
                text26                             2CCE     2CCE       28         0
                text25                             2D3E     2D3E       18         0
                text24                             2130     2130       F8         0
                text23                             2BD8     2BD8       3A         0
                text22                             28D4     28D4       7E         0
                text21                             2C4A     2C4A       30         0
                text20                             25D4     25D4       BC         0
                text19                             24F6     24F6       DE         0
                text18                             2852     2852       82         0
                text17                             2AAC     2AAC       6A         0
                text16                             2CA4     2CA4       2A         0
                text15                             2D56     2D56       16         0
                text14                             2D6C     2D6C       12         0
                text13                             2D8A     2D8A        C         0
                text12                             29D0     29D0       70         0
                text11                             2690     2690       AE         0
                text10                             2410     2410       E6         0
                text9                              231C     231C       F4         0
                text8                              2228     2228       F4         0
                text7                              2B7C     2B7C       5C         0
                text6                              2CF6     2CF6       24         0
                text5                              2C12     2C12       38         0
                text4                              10E8     10E8      80E         0
                text3                              2B16     2B16       66         0
                text2                              2D7E     2D7E        C         0
                text1                              1F30     1F30      200         0
                text0                              18F6     18F6      63A         0
                cinit                              2C7A     2C7A       2A         0

        CLASS   CONST          

        CLASS   SMALLCONST     
                smallconst                         1000     1000       E8         0

        CLASS   MEDIUMCONST    

        CLASS   COMRAM         
                cstackCOMRAM                          1        1       72         1

        CLASS   ABS1           

        CLASS   BIGRAM         
                bssBIGRAM                            BE       BE      400         1

        CLASS   RAM            

        CLASS   BANK0          
                bssBANK0                             80       80       3E         1

        CLASS   BANK1          

        CLASS   BANK2          

        CLASS   BANK3          

        CLASS   BANK4          

        CLASS   BANK5          

        CLASS   BANK6          

        CLASS   BANK7          

        CLASS   BANK8          

        CLASS   BANK9          

        CLASS   BANK10         

        CLASS   BANK11         

        CLASS   BANK12         

        CLASS   BANK13         

        CLASS   BANK14         

        CLASS   BANK15         

        CLASS   SFR            

        CLASS   FARRAM         

        CLASS   CONFIG         
                config                           300000   300000        E         0

        CLASS   IDLOC          
                idloc                            200000   200000        8         0

        CLASS   EEDATA         



SEGMENTS        Name                           Load    Length   Top    Selector   Space  Class

                reset_vec                      000000  000004  000004         0       0  CODE    
                cstackCOMRAM                   000001  000072  000073         1       1  COMRAM  
                bssBANK0                       000080  00003E  0000BE        80       1  BANK0   
                bssBIGRAM                      0000BE  000400  0004BE        BE       1  BIGRAM  
                smallconst                     001000  0000E8  0010E8       800       0  SMALLCON
                text4                          0010E8  001CC0  002DA8       874       0  CODE    
                idloc                          200000  000008  200008    200000       0  IDLOC   
                config                         300000  00000E  30000E    300000       0  CONFIG  


UNUSED ADDRESS RANGES

        Name                Unused          Largest block    Delta
        BANK10           000A00-000AFF              100
        BANK11           000B00-000BFF              100
        BANK12           000C00-000CFF              100
        BANK13           000D00-000DFF              100
        BANK14           000E00-000EFF              100
        BANK15           000F00-000F7F               80
        BANK4            0004BE-0004FF               42
        BANK5            000500-0005FF              100
        BANK6            000600-0006FF              100
        BANK7            000700-0007FF              100
        BANK8            000800-0008FF              100
        BANK9            000900-0009FF              100
        BIGRAM           000073-00007F                D
                         0004BE-000F7F              AC2
        CODE             000004-000FFF              FFC
                         002DA8-00FFFF             D258
        COMRAM           000073-00007F                D
        CONST            000004-000FFF              FFC
                         002DA8-00FFFF             D258
        EEDATA           F00000-F003FF              400
        MEDIUMCONST      002DA8-00FFFF             D258
        RAM              0004BE-000F7F              100
        SFR              000F80-000FFF               80
        SMALLCONST       002DA8-00FFFF              100
        STACK            0004BE-000F7F              AC2

                                  Symbol Table

?___ftdiv                     cstackCOMRAM 00000C
?___ftmul                     cstackCOMRAM 000012
?___ftpack                    cstackCOMRAM 000001
?___fttol                     cstackCOMRAM 000021
?___lldiv                     cstackCOMRAM 000001
?___llmod                     cstackCOMRAM 00000E
?___lltoft                    cstackCOMRAM 000009
?___lwtoft                    cstackCOMRAM 000009
?_printf                      cstackCOMRAM 000019
SD_ACMD@arg                   cstackCOMRAM 00000B
SD_ACMD@cmd                   cstackCOMRAM 00000F
SD_Command@arg                cstackCOMRAM 000004
SD_Command@cmd                cstackCOMRAM 000009
SD_Command@n                  cstackCOMRAM 000008
SD_Command@response           cstackCOMRAM 00000A
SD_EraseBlocks@firstBlock     cstackCOMRAM 00000B
SD_EraseBlocks@lastBlock      cstackCOMRAM 00000F
SD_MBR_Receive@bufReceive     cstackCOMRAM 000004
SD_MBR_Receive@i              cstackCOMRAM 000007
SD_MBR_Start@response         cstackCOMRAM 000010
SD_MBR_Start@startBlock       cstackCOMRAM 00000B
SD_MBW_Send@arrWrite          cstackCOMRAM 00000B
SD_MBW_Send@i                 cstackCOMRAM 00000E
SD_MBW_Send@response          cstackCOMRAM 00000D
SD_MBW_Start@numBlocks        cstackCOMRAM 000014
SD_MBW_Start@startBlock       cstackCOMRAM 000010
SD_SendDummyBytes@n           cstackCOMRAM 000005
SD_SendDummyBytes@numBytes    cstackCOMRAM 000004
SD_SingleBlockRead@block      cstackCOMRAM 00000B
SD_SingleBlockRead@buf        cstackCOMRAM 00000F
SD_SingleBlockRead@i          cstackCOMRAM 000012
SD_SingleBlockRead@response   cstackCOMRAM 000014
SD_SingleBlockWrite@arr       cstackCOMRAM 00000F
SD_SingleBlockWrite@block     cstackCOMRAM 00000B
SD_SingleBlockWrite@i         cstackCOMRAM 000013
SD_SingleBlockWrite@response  cstackCOMRAM 000012
_ACMD22                       smallconst   001036
_ACMD23                       smallconst   001035
_ACMD41                       smallconst   001034
_CMD0                         smallconst   001049
_CMD0CRC                      smallconst   001048
_CMD1                         smallconst   001047
_CMD10                        smallconst   001043
_CMD12                        smallconst   001042
_CMD13                        smallconst   001041
_CMD16                        smallconst   001040
_CMD17                        smallconst   00103F
_CMD18                        smallconst   00103E
_CMD24                        smallconst   00103D
_CMD25                        smallconst   00103C
_CMD32                        smallconst   00103B
_CMD33                        smallconst   00103A
_CMD38                        smallconst   001039
_CMD55                        smallconst   001038
_CMD58                        smallconst   001037
_CMD8                         smallconst   001046
_CMD8CRC                      smallconst   001045
_CMD9                         smallconst   001044
_INTCONbits                   (abs)        000FF2
_LATD                         (abs)        000F8C
_LATDbits                     (abs)        000F8C
_LATEbits                     (abs)        000F8D
_LCD_LINE1_ADDR               smallconst   00102B
_LCD_LINE2_ADDR               smallconst   00104A
_LCD_LINE3_ADDR               smallconst   00102A
_LCD_LINE4_ADDR               smallconst   001029
_LCD_SIZE_HORZ                smallconst   00102D
_LCD_SIZE_VERT                smallconst   00102C
_OSCCON                       (abs)        000FD3
_OSCCONbits                   (abs)        000FD3
_OSCTUNE                      (abs)        000F9B
_OSCTUNEbits                  (abs)        000F9B
_R1_IDLE_STATE                smallconst   001032
_R1_ILLEGAL_COMMAND           smallconst   001031
_R1_READY_STATE               smallconst   001033
_SDCard                       bssBANK0     000080
_SD_ACMD                      text23       002BD8
_SD_Command                   text30       002952
_SD_EraseBlocks               text29       0027C8
_SD_MBR_Receive               text28       00273E
_SD_MBR_Start                 text27       002A40
_SD_MBR_Stop                  text26       002CCE
_SD_MBW_Send                  text24       002130
_SD_MBW_Start                 text22       0028D4
_SD_MBW_Stop                  text21       002C4A
_SD_SendDummyBytes            text25       002D3E
_SD_SingleBlockRead           text20       0025D4
_SD_SingleBlockWrite          text19       0024F6
_SSPBUF                       (abs)        000FC9
_SSPCON1                      (abs)        000FC6
_SSPCON1bits                  (abs)        000FC6
_SSPIF                        (abs)        007CF3
_SSPSTAT                      (abs)        000FC7
_SSPSTATbits                  (abs)        000FC7
_START_BLOCK                  smallconst   001030
_START_BLOCK_TOKEN            smallconst   00102F
_STOP_TRAN                    smallconst   00102E
_TRISCbits                    (abs)        000F94
_TRISD                        (abs)        000F95
_TRISEbits                    (abs)        000F96
__CFG_BOREN$SBORDIS           (abs)        000000
__CFG_BORV$3                  (abs)        000000
__CFG_CCP2MX$PORTC            (abs)        000000
__CFG_CP0$OFF                 (abs)        000000
__CFG_CP1$OFF                 (abs)        000000
__CFG_CP2$OFF                 (abs)        000000
__CFG_CP3$OFF                 (abs)        000000
__CFG_CPB$OFF                 (abs)        000000
__CFG_CPD$ON                  (abs)        000000
__CFG_EBTR0$OFF               (abs)        000000
__CFG_EBTR1$OFF               (abs)        000000
__CFG_EBTR2$OFF               (abs)        000000
__CFG_EBTR3$OFF               (abs)        000000
__CFG_EBTRB$OFF               (abs)        000000
__CFG_FCMEN$OFF               (abs)        000000
__CFG_IESO$OFF                (abs)        000000
__CFG_LPT1OSC$OFF             (abs)        000000
__CFG_LVP$OFF                 (abs)        000000
__CFG_MCLRE$ON                (abs)        000000
__CFG_OSC$HSPLL               (abs)        000000
__CFG_PBADEN$ON               (abs)        000000
__CFG_PWRT$OFF                (abs)        000000
__CFG_STVREN$ON               (abs)        000000
__CFG_WDT$OFF                 (abs)        000000
__CFG_WDTPS$32768             (abs)        000000
__CFG_WRT0$OFF                (abs)        000000
__CFG_WRT1$OFF                (abs)        000000
__CFG_WRT2$OFF                (abs)        000000
__CFG_WRT3$OFF                (abs)        000000
__CFG_WRTB$OFF                (abs)        000000
__CFG_WRTC$OFF                (abs)        000000
__CFG_WRTD$OFF                (abs)        000000
__CFG_XINST$OFF               (abs)        000000
__HRAM                        (abs)        000000
__Habs1                       abs1         000000
__Hbank0                      bank0        000000
__Hbank1                      bank1        000000
__Hbank10                     bank10       000000
__Hbank11                     bank11       000000
__Hbank12                     bank12       000000
__Hbank13                     bank13       000000
__Hbank14                     bank14       000000
__Hbank15                     bank15       000000
__Hbank2                      bank2        000000
__Hbank3                      bank3        000000
__Hbank4                      bank4        000000
__Hbank5                      bank5        000000
__Hbank6                      bank6        000000
__Hbank7                      bank7        000000
__Hbank8                      bank8        000000
__Hbank9                      bank9        000000
__Hbigbss                     bigbss       000000
__Hbigdata                    bigdata      000000
__Hbigram                     bigram       000000
__Hbss                        bss          000000
__HbssBANK0                   bssBANK0     000000
__HbssBIGRAM                  bssBIGRAM    000000
__Hcinit                      cinit        000000
__Hclrtext                    clrtext      000000
__Hcomram                     comram       000000
__Hconfig                     config       30000E
__Hconst                      const        000000
__HcstackCOMRAM               cstackCOMRAM 000000
__Hdata                       data         000000
__Heeprom_data                eeprom_data  000000
__Hfarbss                     farbss       000000
__Hfardata                    fardata      000000
__Hibigdata                   ibigdata     000000
__Hidata                      idata        000000
__Hidloc                      idloc        200008
__Hifardata                   ifardata     000000
__Hinit                       init         000004
__Hintcode                    intcode      000000
__Hintcode_body               intcode_body 000000
__Hintcodelo                  intcodelo    000000
__Hintentry                   intentry     000000
__Hintret                     intret       000000
__Hintsave_regs               intsave_regs 000000
__Hirdata                     irdata       000000
__Hmediumconst                mediumconst  000000
__HnvFARRAM                   nvFARRAM     000000
__Hnvbit                      nvbit        000000
__Hnvrram                     nvrram       000000
__Hparam                      rparam       000000
__Hpowerup                    powerup      000000
__Hram                        ram          000000
__Hramtop                     ramtop       001000
__Hrbit                       rbit         000000
__Hrbss                       rbss         000000
__Hrdata                      rdata        000000
__Hreset_vec                  reset_vec    000000
__Hrparam                     rparam       000000
__Hsfr                        sfr          000000
__Hsmallconst                 smallconst   0010E8
__Hspace_0                    (abs)        30000E
__Hspace_1                    (abs)        0004BE
__Hspace_2                    (abs)        000000
__Hstack                      stack        000000
__Hstruct                     struct       000000
__Htemp                       temp         000000
__Htext                       text         000000
__Htext0                      text0        000000
__Htext1                      text1        000000
__Htext10                     text10       000000
__Htext11                     text11       000000
__Htext12                     text12       000000
__Htext13                     text13       000000
__Htext14                     text14       000000
__Htext15                     text15       000000
__Htext16                     text16       000000
__Htext17                     text17       000000
__Htext18                     text18       000000
__Htext19                     text19       000000
__Htext2                      text2        000000
__Htext20                     text20       000000
__Htext21                     text21       000000
__Htext22                     text22       000000
__Htext23                     text23       000000
__Htext24                     text24       000000
__Htext25                     text25       000000
__Htext26                     text26       000000
__Htext27                     text27       000000
__Htext28                     text28       000000
__Htext29                     text29       000000
__Htext3                      text3        000000
__Htext30                     text30       000000
__Htext31                     text31       000000
__Htext32                     text32       000000
__Htext33                     text33       000000
__Htext4                      text4        000000
__Htext5                      text5        000000
__Htext6                      text6        000000
__Htext7                      text7        000000
__Htext8                      text8        000000
__Htext9                      text9        000000
__LRAM                        (abs)        000001
__Labs1                       abs1         000000
__Lbank0                      bank0        000000
__Lbank1                      bank1        000000
__Lbank10                     bank10       000000
__Lbank11                     bank11       000000
__Lbank12                     bank12       000000
__Lbank13                     bank13       000000
__Lbank14                     bank14       000000
__Lbank15                     bank15       000000
__Lbank2                      bank2        000000
__Lbank3                      bank3        000000
__Lbank4                      bank4        000000
__Lbank5                      bank5        000000
__Lbank6                      bank6        000000
__Lbank7                      bank7        000000
__Lbank8                      bank8        000000
__Lbank9                      bank9        000000
__Lbigbss                     bigbss       000000
__Lbigdata                    bigdata      000000
__Lbigram                     bigram       000000
__Lbss                        bss          000000
__LbssBANK0                   bssBANK0     000000
__LbssBIGRAM                  bssBIGRAM    000000
__Lcinit                      cinit        000000
__Lclrtext                    clrtext      000000
__Lcomram                     comram       000000
__Lconfig                     config       300000
__Lconst                      const        000000
__LcstackCOMRAM               cstackCOMRAM 000000
__Ldata                       data         000000
__Leeprom_data                eeprom_data  000000
__Lfarbss                     farbss       000000
__Lfardata                    fardata      000000
__Libigdata                   ibigdata     000000
__Lidata                      idata        000000
__Lidloc                      idloc        200000
__Lifardata                   ifardata     000000
__Linit                       init         000000
__Lintcode                    intcode      000000
__Lintcode_body               intcode_body 000000
__Lintcodelo                  intcodelo    000000
__Lintentry                   intentry     000000
__Lintret                     intret       000000
__Lintsave_regs               intsave_regs 000000
__Lirdata                     irdata       000000
__Lmediumconst                mediumconst  000000
__LnvFARRAM                   nvFARRAM     000000
__Lnvbit                      nvbit        000000
__Lnvrram                     nvrram       000000
__Lparam                      rparam       000000
__Lpowerup                    powerup      000000
__Lram                        ram          000000
__Lramtop                     ramtop       001000
__Lrbit                       rbit         000000
__Lrbss                       rbss         000000
__Lrdata                      rdata        000000
__Lreset_vec                  reset_vec    000000
__Lrparam                     rparam       000000
__Lsfr                        sfr          000000
__Lsmallconst                 smallconst   001000
__Lspace_0                    (abs)        000000
__Lspace_1                    (abs)        000000
__Lspace_2                    (abs)        000000
__Lstack                      stack        000000
__Lstruct                     struct       000000
__Ltemp                       temp         000000
__Ltext                       text         000000
__Ltext0                      text0        000000
__Ltext1                      text1        000000
__Ltext10                     text10       000000
__Ltext11                     text11       000000
__Ltext12                     text12       000000
__Ltext13                     text13       000000
__Ltext14                     text14       000000
__Ltext15                     text15       000000
__Ltext16                     text16       000000
__Ltext17                     text17       000000
__Ltext18                     text18       000000
__Ltext19                     text19       000000
__Ltext2                      text2        000000
__Ltext20                     text20       000000
__Ltext21                     text21       000000
__Ltext22                     text22       000000
__Ltext23                     text23       000000
__Ltext24                     text24       000000
__Ltext25                     text25       000000
__Ltext26                     text26       000000
__Ltext27                     text27       000000
__Ltext28                     text28       000000
__Ltext29                     text29       000000
__Ltext3                      text3        000000
__Ltext30                     text30       000000
__Ltext31                     text31       000000
__Ltext32                     text32       000000
__Ltext33                     text33       000000
__Ltext4                      text4        000000
__Ltext5                      text5        000000
__Ltext6                      text6        000000
__Ltext7                      text7        000000
__Ltext8                      text8        000000
__Ltext9                      text9        000000
__S0                          (abs)        30000E
__S1                          (abs)        0004BE
__S2                          (abs)        000000
___ftdiv                      text10       002410
___ftdiv@cntr                 cstackCOMRAM 000015
___ftdiv@exp                  cstackCOMRAM 000019
___ftdiv@f1                   cstackCOMRAM 00000C
___ftdiv@f2                   cstackCOMRAM 00000F
___ftdiv@f3                   cstackCOMRAM 000016
___ftdiv@sign                 cstackCOMRAM 00001A
___ftmul                      text9        00231C
___ftmul@cntr                 cstackCOMRAM 00001F
___ftmul@exp                  cstackCOMRAM 00001B
___ftmul@f1                   cstackCOMRAM 000012
___ftmul@f2                   cstackCOMRAM 000015
___ftmul@f3_as_product        cstackCOMRAM 00001C
___ftmul@sign                 cstackCOMRAM 000020
___ftpack                     text11       002690
___ftpack@arg                 cstackCOMRAM 000001
___ftpack@exp                 cstackCOMRAM 000004
___ftpack@sign                cstackCOMRAM 000005
___fttol                      text8        002228
___fttol@exp1                 cstackCOMRAM 00002F
___fttol@f1                   cstackCOMRAM 000021
___fttol@lval                 cstackCOMRAM 00002B
___fttol@sign1                cstackCOMRAM 00002A
___inthi_sp                   stack        000000
___intlo_sp                   stack        000000
___lldiv                      text18       002852
___lldiv@counter              cstackCOMRAM 00000D
___lldiv@dividend             cstackCOMRAM 000001
___lldiv@divisor              cstackCOMRAM 000005
___lldiv@quotient             cstackCOMRAM 000009
___llmod                      text3        002B16
___llmod@counter              cstackCOMRAM 000016
___llmod@dividend             cstackCOMRAM 00000E
___llmod@divisor              cstackCOMRAM 000012
___lltoft                     text7        002B7C
___lltoft@c                   cstackCOMRAM 000009
___lltoft@exp                 cstackCOMRAM 000011
___lwtoft                     text6        002CF6
___lwtoft@c                   cstackCOMRAM 000009
___param_bank                 (abs)        000000
___rparam_used                (abs)        000001
___sp                         stack        000000
__accesstop                   (abs)        000080
__activetblptr                (abs)        000002
__end_of_ACMD22               smallconst   001037
__end_of_ACMD23               smallconst   001036
__end_of_ACMD41               smallconst   001035
__end_of_CMD0                 smallconst   00104A
__end_of_CMD0CRC              smallconst   001049
__end_of_CMD1                 smallconst   001048
__end_of_CMD10                smallconst   001044
__end_of_CMD12                smallconst   001043
__end_of_CMD13                smallconst   001042
__end_of_CMD16                smallconst   001041
__end_of_CMD17                smallconst   001040
__end_of_CMD18                smallconst   00103F
__end_of_CMD24                smallconst   00103E
__end_of_CMD25                smallconst   00103D
__end_of_CMD32                smallconst   00103C
__end_of_CMD33                smallconst   00103B
__end_of_CMD38                smallconst   00103A
__end_of_CMD55                smallconst   001039
__end_of_CMD58                smallconst   001038
__end_of_CMD8                 smallconst   001047
__end_of_CMD8CRC              smallconst   001046
__end_of_CMD9                 smallconst   001045
__end_of_LCD_LINE1_ADDR       smallconst   00102C
__end_of_LCD_LINE2_ADDR       smallconst   00104B
__end_of_LCD_LINE3_ADDR       smallconst   00102B
__end_of_LCD_LINE4_ADDR       smallconst   00102A
__end_of_LCD_SIZE_HORZ        smallconst   00102E
__end_of_LCD_SIZE_VERT        smallconst   00102D
__end_of_R1_IDLE_STATE        smallconst   001033
__end_of_R1_ILLEGAL_COMMAND   smallconst   001032
__end_of_R1_READY_STATE       smallconst   001034
__end_of_SD_ACMD              text23       002C12
__end_of_SD_Command           text30       0029D0
__end_of_SD_EraseBlocks       text29       002852
__end_of_SD_MBR_Receive       text28       0027C8
__end_of_SD_MBR_Start         text27       002AAC
__end_of_SD_MBR_Stop          text26       002CF6
__end_of_SD_MBW_Send          text24       002228
__end_of_SD_MBW_Start         text22       002952
__end_of_SD_MBW_Stop          text21       002C7A
__end_of_SD_SendDummyBytes    text25       002D56
__end_of_SD_SingleBlockRead   text20       002690
__end_of_SD_SingleBlockWrite  text19       0025D4
__end_of_START_BLOCK          smallconst   001031
__end_of_START_BLOCK_TOKEN    smallconst   001030
__end_of_STOP_TRAN            smallconst   00102F
__end_of___ftdiv              text10       0024F6
__end_of___ftmul              text9        002410
__end_of___ftpack             text11       00273E
__end_of___fttol              text8        00231C
__end_of___lldiv              text18       0028D4
__end_of___llmod              text3        002B7C
__end_of___lltoft             text7        002BD8
__end_of___lwtoft             text6        002D1A
__end_of__initialization      cinit        002C9A
__end_of_average              text17       002B16
__end_of_dpowers              smallconst   001029
__end_of_initLCD              text12       002A40
__end_of_initSD               text4        0018F6
__end_of_lcdInst              text13       002D96
__end_of_main                 text0        001F30
__end_of_printf               text1        002130
__end_of_pulse_e              text16       002CCE
__end_of_putch                text2        002D8A
__end_of_send_byte            text14       002D7E
__end_of_send_nibble          text15       002D6C
__end_of_spiInit              text5        002C4A
__end_of_spiReceive           text32       002DA8
__end_of_spiSend              text31       002DA0
__end_of_spiTransfer          text33       002D3E
__initialization              cinit        002C7A
__mediumconst                 mediumconst  000000
__pbssBANK0                   bssBANK0     000080
__pbssBIGRAM                  bssBIGRAM    0000BE
__pcinit                      cinit        002C7A
__pcstackCOMRAM               cstackCOMRAM 000001
__psmallconst                 smallconst   001000
__ptext0                      text0        0018F6
__ptext1                      text1        001F30
__ptext10                     text10       002410
__ptext11                     text11       002690
__ptext12                     text12       0029D0
__ptext13                     text13       002D8A
__ptext14                     text14       002D6C
__ptext15                     text15       002D56
__ptext16                     text16       002CA4
__ptext17                     text17       002AAC
__ptext18                     text18       002852
__ptext19                     text19       0024F6
__ptext2                      text2        002D7E
__ptext20                     text20       0025D4
__ptext21                     text21       002C4A
__ptext22                     text22       0028D4
__ptext23                     text23       002BD8
__ptext24                     text24       002130
__ptext25                     text25       002D3E
__ptext26                     text26       002CCE
__ptext27                     text27       002A40
__ptext28                     text28       00273E
__ptext29                     text29       0027C8
__ptext3                      text3        002B16
__ptext30                     text30       002952
__ptext31                     text31       002D96
__ptext32                     text32       002DA0
__ptext33                     text33       002D1A
__ptext4                      text4        0010E8
__ptext5                      text5        002C12
__ptext6                      text6        002CF6
__ptext7                      text7        002B7C
__ptext8                      text8        002228
__ptext9                      text9        00231C
__ramtop                      ramtop       001000
__size_of_SD_ACMD             (abs)        000000
__size_of_SD_Command          (abs)        000000
__size_of_SD_EraseBlocks      (abs)        000000
__size_of_SD_MBR_Receive      (abs)        000000
__size_of_SD_MBR_Start        (abs)        000000
__size_of_SD_MBR_Stop         (abs)        000000
__size_of_SD_MBW_Send         (abs)        000000
__size_of_SD_MBW_Start        (abs)        000000
__size_of_SD_MBW_Stop         (abs)        000000
__size_of_SD_SendDummyBytes   (abs)        000000
__size_of_SD_SingleBlockRead  (abs)        000000
__size_of_SD_SingleBlockWrite (abs)        000000
__size_of___ftdiv             (abs)        000000
__size_of___ftmul             (abs)        000000
__size_of___ftpack            (abs)        000000
__size_of___fttol             (abs)        000000
__size_of___lldiv             (abs)        000000
__size_of___llmod             (abs)        000000
__size_of___lltoft            (abs)        000000
__size_of___lwtoft            (abs)        000000
__size_of_average             (abs)        000000
__size_of_initLCD             (abs)        000000
__size_of_initSD              (abs)        000000
__size_of_lcdInst             (abs)        000000
__size_of_main                (abs)        000000
__size_of_printf              (abs)        000000
__size_of_pulse_e             (abs)        000000
__size_of_putch               (abs)        000000
__size_of_send_byte           (abs)        000000
__size_of_send_nibble         (abs)        000000
__size_of_spiInit             (abs)        000000
__size_of_spiReceive          (abs)        000000
__size_of_spiSend             (abs)        000000
__size_of_spiTransfer         (abs)        000000
__smallconst                  smallconst   001000
_average                      text17       002AAC
_dpowers                      smallconst   001001
_initLCD                      text12       0029D0
_initSD                       text4        0010E8
_lcdInst                      text13       002D8A
_main                         text0        0018F6
_printf                       text1        001F30
_pulse_e                      text16       002CA4
_putch                        text2        002D7E
_send_byte                    text14       002D6C
_send_nibble                  text15       002D56
_spiInit                      text5        002C12
_spiReceive                   text32       002DA0
_spiSend                      text31       002D96
_spiTransfer                  text33       002D1A
_writeBuffer                  bssBIGRAM    0002BE
average@array                 cstackCOMRAM 00000E
average@idx                   cstackCOMRAM 000017
average@n                     cstackCOMRAM 000010
average@sum                   cstackCOMRAM 000013
end_of_initialization         cinit        002C9A
initSD@F3023                  bssBANK0     0000AE
initSD@argument               cstackCOMRAM 000037
initSD@arr_response           cstackCOMRAM 000041
initSD@i                      cstackCOMRAM 000051
initSD@i_497                  cstackCOMRAM 000053
initSD@i_498                  cstackCOMRAM 000054
initSD@i_500                  cstackCOMRAM 000052
initSD@i_501                  cstackCOMRAM 000055
initSD@i_504                  cstackCOMRAM 000056
initSD@last_OSCCON            cstackCOMRAM 00003B
initSD@last_OSCTUNE           cstackCOMRAM 00003C
initSD@response               cstackCOMRAM 00005B
initSD@tempSize               cstackCOMRAM 00003D
initSD@tempSize_503           cstackCOMRAM 000057
intlevel0                     text         000000
intlevel1                     text         000000
intlevel2                     text         000000
intlevel3                     text         000000
lcdInst@data                  cstackCOMRAM 000004
main@avg                      cstackCOMRAM 000068
main@firstBlock               cstackCOMRAM 00006E
main@i                        cstackCOMRAM 00006F
main@numWrites                cstackCOMRAM 00006C
main@readBuffer               bssBIGRAM    0000BE
printf@ap                     cstackCOMRAM 000027
printf@c                      cstackCOMRAM 00002A
printf@f                      cstackCOMRAM 000019
printf@flag                   cstackCOMRAM 000029
printf@prec                   cstackCOMRAM 000021
printf@val                    cstackCOMRAM 000023
pulse_e@interruptState        cstackCOMRAM 000001
putch@data                    cstackCOMRAM 000004
send_byte@data                cstackCOMRAM 000003
send_nibble@data              cstackCOMRAM 000002
spiInit@divider               cstackCOMRAM 000001
spiSend@val                   cstackCOMRAM 000003
spiTransfer@byteToTransfer    cstackCOMRAM 000002
stackhi                       (abs)        000F7F
stacklo                       (abs)        0004BE
start                         init         000000
start_initialization          cinit        002C7A


FUNCTION INFORMATION:

 *************** function _main *****************
 Defined at:
		line 45 in file "main.c"
 Parameters:    Size  Location     Type
		None
 Auto vars:     Size  Location     Type
  i               4  110[COMRAM] unsigned long 
  avg             4  103[COMRAM] unsigned long 
  numWrites       2  107[COMRAM] unsigned short 
  firstBlock      1  109[COMRAM] unsigned char 
 Return value:  Size  Location     Type
                  1    wreg      void 
 Registers used:
		wreg, fsr1l, fsr1h, fsr2l, fsr2h, status,2, status,0, tblptrl, tblptrh, tblptru, prodl, prodh, cstack
 Tracked objects:
		On entry : 
		On exit  : 
		Unchanged: 
 Data sizes:     COMRAM   BANK0   BANK1   BANK2   BANK3   BANK4   BANK5   BANK6   BANK7   BANK8   BANK9  BANK10  BANK11  BANK12  BANK13  BANK14  BANK15
      Params:         0       0       0       0       0       0       0       0       0       0       0       0       0       0       0       0       0
      Locals:        11       0       0       0       0       0       0       0       0       0       0       0       0       0       0       0       0
      Temps:         12       0       0       0       0       0       0       0       0       0       0       0       0       0       0       0       0
      Totals:        23       0       0       0       0       0       0       0       0       0       0       0       0       0       0       0       0
Total ram usage:       23 bytes
 Hardware stack levels required when called:    5
 This function calls:
		_SD_EraseBlocks
		_SD_MBR_Receive
		_SD_MBR_Start
		_SD_MBR_Stop
		_SD_MBW_Send
		_SD_MBW_Start
		_SD_MBW_Stop
		_SD_SingleBlockRead
		_SD_SingleBlockWrite
		___lldiv
		___llmod
		_average
		_initLCD
		_initSD
		_lcdInst
		_printf
		_spiReceive
 This function is called by:
		Startup code after reset
 This function uses a non-reentrant model


 *************** function _printf *****************
 Defined at:
		line 464 in file "D:\Program Files (x86)\Microchip\xc8\v1.42\sources\common\doprnt.c"
 Parameters:    Size  Location     Type
  f               2   24[COMRAM] PTR const unsigned char 
		 -> STR_16(8), STR_15(10), STR_14(2), STR_13(6), 
		 -> STR_12(16), STR_11(9), STR_10(8), STR_9(17), 
		 -> STR_8(9), STR_7(10), STR_6(10), STR_5(13), 
		 -> STR_4(15), STR_3(13), STR_2(12), STR_1(14), 
 Auto vars:     Size  Location     Type
  val             4   34[COMRAM] unsigned long 
  tmpval          4    0        struct .
  cp              3    0        PTR const unsigned char 
  ap              2   38[COMRAM] PTR void [1]
		 -> ?_printf(2), 
  prec            2   32[COMRAM] int 
  len             2    0        unsigned int 
  c               1   41[COMRAM] char 
  flag            1   40[COMRAM] unsigned char 
 Return value:  Size  Location     Type
                  2   24[COMRAM] int 
 Registers used:
		wreg, fsr2l, fsr2h, status,2, status,0, tblptrl, tblptrh, tblptru, prodl, prodh, cstack
 Tracked objects:
		On entry : 
		On exit  : 
		Unchanged: 
 Data sizes:     COMRAM   BANK0   BANK1   BANK2   BANK3   BANK4   BANK5   BANK6   BANK7   BANK8   BANK9  BANK10  BANK11  BANK12  BANK13  BANK14  BANK15
      Params:         6       0       0       0       0       0       0       0       0       0       0       0       0       0       0       0       0
      Locals:        10       0       0       0       0       0       0       0       0       0       0       0       0       0       0       0       0
      Temps:          2       0       0       0       0       0       0       0       0       0       0       0       0       0       0       0       0
      Totals:        18       0       0       0       0       0       0       0       0       0       0       0       0       0       0       0       0
Total ram usage:       18 bytes
 Hardware stack levels used:    1
 Hardware stack levels required when called:    4
 This function calls:
		___lldiv
		___llmod
		_putch
 This function is called by:
		_main
 This function uses a non-reentrant model


 *************** function _putch *****************
 Defined at:
		line 102 in file "lcd.c"
 Parameters:    Size  Location     Type
  data            1    wreg     unsigned char 
 Auto vars:     Size  Location     Type
  data            1    3[COMRAM] unsigned char 
 Return value:  Size  Location     Type
                  1    wreg      void 
 Registers used:
		wreg, status,2, status,0, cstack
 Tracked objects:
		On entry : 
		On exit  : 
		Unchanged: 
 Data sizes:     COMRAM   BANK0   BANK1   BANK2   BANK3   BANK4   BANK5   BANK6   BANK7   BANK8   BANK9  BANK10  BANK11  BANK12  BANK13  BANK14  BANK15
      Params:         0       0       0       0       0       0       0       0       0       0       0       0       0       0       0       0       0
      Locals:         1       0       0       0       0       0       0       0       0       0       0       0       0       0       0       0       0
      Temps:          0       0       0       0       0       0       0       0       0       0       0       0       0       0       0       0       0
      Totals:         1       0       0       0       0       0       0       0       0       0       0       0       0       0       0       0       0
Total ram usage:        1 bytes
 Hardware stack levels used:    1
 Hardware stack levels required when called:    3
 This function calls:
		_send_byte
 This function is called by:
		_printf
 This function uses a non-reentrant model


 *************** function ___llmod *****************
 Defined at:
		line 8 in file "D:\Program Files (x86)\Microchip\xc8\v1.42\sources\common\llmod.c"
 Parameters:    Size  Location     Type
  dividend        4   13[COMRAM] unsigned long 
  divisor         4   17[COMRAM] unsigned long 
 Auto vars:     Size  Location     Type
  counter         1   21[COMRAM] unsigned char 
 Return value:  Size  Location     Type
                  4   13[COMRAM] unsigned long 
 Registers used:
		wreg, status,2, status,0
 Tracked objects:
		On entry : 
		On exit  : 
		Unchanged: 
 Data sizes:     COMRAM   BANK0   BANK1   BANK2   BANK3   BANK4   BANK5   BANK6   BANK7   BANK8   BANK9  BANK10  BANK11  BANK12  BANK13  BANK14  BANK15
      Params:         8       0       0       0       0       0       0       0       0       0       0       0       0       0       0       0       0
      Locals:         1       0       0       0       0       0       0       0       0       0       0       0       0       0       0       0       0
      Temps:          0       0       0       0       0       0       0       0       0       0       0       0       0       0       0       0       0
      Totals:         9       0       0       0       0       0       0       0       0       0       0       0       0       0       0       0       0
Total ram usage:        9 bytes
 Hardware stack levels used:    1
 This function calls:
		Nothing
 This function is called by:
		_main
		_printf
 This function uses a non-reentrant model


 *************** function _initSD *****************
 Defined at:
		line 374 in file "SD_PIC.c"
 Parameters:    Size  Location     Type
		None
 Auto vars:     Size  Location     Type
  i               1   83[COMRAM] unsigned char 
  i               1   81[COMRAM] unsigned char 
  i               1   82[COMRAM] unsigned char 
  i               1   85[COMRAM] unsigned char 
  tempSize        4   86[COMRAM] unsigned long 
  tempSize        4   60[COMRAM] unsigned long 
  i               1   84[COMRAM] unsigned char 
  i               1   80[COMRAM] unsigned char 
  arr_response   16   64[COMRAM] unsigned char [16]
  argument        4   54[COMRAM] unsigned long 
  response        1   90[COMRAM] unsigned char 
  last_OSCTUNE    1   59[COMRAM] const unsigned char 
  last_OSCCON     1   58[COMRAM] const unsigned char 
 Return value:  Size  Location     Type
                  1    wreg      void 
 Registers used:
		wreg, fsr1l, fsr1h, fsr2l, fsr2h, status,2, status,0, tblptrl, tblptrh, tblptru, prodl, prodh, cstack
 Tracked objects:
		On entry : 
		On exit  : 
		Unchanged: 
 Data sizes:     COMRAM   BANK0   BANK1   BANK2   BANK3   BANK4   BANK5   BANK6   BANK7   BANK8   BANK9  BANK10  BANK11  BANK12  BANK13  BANK14  BANK15
      Params:         0       0       0       0       0       0       0       0       0       0       0       0       0       0       0       0       0
      Locals:        37       0       0       0       0       0       0       0       0       0       0       0       0       0       0       0       0
      Temps:          7       0       0       0       0       0       0       0       0       0       0       0       0       0       0       0       0
      Totals:        44       0       0       0       0       0       0       0       0       0       0       0       0       0       0       0       0
Total ram usage:       44 bytes
 Hardware stack levels used:    1
 Hardware stack levels required when called:    4
 This function calls:
		_SD_ACMD
		_SD_Command
		___ftdiv
		___ftmul
		___fttol
		___lltoft
		___lwtoft
		_spiInit
		_spiReceive
		_spiSend
 This function is called by:
		_main
 This function uses a non-reentrant model


 *************** function _spiInit *****************
 Defined at:
		line 37 in file "SPI_PIC.c"
 Parameters:    Size  Location     Type
  divider         1    wreg     unsigned char 
 Auto vars:     Size  Location     Type
  divider         1    0[COMRAM] unsigned char 
 Return value:  Size  Location     Type
                  1    wreg      void 
 Registers used:
		wreg, status,2, status,0
 Tracked objects:
		On entry : 
		On exit  : 
		Unchanged: 
 Data sizes:     COMRAM   BANK0   BANK1   BANK2   BANK3   BANK4   BANK5   BANK6   BANK7   BANK8   BANK9  BANK10  BANK11  BANK12  BANK13  BANK14  BANK15
      Params:         0       0       0       0       0       0       0       0       0       0       0       0       0       0       0       0       0
      Locals:         1       0       0       0       0       0       0       0       0       0       0       0       0       0       0       0       0
      Temps:          0       0       0       0       0       0       0       0       0       0       0       0       0       0       0       0       0
      Totals:         1       0       0       0       0       0       0       0       0       0       0       0       0       0       0       0       0
Total ram usage:        1 bytes
 Hardware stack levels used:    1
 This function calls:
		Nothing
 This function is called by:
		_initSD
 This function uses a non-reentrant model


 *************** function ___lwtoft *****************
 Defined at:
		line 28 in file "D:\Program Files (x86)\Microchip\xc8\v1.42\sources\common\lwtoft.c"
 Parameters:    Size  Location     Type
  c               2    8[COMRAM] unsigned int 
 Auto vars:     Size  Location     Type
		None
 Return value:  Size  Location     Type
                  3    8[COMRAM] float 
 Registers used:
		wreg, status,2, status,0, cstack
 Tracked objects:
		On entry : 
		On exit  : 
		Unchanged: 
 Data sizes:     COMRAM   BANK0   BANK1   BANK2   BANK3   BANK4   BANK5   BANK6   BANK7   BANK8   BANK9  BANK10  BANK11  BANK12  BANK13  BANK14  BANK15
      Params:         3       0       0       0       0       0       0       0       0       0       0       0       0       0       0       0       0
      Locals:         0       0       0       0       0       0       0       0       0       0       0       0       0       0       0       0       0
      Temps:          0       0       0       0       0       0       0       0       0       0       0       0       0       0       0       0       0
      Totals:         3       0       0       0       0       0       0       0       0       0       0       0       0       0       0       0       0
Total ram usage:        3 bytes
 Hardware stack levels used:    1
 Hardware stack levels required when called:    1
 This function calls:
		___ftpack
 This function is called by:
		_initSD
 This function uses a non-reentrant model


 *************** function ___lltoft *****************
 Defined at:
		line 35 in file "D:\Program Files (x86)\Microchip\xc8\v1.42\sources\common\lltoft.c"
 Parameters:    Size  Location     Type
  c               4    8[COMRAM] unsigned long 
 Auto vars:     Size  Location     Type
  exp             1   16[COMRAM] unsigned char 
 Return value:  Size  Location     Type
                  3    8[COMRAM] float 
 Registers used:
		wreg, status,2, status,0, cstack
 Tracked objects:
		On entry : 
		On exit  : 
		Unchanged: 
 Data sizes:     COMRAM   BANK0   BANK1   BANK2   BANK3   BANK4   BANK5   BANK6   BANK7   BANK8   BANK9  BANK10  BANK11  BANK12  BANK13  BANK14  BANK15
      Params:         4       0       0       0       0       0       0       0       0       0       0       0       0       0       0       0       0
      Locals:         1       0       0       0       0       0       0       0       0       0       0       0       0       0       0       0       0
      Temps:          4       0       0       0       0       0       0       0       0       0       0       0       0       0       0       0       0
      Totals:         9       0       0       0       0       0       0       0       0       0       0       0       0       0       0       0       0
Total ram usage:        9 bytes
 Hardware stack levels used:    1
 Hardware stack levels required when called:    1
 This function calls:
		___ftpack
 This function is called by:
		_initSD
 This function uses a non-reentrant model


 *************** function ___fttol *****************
 Defined at:
		line 44 in file "D:\Program Files (x86)\Microchip\xc8\v1.42\sources\common\fttol.c"
 Parameters:    Size  Location     Type
  f1              3   32[COMRAM] float 
 Auto vars:     Size  Location     Type
  lval            4   42[COMRAM] unsigned long 
  exp1            1   46[COMRAM] unsigned char 
  sign1           1   41[COMRAM] unsigned char 
 Return value:  Size  Location     Type
                  4   32[COMRAM] long 
 Registers used:
		wreg, status,2, status,0
 Tracked objects:
		On entry : 
		On exit  : 
		Unchanged: 
 Data sizes:     COMRAM   BANK0   BANK1   BANK2   BANK3   BANK4   BANK5   BANK6   BANK7   BANK8   BANK9  BANK10  BANK11  BANK12  BANK13  BANK14  BANK15
      Params:         4       0       0       0       0       0       0       0       0       0       0       0       0       0       0       0       0
      Locals:         6       0       0       0       0       0       0       0       0       0       0       0       0       0       0       0       0
      Temps:          5       0       0       0       0       0       0       0       0       0       0       0       0       0       0       0       0
      Totals:        15       0       0       0       0       0       0       0       0       0       0       0       0       0       0       0       0
Total ram usage:       15 bytes
 Hardware stack levels used:    1
 This function calls:
		Nothing
 This function is called by:
		_initSD
 This function uses a non-reentrant model


 *************** function ___ftmul *****************
 Defined at:
		line 62 in file "D:\Program Files (x86)\Microchip\xc8\v1.42\sources\common\ftmul.c"
 Parameters:    Size  Location     Type
  f1              3   17[COMRAM] float 
  f2              3   20[COMRAM] float 
 Auto vars:     Size  Location     Type
  f3_as_produc    3   27[COMRAM] unsigned um
  sign            1   31[COMRAM] unsigned char 
  cntr            1   30[COMRAM] unsigned char 
  exp             1   26[COMRAM] unsigned char 
 Return value:  Size  Location     Type
                  3   17[COMRAM] float 
 Registers used:
		wreg, status,2, status,0, cstack
 Tracked objects:
		On entry : 
		On exit  : 
		Unchanged: 
 Data sizes:     COMRAM   BANK0   BANK1   BANK2   BANK3   BANK4   BANK5   BANK6   BANK7   BANK8   BANK9  BANK10  BANK11  BANK12  BANK13  BANK14  BANK15
      Params:         6       0       0       0       0       0       0       0       0       0       0       0       0       0       0       0       0
      Locals:         6       0       0       0       0       0       0       0       0       0       0       0       0       0       0       0       0
      Temps:          3       0       0       0       0       0       0       0       0       0       0       0       0       0       0       0       0
      Totals:        15       0       0       0       0       0       0       0       0       0       0       0       0       0       0       0       0
Total ram usage:       15 bytes
 Hardware stack levels used:    1
 Hardware stack levels required when called:    1
 This function calls:
		___ftpack
 This function is called by:
		_initSD
 This function uses a non-reentrant model


 *************** function ___ftdiv *****************
 Defined at:
		line 54 in file "D:\Program Files (x86)\Microchip\xc8\v1.42\sources\common\ftdiv.c"
 Parameters:    Size  Location     Type
  f1              3   11[COMRAM] float 
  f2              3   14[COMRAM] float 
 Auto vars:     Size  Location     Type
  f3              3   21[COMRAM] float 
  sign            1   25[COMRAM] unsigned char 
  exp             1   24[COMRAM] unsigned char 
  cntr            1   20[COMRAM] unsigned char 
 Return value:  Size  Location     Type
                  3   11[COMRAM] float 
 Registers used:
		wreg, status,2, status,0, cstack
 Tracked objects:
		On entry : 
		On exit  : 
		Unchanged: 
 Data sizes:     COMRAM   BANK0   BANK1   BANK2   BANK3   BANK4   BANK5   BANK6   BANK7   BANK8   BANK9  BANK10  BANK11  BANK12  BANK13  BANK14  BANK15
      Params:         6       0       0       0       0       0       0       0       0       0       0       0       0       0       0       0       0
      Locals:         6       0       0       0       0       0       0       0       0       0       0       0       0       0       0       0       0
      Temps:          3       0       0       0       0       0       0       0       0       0       0       0       0       0       0       0       0
      Totals:        15       0       0       0       0       0       0       0       0       0       0       0       0       0       0       0       0
Total ram usage:       15 bytes
 Hardware stack levels used:    1
 Hardware stack levels required when called:    1
 This function calls:
		___ftpack
 This function is called by:
		_initSD
 This function uses a non-reentrant model


 *************** function ___ftpack *****************
 Defined at:
		line 62 in file "D:\Program Files (x86)\Microchip\xc8\v1.42\sources\common\float.c"
 Parameters:    Size  Location     Type
  arg             3    0[COMRAM] unsigned um
  exp             1    3[COMRAM] unsigned char 
  sign            1    4[COMRAM] unsigned char 
 Auto vars:     Size  Location     Type
		None
 Return value:  Size  Location     Type
                  3    0[COMRAM] float 
 Registers used:
		wreg, status,2, status,0
 Tracked objects:
		On entry : 
		On exit  : 
		Unchanged: 
 Data sizes:     COMRAM   BANK0   BANK1   BANK2   BANK3   BANK4   BANK5   BANK6   BANK7   BANK8   BANK9  BANK10  BANK11  BANK12  BANK13  BANK14  BANK15
      Params:         5       0       0       0       0       0       0       0       0       0       0       0       0       0       0       0       0
      Locals:         0       0       0       0       0       0       0       0       0       0       0       0       0       0       0       0       0
      Temps:          3       0       0       0       0       0       0       0       0       0       0       0       0       0       0       0       0
      Totals:         8       0       0       0       0       0       0       0       0       0       0       0       0       0       0       0       0
Total ram usage:        8 bytes
 Hardware stack levels used:    1
 This function calls:
		Nothing
 This function is called by:
		___ftdiv
		___ftmul
		___lltoft
		___lwtoft
 This function uses a non-reentrant model


 *************** function _initLCD *****************
 Defined at:
		line 69 in file "lcd.c"
 Parameters:    Size  Location     Type
		None
 Auto vars:     Size  Location     Type
		None
 Return value:  Size  Location     Type
                  1    wreg      void 
 Registers used:
		wreg, status,2, status,0, cstack
 Tracked objects:
		On entry : 
		On exit  : 
		Unchanged: 
 Data sizes:     COMRAM   BANK0   BANK1   BANK2   BANK3   BANK4   BANK5   BANK6   BANK7   BANK8   BANK9  BANK10  BANK11  BANK12  BANK13  BANK14  BANK15
      Params:         0       0       0       0       0       0       0       0       0       0       0       0       0       0       0       0       0
      Locals:         0       0       0       0       0       0       0       0       0       0       0       0       0       0       0       0       0
      Temps:          1       0       0       0       0       0       0       0       0       0       0       0       0       0       0       0       0
      Totals:         1       0       0       0       0       0       0       0       0       0       0       0       0       0       0       0       0
Total ram usage:        1 bytes
 Hardware stack levels used:    1
 Hardware stack levels required when called:    4
 This function calls:
		_lcdInst
		_send_byte
		_send_nibble
 This function is called by:
		_main
 This function uses a non-reentrant model


 *************** function _lcdInst *****************
 Defined at:
		line 64 in file "lcd.c"
 Parameters:    Size  Location     Type
  data            1    wreg     unsigned char 
 Auto vars:     Size  Location     Type
  data            1    3[COMRAM] unsigned char 
 Return value:  Size  Location     Type
                  1    wreg      void 
 Registers used:
		wreg, status,2, status,0, cstack
 Tracked objects:
		On entry : 
		On exit  : 
		Unchanged: 
 Data sizes:     COMRAM   BANK0   BANK1   BANK2   BANK3   BANK4   BANK5   BANK6   BANK7   BANK8   BANK9  BANK10  BANK11  BANK12  BANK13  BANK14  BANK15
      Params:         0       0       0       0       0       0       0       0       0       0       0       0       0       0       0       0       0
      Locals:         1       0       0       0       0       0       0       0       0       0       0       0       0       0       0       0       0
      Temps:          0       0       0       0       0       0       0       0       0       0       0       0       0       0       0       0       0
      Totals:         1       0       0       0       0       0       0       0       0       0       0       0       0       0       0       0       0
Total ram usage:        1 bytes
 Hardware stack levels used:    1
 Hardware stack levels required when called:    3
 This function calls:
		_send_byte
 This function is called by:
		_main
		_initLCD
		_lcd_shift_cursor
		_lcd_shift_display
 This function uses a non-reentrant model


 *************** function _send_byte *****************
 Defined at:
		line 55 in file "lcd.c"
 Parameters:    Size  Location     Type
  data            1    wreg     unsigned char 
 Auto vars:     Size  Location     Type
  data            1    2[COMRAM] unsigned char 
 Return value:  Size  Location     Type
                  1    wreg      void 
 Registers used:
		wreg, status,2, status,0, cstack
 Tracked objects:
		On entry : 
		On exit  : 
		Unchanged: 
 Data sizes:     COMRAM   BANK0   BANK1   BANK2   BANK3   BANK4   BANK5   BANK6   BANK7   BANK8   BANK9  BANK10  BANK11  BANK12  BANK13  BANK14  BANK15
      Params:         0       0       0       0       0       0       0       0       0       0       0       0       0       0       0       0       0
      Locals:         1       0       0       0       0       0       0       0       0       0       0       0       0       0       0       0       0
      Temps:          0       0       0       0       0       0       0       0       0       0       0       0       0       0       0       0       0
      Totals:         1       0       0       0       0       0       0       0       0       0       0       0       0       0       0       0       0
Total ram usage:        1 bytes
 Hardware stack levels used:    1
 Hardware stack levels required when called:    2
 This function calls:
		_send_nibble
 This function is called by:
		_lcdInst
		_initLCD
		_putch
 This function uses a non-reentrant model


 *************** function _send_nibble *****************
 Defined at:
		line 44 in file "lcd.c"
 Parameters:    Size  Location     Type
  data            1    wreg     unsigned char 
 Auto vars:     Size  Location     Type
  data            1    1[COMRAM] unsigned char 
 Return value:  Size  Location     Type
                  1    wreg      void 
 Registers used:
		wreg, status,2, status,0, cstack
 Tracked objects:
		On entry : 
		On exit  : 
		Unchanged: 
 Data sizes:     COMRAM   BANK0   BANK1   BANK2   BANK3   BANK4   BANK5   BANK6   BANK7   BANK8   BANK9  BANK10  BANK11  BANK12  BANK13  BANK14  BANK15
      Params:         0       0       0       0       0       0       0       0       0       0       0       0       0       0       0       0       0
      Locals:         1       0       0       0       0       0       0       0       0       0       0       0       0       0       0       0       0
      Temps:          0       0       0       0       0       0       0       0       0       0       0       0       0       0       0       0       0
      Totals:         1       0       0       0       0       0       0       0       0       0       0       0       0       0       0       0       0
Total ram usage:        1 bytes
 Hardware stack levels used:    1
 Hardware stack levels required when called:    1
 This function calls:
		_pulse_e
 This function is called by:
		_send_byte
		_initLCD
 This function uses a non-reentrant model


 *************** function _pulse_e *****************
 Defined at:
		line 28 in file "lcd.c"
 Parameters:    Size  Location     Type
		None
 Auto vars:     Size  Location     Type
  interruptSta    1    0[COMRAM] unsigned char 
 Return value:  Size  Location     Type
                  1    wreg      void 
 Registers used:
		wreg
 Tracked objects:
		On entry : 
		On exit  : 
		Unchanged: 
 Data sizes:     COMRAM   BANK0   BANK1   BANK2   BANK3   BANK4   BANK5   BANK6   BANK7   BANK8   BANK9  BANK10  BANK11  BANK12  BANK13  BANK14  BANK15
      Params:         0       0       0       0       0       0       0       0       0       0       0       0       0       0       0       0       0
      Locals:         1       0       0       0       0       0       0       0       0       0       0       0       0       0       0       0       0
      Temps:          0       0       0       0       0       0       0       0       0       0       0       0       0       0       0       0       0
      Totals:         1       0       0       0       0       0       0       0       0       0       0       0       0       0       0       0       0
Total ram usage:        1 bytes
 Hardware stack levels used:    1
 This function calls:
		Nothing
 This function is called by:
		_send_nibble
 This function uses a non-reentrant model


 *************** function _average *****************
 Defined at:
		line 35 in file "main.c"
 Parameters:    Size  Location     Type
  array           2   13[COMRAM] PTR unsigned char 
		 -> main@readBuffer(512), 
  n               2   15[COMRAM] unsigned short 
 Auto vars:     Size  Location     Type
  sum             4   18[COMRAM] unsigned long 
  idx             2   22[COMRAM] unsigned short 
 Return value:  Size  Location     Type
                  1    wreg      unsigned char 
 Registers used:
		wreg, fsr2l, fsr2h, status,2, status,0, cstack
 Tracked objects:
		On entry : 
		On exit  : 
		Unchanged: 
 Data sizes:     COMRAM   BANK0   BANK1   BANK2   BANK3   BANK4   BANK5   BANK6   BANK7   BANK8   BANK9  BANK10  BANK11  BANK12  BANK13  BANK14  BANK15
      Params:         4       0       0       0       0       0       0       0       0       0       0       0       0       0       0       0       0
      Locals:         6       0       0       0       0       0       0       0       0       0       0       0       0       0       0       0       0
      Temps:          1       0       0       0       0       0       0       0       0       0       0       0       0       0       0       0       0
      Totals:        11       0       0       0       0       0       0       0       0       0       0       0       0       0       0       0       0
Total ram usage:       11 bytes
 Hardware stack levels used:    1
 Hardware stack levels required when called:    1
 This function calls:
		___lldiv
 This function is called by:
		_main
 This function uses a non-reentrant model


 *************** function ___lldiv *****************
 Defined at:
		line 8 in file "D:\Program Files (x86)\Microchip\xc8\v1.42\sources\common\lldiv.c"
 Parameters:    Size  Location     Type
  dividend        4    0[COMRAM] unsigned long 
  divisor         4    4[COMRAM] unsigned long 
 Auto vars:     Size  Location     Type
  quotient        4    8[COMRAM] unsigned long 
  counter         1   12[COMRAM] unsigned char 
 Return value:  Size  Location     Type
                  4    0[COMRAM] unsigned long 
 Registers used:
		wreg, status,2, status,0
 Tracked objects:
		On entry : 
		On exit  : 
		Unchanged: 
 Data sizes:     COMRAM   BANK0   BANK1   BANK2   BANK3   BANK4   BANK5   BANK6   BANK7   BANK8   BANK9  BANK10  BANK11  BANK12  BANK13  BANK14  BANK15
      Params:         8       0       0       0       0       0       0       0       0       0       0       0       0       0       0       0       0
      Locals:         5       0       0       0       0       0       0       0       0       0       0       0       0       0       0       0       0
      Temps:          0       0       0       0       0       0       0       0       0       0       0       0       0       0       0       0       0
      Totals:        13       0       0       0       0       0       0       0       0       0       0       0       0       0       0       0       0
Total ram usage:       13 bytes
 Hardware stack levels used:    1
 This function calls:
		Nothing
 This function is called by:
		_average
		_main
		_printf
 This function uses a non-reentrant model


 *************** function _SD_SingleBlockWrite *****************
 Defined at:
		line 104 in file "SD_PIC.c"
 Parameters:    Size  Location     Type
  block           4   10[COMRAM] unsigned long 
  arr             2   14[COMRAM] PTR unsigned char 
		 -> writeBuffer(512), 
 Auto vars:     Size  Location     Type
  i               2   18[COMRAM] unsigned short 
  response        1   17[COMRAM] unsigned char 
 Return value:  Size  Location     Type
                  1    wreg      unsigned char 
 Registers used:
		wreg, fsr2l, fsr2h, status,2, status,0, tblptrl, tblptrh, tblptru, cstack
 Tracked objects:
		On entry : 
		On exit  : 
		Unchanged: 
 Data sizes:     COMRAM   BANK0   BANK1   BANK2   BANK3   BANK4   BANK5   BANK6   BANK7   BANK8   BANK9  BANK10  BANK11  BANK12  BANK13  BANK14  BANK15
      Params:         6       0       0       0       0       0       0       0       0       0       0       0       0       0       0       0       0
      Locals:         3       0       0       0       0       0       0       0       0       0       0       0       0       0       0       0       0
      Temps:          1       0       0       0       0       0       0       0       0       0       0       0       0       0       0       0       0
      Totals:        10       0       0       0       0       0       0       0       0       0       0       0       0       0       0       0       0
Total ram usage:       10 bytes
 Hardware stack levels used:    1
 Hardware stack levels required when called:    3
 This function calls:
		_SD_Command
		_SD_SendDummyBytes
		_spiReceive
		_spiSend
		_spiTransfer
 This function is called by:
		_main
 This function uses a non-reentrant model


 *************** function _SD_SingleBlockRead *****************
 Defined at:
		line 239 in file "SD_PIC.c"
 Parameters:    Size  Location     Type
  block           4   10[COMRAM] unsigned long 
  buf             2   14[COMRAM] PTR unsigned char 
		 -> main@readBuffer(512), 
 Auto vars:     Size  Location     Type
  i               2   17[COMRAM] unsigned short 
  response        1   19[COMRAM] unsigned char 
 Return value:  Size  Location     Type
                  1    wreg      unsigned char 
 Registers used:
		wreg, fsr2l, fsr2h, status,2, status,0, tblptrl, tblptrh, tblptru, cstack
 Tracked objects:
		On entry : 
		On exit  : 
		Unchanged: 
 Data sizes:     COMRAM   BANK0   BANK1   BANK2   BANK3   BANK4   BANK5   BANK6   BANK7   BANK8   BANK9  BANK10  BANK11  BANK12  BANK13  BANK14  BANK15
      Params:         6       0       0       0       0       0       0       0       0       0       0       0       0       0       0       0       0
      Locals:         3       0       0       0       0       0       0       0       0       0       0       0       0       0       0       0       0
      Temps:          1       0       0       0       0       0       0       0       0       0       0       0       0       0       0       0       0
      Totals:        10       0       0       0       0       0       0       0       0       0       0       0       0       0       0       0       0
Total ram usage:       10 bytes
 Hardware stack levels used:    1
 Hardware stack levels required when called:    3
 This function calls:
		_SD_Command
		_spiReceive
		_spiSend
 This function is called by:
		_main
 This function uses a non-reentrant model


 *************** function _SD_MBW_Stop *****************
 Defined at:
		line 222 in file "SD_PIC.c"
 Parameters:    Size  Location     Type
		None
 Auto vars:     Size  Location     Type
		None
 Return value:  Size  Location     Type
                  1    wreg      void 
 Registers used:
		wreg, status,2, tblptrl, tblptrh, tblptru, cstack
 Tracked objects:
		On entry : 
		On exit  : 
		Unchanged: 
 Data sizes:     COMRAM   BANK0   BANK1   BANK2   BANK3   BANK4   BANK5   BANK6   BANK7   BANK8   BANK9  BANK10  BANK11  BANK12  BANK13  BANK14  BANK15
      Params:         0       0       0       0       0       0       0       0       0       0       0       0       0       0       0       0       0
      Locals:         0       0       0       0       0       0       0       0       0       0       0       0       0       0       0       0       0
      Temps:          0       0       0       0       0       0       0       0       0       0       0       0       0       0       0       0       0
      Totals:         0       0       0       0       0       0       0       0       0       0       0       0       0       0       0       0       0
Total ram usage:        0 bytes
 Hardware stack levels used:    1
 Hardware stack levels required when called:    2
 This function calls:
		_spiReceive
		_spiSend
 This function is called by:
		_main
 This function uses a non-reentrant model


 *************** function _SD_MBW_Start *****************
 Defined at:
		line 153 in file "SD_PIC.c"
 Parameters:    Size  Location     Type
  startBlock      4   15[COMRAM] unsigned long 
  numBlocks       4   19[COMRAM] unsigned long 
 Auto vars:     Size  Location     Type
		None
 Return value:  Size  Location     Type
                  1    wreg      void 
 Registers used:
		wreg, status,2, status,0, tblptrl, tblptrh, tblptru, cstack
 Tracked objects:
		On entry : 
		On exit  : 
		Unchanged: 
 Data sizes:     COMRAM   BANK0   BANK1   BANK2   BANK3   BANK4   BANK5   BANK6   BANK7   BANK8   BANK9  BANK10  BANK11  BANK12  BANK13  BANK14  BANK15
      Params:         8       0       0       0       0       0       0       0       0       0       0       0       0       0       0       0       0
      Locals:         0       0       0       0       0       0       0       0       0       0       0       0       0       0       0       0       0
      Temps:          1       0       0       0       0       0       0       0       0       0       0       0       0       0       0       0       0
      Totals:         9       0       0       0       0       0       0       0       0       0       0       0       0       0       0       0       0
Total ram usage:        9 bytes
 Hardware stack levels used:    1
 Hardware stack levels required when called:    4
 This function calls:
		_SD_ACMD
		_SD_Command
 This function is called by:
		_main
 This function uses a non-reentrant model


 *************** function _SD_ACMD *****************
 Defined at:
		line 97 in file "SD_PIC.c"
 Parameters:    Size  Location     Type
  cmd             1    wreg     unsigned char 
  arg             4   10[COMRAM] unsigned long 
 Auto vars:     Size  Location     Type
  cmd             1   14[COMRAM] unsigned char 
 Return value:  Size  Location     Type
                  1    wreg      unsigned char 
 Registers used:
		wreg, status,2, status,0, tblptrl, tblptrh, tblptru, cstack
 Tracked objects:
		On entry : 
		On exit  : 
		Unchanged: 
 Data sizes:     COMRAM   BANK0   BANK1   BANK2   BANK3   BANK4   BANK5   BANK6   BANK7   BANK8   BANK9  BANK10  BANK11  BANK12  BANK13  BANK14  BANK15
      Params:         4       0       0       0       0       0       0       0       0       0       0       0       0       0       0       0       0
[...]
		wreg, fsr2l, fsr2h, status,2, status,0, tblptrl, tblptrh, tblptru, cstack
 Tracked objects:
		On entry : 
		On exit  : 
		Unchanged: 
 Data sizes:     COMRAM   BANK0   BANK1   BANK2   BANK3   BANK4   BANK5   BANK6   BANK7   BANK8   BANK9  BANK10  BANK11  BANK12  BANK13  BANK14  BANK15
      Params:         2       0       0       0       0       0       0       0       0       0       0       0       0       0       0       0       0
      Locals:         3       0       0       0       0       0       0       0       0       0       0       0       0       0       0       0       0
      Temps:          0       0       0       0       0       0       0       0       0       0       0       0       0       0       0       0       0
      Totals:         5       0       0       0       0       0       0       0       0       0       0       0       0       0       0       0       0
Total ram usage:        5 bytes
 Hardware stack levels used:    1
 Hardware stack levels required when called:    3
 This function calls:
		_SD_Command
		_SD_SendDummyBytes
		_spiReceive
		_spiSend
		_spiTransfer
 This function is called by:
		_main
 This function uses a non-reentrant model


 *************** function _SD_SendDummyBytes *****************
 Defined at:
		line 47 in file "SD_PIC.c"
 Parameters:    Size  Location     Type
  numBytes        1    wreg     unsigned char 
 Auto vars:     Size  Location     Type
  numBytes        1    3[COMRAM] unsigned char 
  n               1    4[COMRAM] unsigned char 
 Return value:  Size  Location     Type
                  1    wreg      void 
 Registers used:
		wreg, status,2, status,0, cstack
 Tracked objects:
		On entry : 
		On exit  : 
		Unchanged: 
 Data sizes:     COMRAM   BANK0   BANK1   BANK2   BANK3   BANK4   BANK5   BANK6   BANK7   BANK8   BANK9  BANK10  BANK11  BANK12  BANK13  BANK14  BANK15
      Params:         0       0       0       0       0       0       0       0       0       0       0       0       0       0       0       0       0
      Locals:         2       0       0       0       0       0       0       0       0       0       0       0       0       0       0       0       0
      Temps:          0       0       0       0       0       0       0       0       0       0       0       0       0       0       0       0       0
      Totals:         2       0       0       0       0       0       0       0       0       0       0       0       0       0       0       0       0
Total ram usage:        2 bytes
 Hardware stack levels used:    1
 Hardware stack levels required when called:    2
 This function calls:
		_spiSend
 This function is called by:
		_SD_SingleBlockWrite
		_SD_MBW_Send
 This function uses a non-reentrant model


 *************** function _SD_MBR_Stop *****************
 Defined at:
		line 347 in file "SD_PIC.c"
 Parameters:    Size  Location     Type
		None
 Auto vars:     Size  Location     Type
		None
 Return value:  Size  Location     Type
                  1    wreg      void 
 Registers used:
		wreg, status,2, status,0, tblptrl, tblptrh, tblptru, cstack
 Tracked objects:
		On entry : 
		On exit  : 
		Unchanged: 
 Data sizes:     COMRAM   BANK0   BANK1   BANK2   BANK3   BANK4   BANK5   BANK6   BANK7   BANK8   BANK9  BANK10  BANK11  BANK12  BANK13  BANK14  BANK15
      Params:         0       0       0       0       0       0       0       0       0       0       0       0       0       0       0       0       0
      Locals:         0       0       0       0       0       0       0       0       0       0       0       0       0       0       0       0       0
      Temps:          0       0       0       0       0       0       0       0       0       0       0       0       0       0       0       0       0
      Totals:         0       0       0       0       0       0       0       0       0       0       0       0       0       0       0       0       0
Total ram usage:        0 bytes
 Hardware stack levels used:    1
 Hardware stack levels required when called:    3
 This function calls:
		_SD_Command
 This function is called by:
		_main
 This function uses a non-reentrant model


 *************** function _SD_MBR_Start *****************
 Defined at:
		line 284 in file "SD_PIC.c"
 Parameters:    Size  Location     Type
  startBlock      4   10[COMRAM] unsigned long 
 Auto vars:     Size  Location     Type
  response        1   15[COMRAM] unsigned char 
 Return value:  Size  Location     Type
                  1    wreg      unsigned char 
 Registers used:
		wreg, status,2, status,0, tblptrl, tblptrh, tblptru, cstack
 Tracked objects:
		On entry : 
		On exit  : 
		Unchanged: 
 Data sizes:     COMRAM   BANK0   BANK1   BANK2   BANK3   BANK4   BANK5   BANK6   BANK7   BANK8   BANK9  BANK10  BANK11  BANK12  BANK13  BANK14  BANK15
      Params:         4       0       0       0       0       0       0       0       0       0       0       0       0       0       0       0       0
      Locals:         1       0       0       0       0       0       0       0       0       0       0       0       0       0       0       0       0
      Temps:          1       0       0       0       0       0       0       0       0       0       0       0       0       0       0       0       0
      Totals:         6       0       0       0       0       0       0       0       0       0       0       0       0       0       0       0       0
Total ram usage:        6 bytes
 Hardware stack levels used:    1
 Hardware stack levels required when called:    3
 This function calls:
		_SD_Command
 This function is called by:
		_main
 This function uses a non-reentrant model


 *************** function _SD_MBR_Receive *****************
 Defined at:
		line 313 in file "SD_PIC.c"
 Parameters:    Size  Location     Type
  bufReceive      2    3[COMRAM] PTR unsigned char 
		 -> main@readBuffer(512), 
 Auto vars:     Size  Location     Type
  i               2    6[COMRAM] unsigned short 
 Return value:  Size  Location     Type
                  1    wreg      void 
 Registers used:
		wreg, fsr2l, fsr2h, status,2, status,0, tblptrl, tblptrh, tblptru, cstack
 Tracked objects:
		On entry : 
		On exit  : 
		Unchanged: 
 Data sizes:     COMRAM   BANK0   BANK1   BANK2   BANK3   BANK4   BANK5   BANK6   BANK7   BANK8   BANK9  BANK10  BANK11  BANK12  BANK13  BANK14  BANK15
      Params:         2       0       0       0       0       0       0       0       0       0       0       0       0       0       0       0       0
      Locals:         2       0       0       0       0       0       0       0       0       0       0       0       0       0       0       0       0
      Temps:          1       0       0       0       0       0       0       0       0       0       0       0       0       0       0       0       0
      Totals:         5       0       0       0       0       0       0       0       0       0       0       0       0       0       0       0       0
Total ram usage:        5 bytes
 Hardware stack levels used:    1
 Hardware stack levels required when called:    2
 This function calls:
		_spiReceive
		_spiSend
 This function is called by:
		_main
 This function uses a non-reentrant model


 *************** function _SD_EraseBlocks *****************
 Defined at:
		line 353 in file "SD_PIC.c"
 Parameters:    Size  Location     Type
  firstBlock      4   10[COMRAM] unsigned long 
  lastBlock       4   14[COMRAM] unsigned long 
 Auto vars:     Size  Location     Type
		None
 Return value:  Size  Location     Type
                  1    wreg      void 
 Registers used:
		wreg, status,2, status,0, tblptrl, tblptrh, tblptru, cstack
 Tracked objects:
		On entry : 
		On exit  : 
		Unchanged: 
 Data sizes:     COMRAM   BANK0   BANK1   BANK2   BANK3   BANK4   BANK5   BANK6   BANK7   BANK8   BANK9  BANK10  BANK11  BANK12  BANK13  BANK14  BANK15
      Params:         8       0       0       0       0       0       0       0       0       0       0       0       0       0       0       0       0
      Locals:         0       0       0       0       0       0       0       0       0       0       0       0       0       0       0       0       0
      Temps:          0       0       0       0       0       0       0       0       0       0       0       0       0       0       0       0       0
      Totals:         8       0       0       0       0       0       0       0       0       0       0       0       0       0       0       0       0
Total ram usage:        8 bytes
 Hardware stack levels used:    1
 Hardware stack levels required when called:    3
 This function calls:
		_SD_Command
 This function is called by:
		_main
 This function uses a non-reentrant model


 *************** function _SD_Command *****************
 Defined at:
		line 55 in file "SD_PIC.c"
 Parameters:    Size  Location     Type
  cmd             1    wreg     unsigned char 
  arg             4    3[COMRAM] unsigned long 
 Auto vars:     Size  Location     Type
  cmd             1    8[COMRAM] unsigned char 
  response        1    9[COMRAM] unsigned char 
  n               1    7[COMRAM] unsigned char 
 Return value:  Size  Location     Type
                  1    wreg      unsigned char 
 Registers used:
		wreg, status,2, status,0, tblptrl, tblptrh, tblptru, cstack
 Tracked objects:
		On entry : 
		On exit  : 
		Unchanged: 
 Data sizes:     COMRAM   BANK0   BANK1   BANK2   BANK3   BANK4   BANK5   BANK6   BANK7   BANK8   BANK9  BANK10  BANK11  BANK12  BANK13  BANK14  BANK15
      Params:         4       0       0       0       0       0       0       0       0       0       0       0       0       0       0       0       0
      Locals:         3       0       0       0       0       0       0       0       0       0       0       0       0       0       0       0       0
      Temps:          0       0       0       0       0       0       0       0       0       0       0       0       0       0       0       0       0
      Totals:         7       0       0       0       0       0       0       0       0       0       0       0       0       0       0       0       0
Total ram usage:        7 bytes
 Hardware stack levels used:    1
 Hardware stack levels required when called:    2
 This function calls:
		_spiReceive
		_spiSend
 This function is called by:
		_SD_ACMD
		_SD_SingleBlockWrite
		_SD_MBW_Start
		_SD_MBW_Send
		_SD_SingleBlockRead
		_SD_MBR_Start
		_SD_MBR_Stop
		_SD_EraseBlocks
		_initSD
 This function uses a non-reentrant model


 *************** function _spiSend *****************
 Defined at:
		line 29 in file "SPI_PIC.c"
 Parameters:    Size  Location     Type
  val             1    wreg     unsigned char 
 Auto vars:     Size  Location     Type
  val             1    2[COMRAM] unsigned char 
 Return value:  Size  Location     Type
                  1    wreg      void 
 Registers used:
		wreg, status,2, cstack
 Tracked objects:
		On entry : 
		On exit  : 
		Unchanged: 
 Data sizes:     COMRAM   BANK0   BANK1   BANK2   BANK3   BANK4   BANK5   BANK6   BANK7   BANK8   BANK9  BANK10  BANK11  BANK12  BANK13  BANK14  BANK15
      Params:         0       0       0       0       0       0       0       0       0       0       0       0       0       0       0       0       0
      Locals:         1       0       0       0       0       0       0       0       0       0       0       0       0       0       0       0       0
      Temps:          0       0       0       0       0       0       0       0       0       0       0       0       0       0       0       0       0
      Totals:         1       0       0       0       0       0       0       0       0       0       0       0       0       0       0       0       0
Total ram usage:        1 bytes
 Hardware stack levels used:    1
 Hardware stack levels required when called:    1
 This function calls:
		_spiTransfer
 This function is called by:
		_SD_SendDummyBytes
		_SD_Command
		_SD_SingleBlockWrite
		_SD_MBW_Send
		_SD_MBW_Stop
		_SD_SingleBlockRead
		_SD_MBR_Receive
		_initSD
 This function uses a non-reentrant model


 *************** function _spiReceive *****************
 Defined at:
		line 33 in file "SPI_PIC.c"
 Parameters:    Size  Location     Type
		None
 Auto vars:     Size  Location     Type
		None
 Return value:  Size  Location     Type
                  1    wreg      unsigned char 
 Registers used:
		wreg, status,2, cstack
 Tracked objects:
		On entry : 
		On exit  : 
		Unchanged: 
 Data sizes:     COMRAM   BANK0   BANK1   BANK2   BANK3   BANK4   BANK5   BANK6   BANK7   BANK8   BANK9  BANK10  BANK11  BANK12  BANK13  BANK14  BANK15
      Params:         0       0       0       0       0       0       0       0       0       0       0       0       0       0       0       0       0
      Locals:         0       0       0       0       0       0       0       0       0       0       0       0       0       0       0       0       0
      Temps:          0       0       0       0       0       0       0       0       0       0       0       0       0       0       0       0       0
      Totals:         0       0       0       0       0       0       0       0       0       0       0       0       0       0       0       0       0
Total ram usage:        0 bytes
 Hardware stack levels used:    1
 Hardware stack levels required when called:    1
 This function calls:
		_spiTransfer
 This function is called by:
		_main
		_SD_Command
		_SD_SingleBlockWrite
		_SD_MBW_Send
		_SD_MBW_Stop
		_SD_SingleBlockRead
		_SD_MBR_Receive
		_initSD
 This function uses a non-reentrant model


 *************** function _spiTransfer *****************
 Defined at:
		line 14 in file "SPI_PIC.c"
 Parameters:    Size  Location     Type
  byteToTransf    1    wreg     unsigned char 
 Auto vars:     Size  Location     Type
  byteToTransf    1    1[COMRAM] unsigned char 
 Return value:  Size  Location     Type
                  1    wreg      unsigned char 
 Registers used:
		wreg, status,2
 Tracked objects:
		On entry : 
		On exit  : 
		Unchanged: 
 Data sizes:     COMRAM   BANK0   BANK1   BANK2   BANK3   BANK4   BANK5   BANK6   BANK7   BANK8   BANK9  BANK10  BANK11  BANK12  BANK13  BANK14  BANK15
      Params:         0       0       0       0       0       0       0       0       0       0       0       0       0       0       0       0       0
      Locals:         1       0       0       0       0       0       0       0       0       0       0       0       0       0       0       0       0
      Temps:          1       0       0       0       0       0       0       0       0       0       0       0       0       0       0       0       0
      Totals:         2       0       0       0       0       0       0       0       0       0       0       0       0       0       0       0       0
Total ram usage:        2 bytes
 Hardware stack levels used:    1
 This function calls:
		Nothing
 This function is called by:
		_SD_SingleBlockWrite
		_SD_MBW_Send
		_spiSend
		_spiReceive
 This function uses a non-reentrant model



MODULE INFORMATION

Module		Function		Class		Link	Load	Size
SD_PIC.c
		_SD_SendDummyBytes		CODE           	2D3E	0000	25
		_SD_MBR_Stop   		CODE           	2CCE	0000	41
		_SD_MBR_Start  		CODE           	2A40	0000	109
		_SD_MBR_Receive		CODE           	273E	0000	139
		_SD_SingleBlockWrite		CODE           	24F6	0000	223
		_SD_SingleBlockRead		CODE           	25D4	0000	189
		_initSD        		CODE           	10E8	0000	2063
		_SD_MBW_Send   		CODE           	2130	0000	249
		_SD_MBW_Stop   		CODE           	2C4A	0000	49
		_SD_EraseBlocks		CODE           	27C8	0000	139
		_SD_MBW_Start  		CODE           	28D4	0000	127
		_SD_Command    		CODE           	2952	0000	127
		_SD_ACMD       		CODE           	2BD8	0000	59

SD_PIC.c estimated size: 3539

D:\Program Files (x86)\Microchip\xc8\v1.42\sources\common\float.c
		___ftpack      		CODE           	2690	0000	175

D:\Program Files (x86)\Microchip\xc8\v1.42\sources\common\float.c estimated size: 175

D:\Program Files (x86)\Microchip\xc8\v1.42\sources\common\lwtoft.c
		___lwtoft      		CODE           	2CF6	0000	37

D:\Program Files (x86)\Microchip\xc8\v1.42\sources\common\lwtoft.c estimated size: 37

D:\Program Files (x86)\Microchip\xc8\v1.42\sources\common\llmod.c
		___llmod       		CODE           	2B16	0000	103

D:\Program Files (x86)\Microchip\xc8\v1.42\sources\common\llmod.c estimated size: 103

D:\Program Files (x86)\Microchip\xc8\v1.42\sources\common\doprnt.c
		_printf        		CODE           	1F30	0000	513

D:\Program Files (x86)\Microchip\xc8\v1.42\sources\common\doprnt.c estimated size: 513

D:\Program Files (x86)\Microchip\xc8\v1.42\sources\common\lltoft.c
		___lltoft      		CODE           	2B7C	0000	93

D:\Program Files (x86)\Microchip\xc8\v1.42\sources\common\lltoft.c estimated size: 93

SPI_PIC.c
		_spiTransfer   		CODE           	2D1A	0000	37
		_spiReceive    		CODE           	2DA0	0000	9
		_spiInit       		CODE           	2C12	0000	57
		_spiSend       		CODE           	2D96	0000	11

SPI_PIC.c estimated size: 114

D:\Program Files (x86)\Microchip\xc8\v1.42\sources\common\ftmul.c
		___ftmul       		CODE           	231C	0000	245

D:\Program Files (x86)\Microchip\xc8\v1.42\sources\common\ftmul.c estimated size: 245

D:\Program Files (x86)\Microchip\xc8\v1.42\sources\common\ftdiv.c
		___ftdiv       		CODE           	2410	0000	231

D:\Program Files (x86)\Microchip\xc8\v1.42\sources\common\ftdiv.c estimated size: 231

shared
		_CMD8CRC       		SMALLCONST     	1045	0000	2
		_CMD17         		SMALLCONST     	103F	0000	2
		_CMD55         		SMALLCONST     	1038	0000	2
		_R1_ILLEGAL_COMMAND		SMALLCONST     	1031	0000	2
		_ACMD22        		SMALLCONST     	1036	0000	2
		_ACMD41        		SMALLCONST     	1034	0000	2
		_START_BLOCK   		SMALLCONST     	1030	0000	2
		_CMD12         		SMALLCONST     	1042	0000	2
		_CMD8          		SMALLCONST     	1046	0000	2
		_CMD18         		SMALLCONST     	103E	0000	2
		_dpowers       		SMALLCONST     	1001	0000	41
		_CMD9          		SMALLCONST     	1044	0000	2
		_CMD0CRC       		SMALLCONST     	1048	0000	2
		_R1_READY_STATE		SMALLCONST     	1033	0000	2
		_CMD13         		SMALLCONST     	1041	0000	2
		_CMD32         		SMALLCONST     	103B	0000	2
		_CMD38         		SMALLCONST     	1039	0000	2
		_LCD_LINE1_ADDR		SMALLCONST     	102B	0000	2
		_LCD_LINE2_ADDR		SMALLCONST     	104A	0000	2
		_LCD_LINE3_ADDR		SMALLCONST     	102A	0000	2
		_LCD_LINE4_ADDR		SMALLCONST     	1029	0000	2
		_CMD0          		SMALLCONST     	1049	0000	2
		__initialization		CODE           	2C7A	0000	33
		_ACMD23        		SMALLCONST     	1035	0000	2
		_CMD33         		SMALLCONST     	103A	0000	2
		_CMD58         		SMALLCONST     	1037	0000	2
		_CMD1          		SMALLCONST     	1047	0000	2
		_CMD24         		SMALLCONST     	103D	0000	2
		_STOP_TRAN     		SMALLCONST     	102E	0000	2
		_R1_IDLE_STATE 		SMALLCONST     	1032	0000	2
		_START_BLOCK_TOKEN		SMALLCONST     	102F	0000	2
		_CMD25         		SMALLCONST     	103C	0000	2
		_LCD_SIZE_VERT 		SMALLCONST     	102C	0000	2
		_CMD10         		SMALLCONST     	1043	0000	2
		_LCD_SIZE_HORZ 		SMALLCONST     	102D	0000	2
		_CMD16         		SMALLCONST     	1040	0000	2

shared estimated size: 142

D:\Program Files (x86)\Microchip\xc8\v1.42\sources\common\lldiv.c
		___lldiv       		CODE           	2852	0000	131

D:\Program Files (x86)\Microchip\xc8\v1.42\sources\common\lldiv.c estimated size: 131

lcd.c
		_send_byte     		CODE           	2D6C	0000	19
		_putch         		CODE           	2D7E	0000	13
		_lcdInst       		CODE           	2D8A	0000	13
		_send_nibble   		CODE           	2D56	0000	23
		_pulse_e       		CODE           	2CA4	0000	43
		_initLCD       		CODE           	29D0	0000	113

lcd.c estimated size: 224

D:\Program Files (x86)\Microchip\xc8\v1.42\sources\common\fttol.c
		___fttol       		CODE           	2228	0000	245

D:\Program Files (x86)\Microchip\xc8\v1.42\sources\common\fttol.c estimated size: 245

main.c
		_main          		CODE           	18F6	0000	1595
		_average       		CODE           	2AAC	0000	107

main.c estimated size: 1702

